Archive member included to satisfy reference by file (symbol)

C:/ST/STM32CubeIDE_1.17.0/STM32CubeIDE/plugins/com.st.stm32cube.ide.mcu.externaltools.gnu-tools-for-stm32.12.3.rel1.win32_1.1.0.202410251130/tools/bin/../lib/gcc/arm-none-eabi/12.3.1/../../../../arm-none-eabi/lib/thumb/v8-m.main+dp/hard\libc_nano.a(libc_a-exit.o)
                              C:/ST/STM32CubeIDE_1.17.0/STM32CubeIDE/plugins/com.st.stm32cube.ide.mcu.externaltools.gnu-tools-for-stm32.12.3.rel1.win32_1.1.0.202410251130/tools/bin/../lib/gcc/arm-none-eabi/12.3.1/../../../../arm-none-eabi/lib/thumb/v8-m.main+dp/hard/crt0.o (exit)
C:/ST/STM32CubeIDE_1.17.0/STM32CubeIDE/plugins/com.st.stm32cube.ide.mcu.externaltools.gnu-tools-for-stm32.12.3.rel1.win32_1.1.0.202410251130/tools/bin/../lib/gcc/arm-none-eabi/12.3.1/../../../../arm-none-eabi/lib/thumb/v8-m.main+dp/hard\libc_nano.a(libc_a-findfp.o)
                              C:/ST/STM32CubeIDE_1.17.0/STM32CubeIDE/plugins/com.st.stm32cube.ide.mcu.externaltools.gnu-tools-for-stm32.12.3.rel1.win32_1.1.0.202410251130/tools/bin/../lib/gcc/arm-none-eabi/12.3.1/../../../../arm-none-eabi/lib/thumb/v8-m.main+dp/hard\libc_nano.a(libc_a-exit.o) (__stdio_exit_handler)
C:/ST/STM32CubeIDE_1.17.0/STM32CubeIDE/plugins/com.st.stm32cube.ide.mcu.externaltools.gnu-tools-for-stm32.12.3.rel1.win32_1.1.0.202410251130/tools/bin/../lib/gcc/arm-none-eabi/12.3.1/../../../../arm-none-eabi/lib/thumb/v8-m.main+dp/hard\libc_nano.a(libc_a-fwalk.o)
                              C:/ST/STM32CubeIDE_1.17.0/STM32CubeIDE/plugins/com.st.stm32cube.ide.mcu.externaltools.gnu-tools-for-stm32.12.3.rel1.win32_1.1.0.202410251130/tools/bin/../lib/gcc/arm-none-eabi/12.3.1/../../../../arm-none-eabi/lib/thumb/v8-m.main+dp/hard\libc_nano.a(libc_a-findfp.o) (_fwalk_sglue)
C:/ST/STM32CubeIDE_1.17.0/STM32CubeIDE/plugins/com.st.stm32cube.ide.mcu.externaltools.gnu-tools-for-stm32.12.3.rel1.win32_1.1.0.202410251130/tools/bin/../lib/gcc/arm-none-eabi/12.3.1/../../../../arm-none-eabi/lib/thumb/v8-m.main+dp/hard\libc_nano.a(libc_a-stdio.o)
                              C:/ST/STM32CubeIDE_1.17.0/STM32CubeIDE/plugins/com.st.stm32cube.ide.mcu.externaltools.gnu-tools-for-stm32.12.3.rel1.win32_1.1.0.202410251130/tools/bin/../lib/gcc/arm-none-eabi/12.3.1/../../../../arm-none-eabi/lib/thumb/v8-m.main+dp/hard\libc_nano.a(libc_a-findfp.o) (__sread)
C:/ST/STM32CubeIDE_1.17.0/STM32CubeIDE/plugins/com.st.stm32cube.ide.mcu.externaltools.gnu-tools-for-stm32.12.3.rel1.win32_1.1.0.202410251130/tools/bin/../lib/gcc/arm-none-eabi/12.3.1/../../../../arm-none-eabi/lib/thumb/v8-m.main+dp/hard\libc_nano.a(libc_a-memset.o)
                              C:/ST/STM32CubeIDE_1.17.0/STM32CubeIDE/plugins/com.st.stm32cube.ide.mcu.externaltools.gnu-tools-for-stm32.12.3.rel1.win32_1.1.0.202410251130/tools/bin/../lib/gcc/arm-none-eabi/12.3.1/../../../../arm-none-eabi/lib/thumb/v8-m.main+dp/hard/crt0.o (memset)
C:/ST/STM32CubeIDE_1.17.0/STM32CubeIDE/plugins/com.st.stm32cube.ide.mcu.externaltools.gnu-tools-for-stm32.12.3.rel1.win32_1.1.0.202410251130/tools/bin/../lib/gcc/arm-none-eabi/12.3.1/../../../../arm-none-eabi/lib/thumb/v8-m.main+dp/hard\libc_nano.a(libc_a-closer.o)
                              C:/ST/STM32CubeIDE_1.17.0/STM32CubeIDE/plugins/com.st.stm32cube.ide.mcu.externaltools.gnu-tools-for-stm32.12.3.rel1.win32_1.1.0.202410251130/tools/bin/../lib/gcc/arm-none-eabi/12.3.1/../../../../arm-none-eabi/lib/thumb/v8-m.main+dp/hard\libc_nano.a(libc_a-stdio.o) (_close_r)
C:/ST/STM32CubeIDE_1.17.0/STM32CubeIDE/plugins/com.st.stm32cube.ide.mcu.externaltools.gnu-tools-for-stm32.12.3.rel1.win32_1.1.0.202410251130/tools/bin/../lib/gcc/arm-none-eabi/12.3.1/../../../../arm-none-eabi/lib/thumb/v8-m.main+dp/hard\libc_nano.a(libc_a-reent.o)
                              C:/ST/STM32CubeIDE_1.17.0/STM32CubeIDE/plugins/com.st.stm32cube.ide.mcu.externaltools.gnu-tools-for-stm32.12.3.rel1.win32_1.1.0.202410251130/tools/bin/../lib/gcc/arm-none-eabi/12.3.1/../../../../arm-none-eabi/lib/thumb/v8-m.main+dp/hard\libc_nano.a(libc_a-closer.o) (errno)
C:/ST/STM32CubeIDE_1.17.0/STM32CubeIDE/plugins/com.st.stm32cube.ide.mcu.externaltools.gnu-tools-for-stm32.12.3.rel1.win32_1.1.0.202410251130/tools/bin/../lib/gcc/arm-none-eabi/12.3.1/../../../../arm-none-eabi/lib/thumb/v8-m.main+dp/hard\libc_nano.a(libc_a-impure.o)
                              C:/ST/STM32CubeIDE_1.17.0/STM32CubeIDE/plugins/com.st.stm32cube.ide.mcu.externaltools.gnu-tools-for-stm32.12.3.rel1.win32_1.1.0.202410251130/tools/bin/../lib/gcc/arm-none-eabi/12.3.1/../../../../arm-none-eabi/lib/thumb/v8-m.main+dp/hard\libc_nano.a(libc_a-reent.o) (_impure_ptr)
C:/ST/STM32CubeIDE_1.17.0/STM32CubeIDE/plugins/com.st.stm32cube.ide.mcu.externaltools.gnu-tools-for-stm32.12.3.rel1.win32_1.1.0.202410251130/tools/bin/../lib/gcc/arm-none-eabi/12.3.1/../../../../arm-none-eabi/lib/thumb/v8-m.main+dp/hard\libc_nano.a(libc_a-lseekr.o)
[...]
Memory Configuration

Name             Origin             Length             Attributes
ROM              0x34180400         0x0003fc00         xrw
RAM              0x341c0000         0x00040000         xrw
*default*        0x00000000         0xffffffff

Linker script and memory map

LOAD C:/ST/STM32CubeIDE_1.17.0/STM32CubeIDE/plugins/com.st.stm32cube.ide.mcu.externaltools.gnu-tools-for-stm32.12.3.rel1.win32_1.1.0.202410251130/tools/bin/../lib/gcc/arm-none-eabi/12.3.1/thumb/v8-m.main+dp/hard/crti.o
LOAD C:/ST/STM32CubeIDE_1.17.0/STM32CubeIDE/plugins/com.st.stm32cube.ide.mcu.externaltools.gnu-tools-for-stm32.12.3.rel1.win32_1.1.0.202410251130/tools/bin/../lib/gcc/arm-none-eabi/12.3.1/thumb/v8-m.main+dp/hard/crtbegin.o
LOAD C:/ST/STM32CubeIDE_1.17.0/STM32CubeIDE/plugins/com.st.stm32cube.ide.mcu.externaltools.gnu-tools-for-stm32.12.3.rel1.win32_1.1.0.202410251130/tools/bin/../lib/gcc/arm-none-eabi/12.3.1/../../../../arm-none-eabi/lib/thumb/v8-m.main+dp/hard/crt0.o
LOAD ./Core/Src/extmem_manager.o
LOAD ./Core/Src/main.o
LOAD ./Core/Src/stm32n6xx_hal_msp.o
LOAD ./Core/Src/stm32n6xx_it.o
LOAD ./Core/Src/syscalls.o
LOAD ./Core/Src/sysmem.o
LOAD ./Core/Src/system_stm32n6xx_fsbl.o
LOAD ./Core/Startup/startup_stm32n657x0hxq_fsbl.o
LOAD ./Drivers/STM32N6xx_HAL_Driver/stm32n6xx_hal.o
LOAD ./Drivers/STM32N6xx_HAL_Driver/stm32n6xx_hal_cortex.o
LOAD ./Drivers/STM32N6xx_HAL_Driver/stm32n6xx_hal_dma.o
LOAD ./Drivers/STM32N6xx_HAL_Driver/stm32n6xx_hal_dma_ex.o
LOAD ./Drivers/STM32N6xx_HAL_Driver/stm32n6xx_hal_exti.o
LOAD ./Drivers/STM32N6xx_HAL_Driver/stm32n6xx_hal_gpio.o
LOAD ./Drivers/STM32N6xx_HAL_Driver/stm32n6xx_hal_pwr.o
LOAD ./Drivers/STM32N6xx_HAL_Driver/stm32n6xx_hal_pwr_ex.o
LOAD ./Drivers/STM32N6xx_HAL_Driver/stm32n6xx_hal_rcc.o
LOAD ./Drivers/STM32N6xx_HAL_Driver/stm32n6xx_hal_rcc_ex.o
LOAD ./Drivers/STM32N6xx_HAL_Driver/stm32n6xx_hal_xspi.o
LOAD ./Middlewares/ST/STM32_ExtMem_Manager/stm32_boot_lrun.o
LOAD ./Middlewares/ST/STM32_ExtMem_Manager/stm32_extmem.o
LOAD ./Middlewares/ST/STM32_ExtMem_Manager/stm32_psram_driver.o
LOAD ./Middlewares/ST/STM32_ExtMem_Manager/stm32_sal_sd.o
LOAD ./Middlewares/ST/STM32_ExtMem_Manager/stm32_sal_xspi.o
LOAD ./Middlewares/ST/STM32_ExtMem_Manager/stm32_sdcard_driver.o
LOAD ./Middlewares/ST/STM32_ExtMem_Manager/stm32_sfdp_data.o
LOAD ./Middlewares/ST/STM32_ExtMem_Manager/stm32_sfdp_driver.o
LOAD ./Middlewares/ST/STM32_ExtMem_Manager/stm32_user_driver.o
START GROUP
LOAD C:/ST/STM32CubeIDE_1.17.0/STM32CubeIDE/plugins/com.st.stm32cube.ide.mcu.externaltools.gnu-tools-for-stm32.12.3.rel1.win32_1.1.0.202410251130/tools/bin/../lib/gcc/arm-none-eabi/12.3.1/../../../../arm-none-eabi/lib/thumb/v8-m.main+dp/hard\libc_nano.a
LOAD C:/ST/STM32CubeIDE_1.17.0/STM32CubeIDE/plugins/com.st.stm32cube.ide.mcu.externaltools.gnu-tools-for-stm32.12.3.rel1.win32_1.1.0.202410251130/tools/bin/../lib/gcc/arm-none-eabi/12.3.1/../../../../arm-none-eabi/lib/thumb/v8-m.main+dp/hard\libm.a
END GROUP
START GROUP
LOAD C:/ST/STM32CubeIDE_1.17.0/STM32CubeIDE/plugins/com.st.stm32cube.ide.mcu.externaltools.gnu-tools-for-stm32.12.3.rel1.win32_1.1.0.202410251130/tools/bin/../lib/gcc/arm-none-eabi/12.3.1/thumb/v8-m.main+dp/hard\libgcc.a
LOAD C:/ST/STM32CubeIDE_1.17.0/STM32CubeIDE/plugins/com.st.stm32cube.ide.mcu.externaltools.gnu-tools-for-stm32.12.3.rel1.win32_1.1.0.202410251130/tools/bin/../lib/gcc/arm-none-eabi/12.3.1/../../../../arm-none-eabi/lib/thumb/v8-m.main+dp/hard\libc_nano.a
END GROUP
START GROUP
LOAD C:/ST/STM32CubeIDE_1.17.0/STM32CubeIDE/plugins/com.st.stm32cube.ide.mcu.externaltools.gnu-tools-for-stm32.12.3.rel1.win32_1.1.0.202410251130/tools/bin/../lib/gcc/arm-none-eabi/12.3.1/thumb/v8-m.main+dp/hard\libgcc.a
LOAD C:/ST/STM32CubeIDE_1.17.0/STM32CubeIDE/plugins/com.st.stm32cube.ide.mcu.externaltools.gnu-tools-for-stm32.12.3.rel1.win32_1.1.0.202410251130/tools/bin/../lib/gcc/arm-none-eabi/12.3.1/../../../../arm-none-eabi/lib/thumb/v8-m.main+dp/hard\libc_nano.a
LOAD C:/ST/STM32CubeIDE_1.17.0/STM32CubeIDE/plugins/com.st.stm32cube.ide.mcu.externaltools.gnu-tools-for-stm32.12.3.rel1.win32_1.1.0.202410251130/tools/bin/../lib/gcc/arm-none-eabi/12.3.1/../../../../arm-none-eabi/lib/thumb/v8-m.main+dp/hard\libnosys.a
END GROUP
START GROUP
LOAD C:/ST/STM32CubeIDE_1.17.0/STM32CubeIDE/plugins/com.st.stm32cube.ide.mcu.externaltools.gnu-tools-for-stm32.12.3.rel1.win32_1.1.0.202410251130/tools/bin/../lib/gcc/arm-none-eabi/12.3.1/thumb/v8-m.main+dp/hard\libgcc.a
LOAD C:/ST/STM32CubeIDE_1.17.0/STM32CubeIDE/plugins/com.st.stm32cube.ide.mcu.externaltools.gnu-tools-for-stm32.12.3.rel1.win32_1.1.0.202410251130/tools/bin/../lib/gcc/arm-none-eabi/12.3.1/../../../../arm-none-eabi/lib/thumb/v8-m.main+dp/hard\libc_nano.a
LOAD C:/ST/STM32CubeIDE_1.17.0/STM32CubeIDE/plugins/com.st.stm32cube.ide.mcu.externaltools.gnu-tools-for-stm32.12.3.rel1.win32_1.1.0.202410251130/tools/bin/../lib/gcc/arm-none-eabi/12.3.1/../../../../arm-none-eabi/lib/thumb/v8-m.main+dp/hard\libnosys.a
END GROUP
LOAD C:/ST/STM32CubeIDE_1.17.0/STM32CubeIDE/plugins/com.st.stm32cube.ide.mcu.externaltools.gnu-tools-for-stm32.12.3.rel1.win32_1.1.0.202410251130/tools/bin/../lib/gcc/arm-none-eabi/12.3.1/thumb/v8-m.main+dp/hard/crtend.o
LOAD C:/ST/STM32CubeIDE_1.17.0/STM32CubeIDE/plugins/com.st.stm32cube.ide.mcu.externaltools.gnu-tools-for-stm32.12.3.rel1.win32_1.1.0.202410251130/tools/bin/../lib/gcc/arm-none-eabi/12.3.1/thumb/v8-m.main+dp/hard/crtn.o
                0x34200000                        _estack = (ORIGIN (RAM) + LENGTH (RAM))
                0x341ff800                        _sstack = (_estack - _Min_Stack_Size)
                0x00000200                        _Min_Heap_Size = 0x200
                0x00000800                        _Min_Stack_Size = 0x800

.isr_vector     0x34180400      0x34c
                0x34180400                        . = ALIGN (0x4)
 *(.isr_vector)
 .isr_vector    0x34180400      0x34c ./Core/Startup/startup_stm32n657x0hxq_fsbl.o
                0x34180400                g_pfnVectors
                0x3418074c                        . = ALIGN (0x4)

.text           0x3418074c     0xe638
                0x3418074c                        . = ALIGN (0x4)
 *(.text)
 .text          0x3418074c       0x40 C:/ST/STM32CubeIDE_1.17.0/STM32CubeIDE/plugins/com.st.stm32cube.ide.mcu.externaltools.gnu-tools-for-stm32.12.3.rel1.win32_1.1.0.202410251130/tools/bin/../lib/gcc/arm-none-eabi/12.3.1/thumb/v8-m.main+dp/hard/crtbegin.o
 *(.text*)
 .text.MX_EXTMEM_MANAGER_Init
                0x3418078c       0x44 ./Core/Src/extmem_manager.o
                0x3418078c                MX_EXTMEM_MANAGER_Init
 .text.LL_AHB4_GRP1_EnableClock
                0x341807d0       0x2c ./Core/Src/main.o
 .text.main     0x341807fc       0x2c ./Core/Src/main.o
                0x341807fc                main
 .text.SystemClock_Config
                0x34180828      0x124 ./Core/Src/main.o
                0x34180828                SystemClock_Config
 .text.MX_XSPI2_Init
                0x3418094c       0xb8 ./Core/Src/main.o
 .text.MX_GPIO_Init
                0x34180a04       0x10 ./Core/Src/main.o
 .text.Error_Handler
                0x34180a14        0xc ./Core/Src/main.o
                0x34180a14                Error_Handler
 .text.LL_AHB4_GRP1_EnableClock
                0x34180a20       0x2c ./Core/Src/stm32n6xx_hal_msp.o
 .text.LL_AHB5_GRP1_EnableClock
                0x34180a4c       0x2c ./Core/Src/stm32n6xx_hal_msp.o
 .text.HAL_MspInit
                0x34180a78       0x10 ./Core/Src/stm32n6xx_hal_msp.o
                0x34180a78                HAL_MspInit
 .text.HAL_XSPI_MspInit
                0x34180a88       0xf0 ./Core/Src/stm32n6xx_hal_msp.o
                0x34180a88                HAL_XSPI_MspInit
 .text.NMI_Handler
                0x34180b78        0x8 ./Core/Src/stm32n6xx_it.o
                0x34180b78                NMI_Handler
 .text.HardFault_Handler
                0x34180b80        0x8 ./Core/Src/stm32n6xx_it.o
                0x34180b80                HardFault_Handler
 .text.MemManage_Handler
                0x34180b88        0x8 ./Core/Src/stm32n6xx_it.o
                0x34180b88                MemManage_Handler
 .text.BusFault_Handler
                0x34180b90        0x8 ./Core/Src/stm32n6xx_it.o
                0x34180b90                BusFault_Handler
 .text.UsageFault_Handler
                0x34180b98        0x8 ./Core/Src/stm32n6xx_it.o
                0x34180b98                UsageFault_Handler
 .text.SecureFault_Handler
                0x34180ba0        0x8 ./Core/Src/stm32n6xx_it.o
                0x34180ba0                SecureFault_Handler
 .text.SVC_Handler
                0x34180ba8        0xe ./Core/Src/stm32n6xx_it.o
                0x34180ba8                SVC_Handler
 .text.DebugMon_Handler
                0x34180bb6        0xe ./Core/Src/stm32n6xx_it.o
                0x34180bb6                DebugMon_Handler
 .text.PendSV_Handler
                0x34180bc4        0xe ./Core/Src/stm32n6xx_it.o
                0x34180bc4                PendSV_Handler
 .text.SysTick_Handler
                0x34180bd2        0xc ./Core/Src/stm32n6xx_it.o
                0x34180bd2                SysTick_Handler
 *fill*         0x34180bde        0x2 
 .text.SystemInit
                0x34180be0      0x1cc ./Core/Src/system_stm32n6xx_fsbl.o
                0x34180be0                SystemInit
 .text.SystemCoreClockUpdate
                0x34180dac      0x350 ./Core/Src/system_stm32n6xx_fsbl.o
                0x34180dac                SystemCoreClockUpdate
 .text.SECURE_SystemCoreClockUpdate
                0x341810fc       0x2c ./Core/Src/system_stm32n6xx_fsbl.o
                0x341810fc                __acle_se_SECURE_SystemCoreClockUpdate
 .text.Reset_Handler
                0x34181128       0x5c ./Core/Startup/startup_stm32n657x0hxq_fsbl.o
                0x34181128                Reset_Handler
 .text.Default_Handler
                0x34181184        0x2 ./Core/Startup/startup_stm32n657x0hxq_fsbl.o
                0x34181184                HPDMA1_Channel13_IRQHandler
                0x34181184                EXTI2_IRQHandler
                0x34181184                MCE2_IRQHandler
                0x34181184                TIM8_CC_IRQHandler
                0x34181184                USB2_OTG_HS_IRQHandler
                0x34181184                SAI1_A_IRQHandler
                0x34181184                EXTI5_IRQHandler
                0x34181184                I3C1_ER_IRQHandler
                0x34181184                UART8_IRQHandler
                0x34181184                CTI_INT0_IRQHandler
                0x34181184                SPI4_IRQHandler
                0x34181184                LTDC_LO_IRQHandler
                0x34181184                NPU2_IRQHandler
                0x34181184                FDCAN3_IT0_IRQHandler
                0x34181184                EXTI13_IRQHandler
                0x34181184                TIM1_CC_IRQHandler
                0x34181184                XSPI1_IRQHandler
                0x34181184                TIM10_IRQHandler
                0x34181184                JPEG_IRQHandler
                0x34181184                TAMP_IRQHandler
                0x34181184                CACHE_ECC_IRQHandler
                0x34181184                TIM6_IRQHandler
                0x34181184                CSI_IRQHandler
                0x34181184                EXTI12_IRQHandler
                0x34181184                GFXTIM_IRQHandler
                0x34181184                EXTI3_IRQHandler
                0x34181184                LPTIM4_IRQHandler
                0x34181184                GPDMA1_Channel5_IRQHandler
                0x34181184                EXTI8_IRQHandler
                0x34181184                LPTIM2_IRQHandler
                0x34181184                GFXMMU_IRQHandler
                0x34181184                LTDC_LO_ERR_IRQHandler
                0x34181184                I2C3_ER_IRQHandler
                0x34181184                RIFSC_TAMPER_IRQHandler
                0x34181184                USART10_IRQHandler
                0x34181184                MDF1_FLT2_IRQHandler
                0x34181184                LPTIM3_IRQHandler
                0x34181184                SAI2_A_IRQHandler
                0x34181184                EXTI0_IRQHandler
                0x34181184                HPDMA1_Channel9_IRQHandler
                0x34181184                I2C2_EV_IRQHandler
                0x34181184                GPU2D_IRQHandler
                0x34181184                FPU_IRQHandler
                0x34181184                GPDMA1_Channel3_IRQHandler
                0x34181184                GPDMA1_Channel7_IRQHandler
                0x34181184                MDF1_FLT4_IRQHandler
                0x34181184                FDCAN1_IT1_IRQHandler
                0x34181184                HPDMA1_Channel3_IRQHandler
                0x34181184                ADC1_2_IRQHandler
                0x34181184                GPDMA1_Channel9_IRQHandler
                0x34181184                SPI1_IRQHandler
                0x34181184                CACHEAXI_IRQHandler
                0x34181184                SAI1_B_IRQHandler
                0x34181184                GPDMA1_Channel2_IRQHandler
                0x34181184                PAHB_ERR_IRQHandler
                0x34181184                TIM8_UP_IRQHandler
                0x34181184                RCC_S_IRQHandler
                0x34181184                MDF1_FLT1_IRQHandler
                0x34181184                LTDC_UP_IRQHandler
                0x34181184                LOCKUP_IRQHandler
                0x34181184                PKA_IRQHandler
                0x34181184                USART6_IRQHandler
                0x34181184                HPDMA1_Channel2_IRQHandler
                0x34181184                MDF1_FLT5_IRQHandler
                0x34181184                MCE4_IRQHandler
                0x34181184                I3C2_ER_IRQHandler
                0x34181184                EXTI15_IRQHandler
                0x34181184                TIM17_IRQHandler
                0x34181184                USART3_IRQHandler
                0x34181184                HPDMA1_Channel6_IRQHandler
                0x34181184                CRYP_IRQHandler
                0x34181184                RTC_IRQHandler
                0x34181184                XSPI2_IRQHandler
                0x34181184                EXTI9_IRQHandler
                0x34181184                IAC_IRQHandler
                0x34181184                HPDMA1_Channel0_IRQHandler
                0x34181184                LPTIM5_IRQHandler
                0x34181184                HPDMA1_Channel1_IRQHandler
                0x34181184                UART5_IRQHandler
                0x34181184                TIM4_IRQHandler
                0x34181184                NPU3_IRQHandler
                0x34181184                I3C2_EV_IRQHandler
                0x34181184                I2C1_EV_IRQHandler
                0x34181184                FDCAN_CU_IRQHandler
                0x34181184                GPDMA1_Channel12_IRQHandler
                0x34181184                HPDMA1_Channel7_IRQHandler
                0x34181184                GPDMA1_Channel1_IRQHandler
                0x34181184                TIM16_IRQHandler
                0x34181184                GPDMA1_Channel15_IRQHandler
                0x34181184                UART4_IRQHandler
                0x34181184                TCM_ECC_IRQHandler
                0x34181184                TIM3_IRQHandler
                0x34181184                RCC_IRQHandler
                0x34181184                UART9_IRQHandler
                0x34181184                NPU1_IRQHandler
                0x34181184                SAI2_B_IRQHandler
                0x34181184                Default_Handler
                0x34181184                GPDMA1_Channel8_IRQHandler
                0x34181184                HPDMA1_Channel8_IRQHandler
                0x34181184                TIM18_IRQHandler
                0x34181184                TIM14_IRQHandler
                0x34181184                TIM13_IRQHandler
                0x34181184                CTI_INT1_IRQHandler
                0x34181184                GPDMA1_Channel11_IRQHandler
                0x34181184                GPU2D_ER_IRQHandler
                0x34181184                SPI5_IRQHandler
                0x34181184                TIM12_IRQHandler
                0x34181184                TIM7_IRQHandler
                0x34181184                FDCAN3_IT1_IRQHandler
                0x34181184                HPDMA1_Channel10_IRQHandler
                0x34181184                SDMMC1_IRQHandler
                0x34181184                SAES_IRQHandler
                0x34181184                TIM5_IRQHandler
                0x34181184                UCPD1_IRQHandler
                0x34181184                GPDMA1_Channel0_IRQHandler
                0x34181184                I3C1_EV_IRQHandler
                0x34181184                HPDMA1_Channel5_IRQHandler
                0x34181184                TIM15_IRQHandler
                0x34181184                I2C3_EV_IRQHandler
                0x34181184                HPDMA1_Channel4_IRQHandler
                0x34181184                HPDMA1_Channel15_IRQHandler
                0x34181184                TIM9_IRQHandler
                0x34181184                ETH1_IRQHandler
                0x34181184                USB1_OTG_HS_IRQHandler
                0x34181184                PVD_PVM_IRQHandler
                0x34181184                SPI2_IRQHandler
                0x34181184                TIM1_TRG_CCU_IRQHandler
                0x34181184                HPDMA1_Channel11_IRQHandler
                0x34181184                EXTI14_IRQHandler
                0x34181184                EXTI11_IRQHandler
                0x34181184                VENC_IRQHandler
                0x34181184                GPDMA1_Channel14_IRQHandler
                0x34181184                EXTI4_IRQHandler
                0x34181184                RTC_S_IRQHandler
                0x34181184                GPDMA1_Channel13_IRQHandler
                0x34181184                RNG_IRQHandler
                0x34181184                XSPI3_IRQHandler
                0x34181184                FDCAN2_IT1_IRQHandler
                0x34181184                TIM1_UP_IRQHandler
                0x34181184                NPU0_IRQHandler
                0x34181184                BCK_ECC_IRQHandler
                0x34181184                WWDG_IRQHandler
                0x34181184                SPI6_IRQHandler
                0x34181184                MDIOS_IRQHandler
                0x34181184                I2C4_EV_IRQHandler
                0x34181184                FDCAN2_IT0_IRQHandler
                0x34181184                HPDMA1_Channel14_IRQHandler
                0x34181184                LPUART1_IRQHandler
                0x34181184                FDCAN1_IT0_IRQHandler
                0x34181184                MDF1_FLT0_IRQHandler
                0x34181184                TIM2_IRQHandler
                0x34181184                MCE3_IRQHandler
                0x34181184                GPDMA1_Channel4_IRQHandler
                0x34181184                EXTI7_IRQHandler
                0x34181184                DMA2D_IRQHandler
                0x34181184                TIM1_BRK_IRQHandler
                0x34181184                EXTI1_IRQHandler
                0x34181184                SDMMC2_IRQHandler
                0x34181184                TIM11_IRQHandler
                0x34181184                LTDC_UP_ERR_IRQHandler
                0x34181184                UART7_IRQHandler
                0x34181184                DTS_IRQHandler
                0x34181184                MDF1_FLT3_IRQHandler
                0x34181184                USART2_IRQHandler
                0x34181184                GPDMA1_Channel6_IRQHandler
                0x34181184                ADF1_FLT0_IRQHandler
                0x34181184                I2C2_ER_IRQHandler
                0x34181184                MCE1_IRQHandler
                0x34181184                SPDIFRX_IRQHandler
                0x34181184                TIM8_BRK_IRQHandler
                0x34181184                HPDMA1_Channel12_IRQHandler
                0x34181184                USART1_IRQHandler
                0x34181184                EXTI10_IRQHandler
                0x34181184                SPI3_IRQHandler
                0x34181184                WAKEUP_PIN_IRQHandler
                0x34181184                DCMIPP_IRQHandler
                0x34181184                I2C1_ER_IRQHandler
                0x34181184                FMC_IRQHandler
                0x34181184                EXTI6_IRQHandler
                0x34181184                LPTIM1_IRQHandler
                0x34181184                DCMI_PSSI_IRQHandler
                0x34181184                TIM8_TRG_CCU_IRQHandler
                0x34181184                I2C4_ER_IRQHandler
                0x34181184                GPDMA1_Channel10_IRQHandler
                0x34181184                ICACHE_IRQHandler
                0x34181184                HASH_IRQHandler
 .text.HAL_Init
                0x34181186       0x28 ./Drivers/STM32N6xx_HAL_Driver/stm32n6xx_hal.o
                0x34181186                HAL_Init
 *fill*         0x341811ae        0x2 
 .text.HAL_InitTick
                0x341811b0       0x6c ./Drivers/STM32N6xx_HAL_Driver/stm32n6xx_hal.o
                0x341811b0                HAL_InitTick
 .text.HAL_IncTick
                0x3418121c       0x28 ./Drivers/STM32N6xx_HAL_Driver/stm32n6xx_hal.o
                0x3418121c                HAL_IncTick
 .text.HAL_GetTick
                0x34181244       0x18 ./Drivers/STM32N6xx_HAL_Driver/stm32n6xx_hal.o
                0x34181244                HAL_GetTick
 .text.HAL_Delay
                0x3418125c       0x48 ./Drivers/STM32N6xx_HAL_Driver/stm32n6xx_hal.o
                0x3418125c                HAL_Delay
 .text.HAL_SuspendTick
                0x341812a4       0x20 ./Drivers/STM32N6xx_HAL_Driver/stm32n6xx_hal.o
                0x341812a4                HAL_SuspendTick
 .text.__NVIC_SetPriorityGrouping
                0x341812c4       0x48 ./Drivers/STM32N6xx_HAL_Driver/stm32n6xx_hal_cortex.o
 .text.__NVIC_GetPriorityGrouping
                0x3418130c       0x1c ./Drivers/STM32N6xx_HAL_Driver/stm32n6xx_hal_cortex.o
 .text.__NVIC_SetPriority
                0x34181328       0x54 ./Drivers/STM32N6xx_HAL_Driver/stm32n6xx_hal_cortex.o
 .text.NVIC_EncodePriority
                0x3418137c       0x66 ./Drivers/STM32N6xx_HAL_Driver/stm32n6xx_hal_cortex.o
 *fill*         0x341813e2        0x2 
 .text.SysTick_Config
                0x341813e4       0x44 ./Drivers/STM32N6xx_HAL_Driver/stm32n6xx_hal_cortex.o
 .text.HAL_NVIC_SetPriorityGrouping
                0x34181428       0x16 ./Drivers/STM32N6xx_HAL_Driver/stm32n6xx_hal_cortex.o
                0x34181428                HAL_NVIC_SetPriorityGrouping
 .text.HAL_NVIC_SetPriority
                0x3418143e       0x3a ./Drivers/STM32N6xx_HAL_Driver/stm32n6xx_hal_cortex.o
                0x3418143e                HAL_NVIC_SetPriority
 .text.HAL_SYSTICK_Config
                0x34181478       0x18 ./Drivers/STM32N6xx_HAL_Driver/stm32n6xx_hal_cortex.o
                0x34181478                HAL_SYSTICK_Config
 .text.HAL_DMA_Abort
                0x34181490       0xf8 ./Drivers/STM32N6xx_HAL_Driver/stm32n6xx_hal_dma.o
                0x34181490                HAL_DMA_Abort
 .text.HAL_GPIO_Init
                0x34181588      0x364 ./Drivers/STM32N6xx_HAL_Driver/stm32n6xx_hal_gpio.o
                0x34181588                HAL_GPIO_Init
 .text.HAL_PWREx_ConfigSupply
                0x341818ec       0x50 ./Drivers/STM32N6xx_HAL_Driver/stm32n6xx_hal_pwr_ex.o
                0x341818ec                HAL_PWREx_ConfigSupply
 .text.HAL_PWREx_EnableVddIO2
                0x3418193c       0x20 ./Drivers/STM32N6xx_HAL_Driver/stm32n6xx_hal_pwr_ex.o
                0x3418193c                HAL_PWREx_EnableVddIO2
 .text.HAL_PWREx_EnableVddIO3
                0x3418195c       0x20 ./Drivers/STM32N6xx_HAL_Driver/stm32n6xx_hal_pwr_ex.o
                0x3418195c                HAL_PWREx_EnableVddIO3
 .text.LL_RCC_HSE_IsReady
                0x3418197c       0x24 ./Drivers/STM32N6xx_HAL_Driver/stm32n6xx_hal_rcc.o
 .text.LL_RCC_HSI_Enable
                0x341819a0       0x1c ./Drivers/STM32N6xx_HAL_Driver/stm32n6xx_hal_rcc.o
 .text.LL_RCC_HSI_Disable
                0x341819bc       0x20 ./Drivers/STM32N6xx_HAL_Driver/stm32n6xx_hal_rcc.o
 .text.LL_RCC_HSI_IsReady
                0x341819dc       0x24 ./Drivers/STM32N6xx_HAL_Driver/stm32n6xx_hal_rcc.o
 .text.LL_RCC_HSI_SetDivider
                0x34181a00       0x28 ./Drivers/STM32N6xx_HAL_Driver/stm32n6xx_hal_rcc.o
 .text.LL_RCC_HSI_GetDivider
                0x34181a28       0x1c ./Drivers/STM32N6xx_HAL_Driver/stm32n6xx_hal_rcc.o
 .text.LL_RCC_HSI_SetCalibTrimming
                0x34181a44       0x2c ./Drivers/STM32N6xx_HAL_Driver/stm32n6xx_hal_rcc.o
 .text.LL_RCC_MSI_Enable
                0x34181a70       0x1c ./Drivers/STM32N6xx_HAL_Driver/stm32n6xx_hal_rcc.o
 .text.LL_RCC_MSI_Disable
                0x34181a8c       0x20 ./Drivers/STM32N6xx_HAL_Driver/stm32n6xx_hal_rcc.o
 .text.LL_RCC_MSI_IsReady
                0x34181aac       0x24 ./Drivers/STM32N6xx_HAL_Driver/stm32n6xx_hal_rcc.o
 .text.LL_RCC_MSI_SetFrequency
                0x34181ad0       0x28 ./Drivers/STM32N6xx_HAL_Driver/stm32n6xx_hal_rcc.o
 .text.LL_RCC_MSI_GetFrequency
                0x34181af8       0x1c ./Drivers/STM32N6xx_HAL_Driver/stm32n6xx_hal_rcc.o
 .text.LL_RCC_MSI_SetCalibTrimming
                0x34181b14       0x2c ./Drivers/STM32N6xx_HAL_Driver/stm32n6xx_hal_rcc.o
 .text.LL_RCC_LSE_IsReady
                0x34181b40       0x24 ./Drivers/STM32N6xx_HAL_Driver/stm32n6xx_hal_rcc.o
 .text.LL_RCC_LSI_Enable
                0x34181b64       0x1c ./Drivers/STM32N6xx_HAL_Driver/stm32n6xx_hal_rcc.o
 .text.LL_RCC_LSI_Disable
                0x34181b80       0x20 ./Drivers/STM32N6xx_HAL_Driver/stm32n6xx_hal_rcc.o
 .text.LL_RCC_LSI_IsReady
                0x34181ba0       0x1c ./Drivers/STM32N6xx_HAL_Driver/stm32n6xx_hal_rcc.o
 .text.LL_RCC_GetCpuClkSource
                0x34181bbc       0x1c ./Drivers/STM32N6xx_HAL_Driver/stm32n6xx_hal_rcc.o
 .text.LL_RCC_GetSysClkSource
                0x34181bd8       0x1c ./Drivers/STM32N6xx_HAL_Driver/stm32n6xx_hal_rcc.o
 .text.LL_RCC_PLL1_GetSource
                0x34181bf4       0x1c ./Drivers/STM32N6xx_HAL_Driver/stm32n6xx_hal_rcc.o
 .text.LL_RCC_PLL1_IsReady
                0x34181c10       0x28 ./Drivers/STM32N6xx_HAL_Driver/stm32n6xx_hal_rcc.o
 .text.LL_RCC_PLL1_IsEnabledBypass
                0x34181c38       0x28 ./Drivers/STM32N6xx_HAL_Driver/stm32n6xx_hal_rcc.o
 .text.LL_RCC_PLL2_GetSource
                0x34181c60       0x1c ./Drivers/STM32N6xx_HAL_Driver/stm32n6xx_hal_rcc.o
 .text.LL_RCC_PLL2_IsReady
                0x34181c7c       0x28 ./Drivers/STM32N6xx_HAL_Driver/stm32n6xx_hal_rcc.o
 .text.LL_RCC_PLL2_IsEnabledBypass
                0x34181ca4       0x28 ./Drivers/STM32N6xx_HAL_Driver/stm32n6xx_hal_rcc.o
 .text.LL_RCC_PLL3_GetSource
                0x34181ccc       0x1c ./Drivers/STM32N6xx_HAL_Driver/stm32n6xx_hal_rcc.o
 .text.LL_RCC_PLL3_IsReady
                0x34181ce8       0x28 ./Drivers/STM32N6xx_HAL_Driver/stm32n6xx_hal_rcc.o
 .text.LL_RCC_PLL3_IsEnabledBypass
                0x34181d10       0x28 ./Drivers/STM32N6xx_HAL_Driver/stm32n6xx_hal_rcc.o
 .text.LL_RCC_PLL4_GetSource
                0x34181d38       0x1c ./Drivers/STM32N6xx_HAL_Driver/stm32n6xx_hal_rcc.o
 .text.LL_RCC_PLL4_IsReady
                0x34181d54       0x28 ./Drivers/STM32N6xx_HAL_Driver/stm32n6xx_hal_rcc.o
 .text.LL_RCC_PLL4_IsEnabledBypass
                0x34181d7c       0x28 ./Drivers/STM32N6xx_HAL_Driver/stm32n6xx_hal_rcc.o
 .text.LL_RCC_IC1_Enable
                0x34181da4       0x1c ./Drivers/STM32N6xx_HAL_Driver/stm32n6xx_hal_rcc.o
 .text.LL_RCC_IC1_GetSource
                0x34181dc0       0x1c ./Drivers/STM32N6xx_HAL_Driver/stm32n6xx_hal_rcc.o
 .text.LL_RCC_IC1_GetDivider
                0x34181ddc       0x20 ./Drivers/STM32N6xx_HAL_Driver/stm32n6xx_hal_rcc.o
 .text.LL_RCC_IC2_GetSource
                0x34181dfc       0x1c ./Drivers/STM32N6xx_HAL_Driver/stm32n6xx_hal_rcc.o
 .text.LL_RCC_IC2_GetDivider
                0x34181e18       0x20 ./Drivers/STM32N6xx_HAL_Driver/stm32n6xx_hal_rcc.o
 .text.LL_RCC_IC6_GetSource
                0x34181e38       0x1c ./Drivers/STM32N6xx_HAL_Driver/stm32n6xx_hal_rcc.o
 .text.LL_RCC_IC11_GetSource
                0x34181e54       0x1c ./Drivers/STM32N6xx_HAL_Driver/stm32n6xx_hal_rcc.o
 .text.HAL_RCC_OscConfig
                0x34181e70      0x7c0 ./Drivers/STM32N6xx_HAL_Driver/stm32n6xx_hal_rcc.o
                0x34181e70                HAL_RCC_OscConfig
 .text.HAL_RCC_ClockConfig
                0x34182630      0x408 ./Drivers/STM32N6xx_HAL_Driver/stm32n6xx_hal_rcc.o
                0x34182630                HAL_RCC_ClockConfig
 .text.HAL_RCC_GetCpuClockFreq
                0x34182a38       0xfc ./Drivers/STM32N6xx_HAL_Driver/stm32n6xx_hal_rcc.o
                0x34182a38                HAL_RCC_GetCpuClockFreq
 .text.HAL_RCC_GetSysClockFreq
                0x34182b34       0xfc ./Drivers/STM32N6xx_HAL_Driver/stm32n6xx_hal_rcc.o
                0x34182b34                HAL_RCC_GetSysClockFreq
 .text.HAL_RCC_GetClockConfig
                0x34182c30       0xec ./Drivers/STM32N6xx_HAL_Driver/stm32n6xx_hal_rcc.o
                0x34182c30                HAL_RCC_GetClockConfig
 .text.RCC_PLL_Config
                0x34182d1c      0x260 ./Drivers/STM32N6xx_HAL_Driver/stm32n6xx_hal_rcc.o
 .text.RCC_PLL_Enable
                0x34182f7c       0x58 ./Drivers/STM32N6xx_HAL_Driver/stm32n6xx_hal_rcc.o
 .text.RCC_PLL_IsNewConfig
                0x34182fd4       0xf4 ./Drivers/STM32N6xx_HAL_Driver/stm32n6xx_hal_rcc.o
 .text.RCC_PLL_Source_IsReady
                0x341830c8       0x74 ./Drivers/STM32N6xx_HAL_Driver/stm32n6xx_hal_rcc.o
 .text.RCC_IC_CheckPLLSources
                0x3418313c      0x170 ./Drivers/STM32N6xx_HAL_Driver/stm32n6xx_hal_rcc.o
 .text.LL_RCC_HSE_SelectHSEAsDiv2Clock
                0x341832ac       0x20 ./Drivers/STM32N6xx_HAL_Driver/stm32n6xx_hal_rcc_ex.o
 .text.LL_RCC_HSE_SelectHSEDiv2AsDiv2Clock
                0x341832cc       0x20 ./Drivers/STM32N6xx_HAL_Driver/stm32n6xx_hal_rcc_ex.o
 .text.LL_RCC_HSE_IsSelectedHSEDiv2AsDiv2Clock
                0x341832ec       0x24 ./Drivers/STM32N6xx_HAL_Driver/stm32n6xx_hal_rcc_ex.o
 .text.LL_RCC_HSE_IsReady
                0x34183310       0x24 ./Drivers/STM32N6xx_HAL_Driver/stm32n6xx_hal_rcc_ex.o
 .text.LL_RCC_HSI_IsReady
                0x34183334       0x24 ./Drivers/STM32N6xx_HAL_Driver/stm32n6xx_hal_rcc_ex.o
 .text.LL_RCC_HSI_GetDivider
                0x34183358       0x1c ./Drivers/STM32N6xx_HAL_Driver/stm32n6xx_hal_rcc_ex.o
 .text.LL_RCC_MSI_IsReady
                0x34183374       0x24 ./Drivers/STM32N6xx_HAL_Driver/stm32n6xx_hal_rcc_ex.o
 .text.LL_RCC_MSI_GetFrequency
                0x34183398       0x1c ./Drivers/STM32N6xx_HAL_Driver/stm32n6xx_hal_rcc_ex.o
 .text.LL_RCC_LSE_IsReady
                0x341833b4       0x24 ./Drivers/STM32N6xx_HAL_Driver/stm32n6xx_hal_rcc_ex.o
 .text.LL_RCC_LSI_IsReady
                0x341833d8       0x1c ./Drivers/STM32N6xx_HAL_Driver/stm32n6xx_hal_rcc_ex.o
 .text.LL_RCC_GetAHBPrescaler
                0x341833f4       0x1c ./Drivers/STM32N6xx_HAL_Driver/stm32n6xx_hal_rcc_ex.o
 .text.LL_RCC_GetAPB1Prescaler
                0x34183410       0x1c ./Drivers/STM32N6xx_HAL_Driver/stm32n6xx_hal_rcc_ex.o
 .text.LL_RCC_GetAPB2Prescaler
                0x3418342c       0x1c ./Drivers/STM32N6xx_HAL_Driver/stm32n6xx_hal_rcc_ex.o
 .text.LL_RCC_GetAPB4Prescaler
                0x34183448       0x1c ./Drivers/STM32N6xx_HAL_Driver/stm32n6xx_hal_rcc_ex.o
 .text.LL_RCC_GetAPB5Prescaler
                0x34183464       0x1c ./Drivers/STM32N6xx_HAL_Driver/stm32n6xx_hal_rcc_ex.o
 .text.LL_RCC_SetClockSource
                0x34183480       0x54 ./Drivers/STM32N6xx_HAL_Driver/stm32n6xx_hal_rcc_ex.o
 .text.LL_RCC_GetADCPrescaler
                0x341834d4       0x1c ./Drivers/STM32N6xx_HAL_Driver/stm32n6xx_hal_rcc_ex.o
 .text.LL_RCC_SetADFClockSource
                0x341834f0       0x2c ./Drivers/STM32N6xx_HAL_Driver/stm32n6xx_hal_rcc_ex.o
 .text.LL_RCC_SetCLKPClockSource
                0x3418351c       0x2c ./Drivers/STM32N6xx_HAL_Driver/stm32n6xx_hal_rcc_ex.o
 .text.LL_RCC_SetDCMIPPClockSource
                0x34183548       0x2c ./Drivers/STM32N6xx_HAL_Driver/stm32n6xx_hal_rcc_ex.o
 .text.LL_RCC_SetETHClockSource
                0x34183574       0x2c ./Drivers/STM32N6xx_HAL_Driver/stm32n6xx_hal_rcc_ex.o
 .text.LL_RCC_SetETHPHYInterface
                0x341835a0       0x2c ./Drivers/STM32N6xx_HAL_Driver/stm32n6xx_hal_rcc_ex.o
 .text.LL_RCC_GetETH1PTPDivider
                0x341835cc       0x1c ./Drivers/STM32N6xx_HAL_Driver/stm32n6xx_hal_rcc_ex.o
 .text.LL_RCC_SetETHREFRXClockSource
                0x341835e8       0x2c ./Drivers/STM32N6xx_HAL_Driver/stm32n6xx_hal_rcc_ex.o
 .text.LL_RCC_SetETHREFTXClockSource
                0x34183614       0x2c ./Drivers/STM32N6xx_HAL_Driver/stm32n6xx_hal_rcc_ex.o
 .text.LL_RCC_SetFDCANClockSource
                0x34183640       0x2c ./Drivers/STM32N6xx_HAL_Driver/stm32n6xx_hal_rcc_ex.o
 .text.LL_RCC_SetFMCClockSource
                0x3418366c       0x2c ./Drivers/STM32N6xx_HAL_Driver/stm32n6xx_hal_rcc_ex.o
 .text.LL_RCC_SetI2CClockSource
                0x34183698       0x16 ./Drivers/STM32N6xx_HAL_Driver/stm32n6xx_hal_rcc_ex.o
 .text.LL_RCC_SetI3CClockSource
                0x341836ae       0x16 ./Drivers/STM32N6xx_HAL_Driver/stm32n6xx_hal_rcc_ex.o
 .text.LL_RCC_SetLPTIMClockSource
                0x341836c4       0x16 ./Drivers/STM32N6xx_HAL_Driver/stm32n6xx_hal_rcc_ex.o
 *fill*         0x341836da        0x2 
 .text.LL_RCC_SetLPUARTClockSource
                0x341836dc       0x2c ./Drivers/STM32N6xx_HAL_Driver/stm32n6xx_hal_rcc_ex.o
 .text.LL_RCC_SetLTDCClockSource
                0x34183708       0x2c ./Drivers/STM32N6xx_HAL_Driver/stm32n6xx_hal_rcc_ex.o
 .text.LL_RCC_SetMDFClockSource
                0x34183734       0x2c ./Drivers/STM32N6xx_HAL_Driver/stm32n6xx_hal_rcc_ex.o
 .text.LL_RCC_SetOTGPHYClockSource
                0x34183760       0x16 ./Drivers/STM32N6xx_HAL_Driver/stm32n6xx_hal_rcc_ex.o
 .text.LL_RCC_SetOTGPHYCKREFClockSource
                0x34183776       0x16 ./Drivers/STM32N6xx_HAL_Driver/stm32n6xx_hal_rcc_ex.o
 .text.LL_RCC_SetPSSIClockSource
                0x3418378c       0x2c ./Drivers/STM32N6xx_HAL_Driver/stm32n6xx_hal_rcc_ex.o
 .text.LL_RCC_SetSAIClockSource
                0x341837b8       0x16 ./Drivers/STM32N6xx_HAL_Driver/stm32n6xx_hal_rcc_ex.o
 .text.LL_RCC_SetSDMMCClockSource
                0x341837ce       0x16 ./Drivers/STM32N6xx_HAL_Driver/stm32n6xx_hal_rcc_ex.o
 .text.LL_RCC_SetSPDIFRXClockSource
                0x341837e4       0x2c ./Drivers/STM32N6xx_HAL_Driver/stm32n6xx_hal_rcc_ex.o
 .text.LL_RCC_SetSPIClockSource
                0x34183810       0x16 ./Drivers/STM32N6xx_HAL_Driver/stm32n6xx_hal_rcc_ex.o
 .text.LL_RCC_SetUSARTClockSource
                0x34183826       0x16 ./Drivers/STM32N6xx_HAL_Driver/stm32n6xx_hal_rcc_ex.o
 .text.LL_RCC_SetXSPIClockSource
                0x3418383c       0x16 ./Drivers/STM32N6xx_HAL_Driver/stm32n6xx_hal_rcc_ex.o
 *fill*         0x34183852        0x2 
 .text.LL_RCC_GetClockSource
                0x34183854       0x4c ./Drivers/STM32N6xx_HAL_Driver/stm32n6xx_hal_rcc_ex.o
 .text.LL_RCC_GetADCClockSource
                0x341838a0       0x24 ./Drivers/STM32N6xx_HAL_Driver/stm32n6xx_hal_rcc_ex.o
 .text.LL_RCC_GetADFClockSource
                0x341838c4       0x24 ./Drivers/STM32N6xx_HAL_Driver/stm32n6xx_hal_rcc_ex.o
 .text.LL_RCC_GetCLKPClockSource
                0x341838e8       0x24 ./Drivers/STM32N6xx_HAL_Driver/stm32n6xx_hal_rcc_ex.o
 .text.LL_RCC_GetDCMIPPClockSource
                0x3418390c       0x24 ./Drivers/STM32N6xx_HAL_Driver/stm32n6xx_hal_rcc_ex.o
 .text.LL_RCC_GetETHClockSource
                0x34183930       0x24 ./Drivers/STM32N6xx_HAL_Driver/stm32n6xx_hal_rcc_ex.o
 .text.LL_RCC_GetETHPTPClockSource
                0x34183954       0x24 ./Drivers/STM32N6xx_HAL_Driver/stm32n6xx_hal_rcc_ex.o
 .text.LL_RCC_GetFDCANClockSource
                0x34183978       0x24 ./Drivers/STM32N6xx_HAL_Driver/stm32n6xx_hal_rcc_ex.o
 .text.LL_RCC_GetFMCClockSource
                0x3418399c       0x24 ./Drivers/STM32N6xx_HAL_Driver/stm32n6xx_hal_rcc_ex.o
 .text.LL_RCC_GetI2CClockSource
                0x341839c0       0x18 ./Drivers/STM32N6xx_HAL_Driver/stm32n6xx_hal_rcc_ex.o
 .text.LL_RCC_GetI3CClockSource
                0x341839d8       0x18 ./Drivers/STM32N6xx_HAL_Driver/stm32n6xx_hal_rcc_ex.o
 .text.LL_RCC_GetLPTIMClockSource
                0x341839f0       0x18 ./Drivers/STM32N6xx_HAL_Driver/stm32n6xx_hal_rcc_ex.o
 .text.LL_RCC_GetLPUARTClockSource
                0x34183a08       0x24 ./Drivers/STM32N6xx_HAL_Driver/stm32n6xx_hal_rcc_ex.o
 .text.LL_RCC_GetLTDCClockSource
                0x34183a2c       0x24 ./Drivers/STM32N6xx_HAL_Driver/stm32n6xx_hal_rcc_ex.o
 .text.LL_RCC_GetMDFClockSource
                0x34183a50       0x24 ./Drivers/STM32N6xx_HAL_Driver/stm32n6xx_hal_rcc_ex.o
 .text.LL_RCC_GetPSSIClockSource
                0x34183a74       0x24 ./Drivers/STM32N6xx_HAL_Driver/stm32n6xx_hal_rcc_ex.o
 .text.LL_RCC_GetSAIClockSource
                0x34183a98       0x18 ./Drivers/STM32N6xx_HAL_Driver/stm32n6xx_hal_rcc_ex.o
 .text.LL_RCC_GetSDMMCClockSource
                0x34183ab0       0x18 ./Drivers/STM32N6xx_HAL_Driver/stm32n6xx_hal_rcc_ex.o
 .text.LL_RCC_GetSPDIFRXClockSource
                0x34183ac8       0x24 ./Drivers/STM32N6xx_HAL_Driver/stm32n6xx_hal_rcc_ex.o
 .text.LL_RCC_GetSPIClockSource
                0x34183aec       0x18 ./Drivers/STM32N6xx_HAL_Driver/stm32n6xx_hal_rcc_ex.o
 .text.LL_RCC_GetUSARTClockSource
                0x34183b04       0x18 ./Drivers/STM32N6xx_HAL_Driver/stm32n6xx_hal_rcc_ex.o
 .text.LL_RCC_GetUARTClockSource
                0x34183b1c       0x18 ./Drivers/STM32N6xx_HAL_Driver/stm32n6xx_hal_rcc_ex.o
 .text.LL_RCC_GetUSBClockSource
                0x34183b34       0x18 ./Drivers/STM32N6xx_HAL_Driver/stm32n6xx_hal_rcc_ex.o
 .text.LL_RCC_GetXSPIClockSource
                0x34183b4c       0x18 ./Drivers/STM32N6xx_HAL_Driver/stm32n6xx_hal_rcc_ex.o
 .text.LL_RCC_SetRTCClockSource
                0x34183b64       0x2c ./Drivers/STM32N6xx_HAL_Driver/stm32n6xx_hal_rcc_ex.o
 .text.LL_RCC_GetRTCClockSource
                0x34183b90       0x1c ./Drivers/STM32N6xx_HAL_Driver/stm32n6xx_hal_rcc_ex.o
 .text.LL_RCC_SetRTC_HSEPrescaler
                0x34183bac       0x2c ./Drivers/STM32N6xx_HAL_Driver/stm32n6xx_hal_rcc_ex.o
 .text.LL_RCC_SetTIMPrescaler
                0x34183bd8       0x2c ./Drivers/STM32N6xx_HAL_Driver/stm32n6xx_hal_rcc_ex.o
 .text.LL_RCC_GetTIMPrescaler
                0x34183c04       0x1c ./Drivers/STM32N6xx_HAL_Driver/stm32n6xx_hal_rcc_ex.o
 .text.LL_RCC_PLL1_GetSource
                0x34183c20       0x1c ./Drivers/STM32N6xx_HAL_Driver/stm32n6xx_hal_rcc_ex.o
 .text.LL_RCC_PLL1_IsReady
                0x34183c3c       0x28 ./Drivers/STM32N6xx_HAL_Driver/stm32n6xx_hal_rcc_ex.o
 .text.LL_RCC_PLL1_IsEnabledBypass
                0x34183c64       0x28 ./Drivers/STM32N6xx_HAL_Driver/stm32n6xx_hal_rcc_ex.o
 .text.LL_RCC_PLL1_GetN
                0x34183c8c       0x20 ./Drivers/STM32N6xx_HAL_Driver/stm32n6xx_hal_rcc_ex.o
 .text.LL_RCC_PLL1_GetM
                0x34183cac       0x20 ./Drivers/STM32N6xx_HAL_Driver/stm32n6xx_hal_rcc_ex.o
 .text.LL_RCC_PLL1_GetP1
                0x34183ccc       0x20 ./Drivers/STM32N6xx_HAL_Driver/stm32n6xx_hal_rcc_ex.o
 .text.LL_RCC_PLL1_GetP2
                0x34183cec       0x20 ./Drivers/STM32N6xx_HAL_Driver/stm32n6xx_hal_rcc_ex.o
 .text.LL_RCC_PLL1P_IsEnabled
                0x34183d0c       0x28 ./Drivers/STM32N6xx_HAL_Driver/stm32n6xx_hal_rcc_ex.o
 .text.LL_RCC_PLL1_GetFRACN
                0x34183d34       0x1c ./Drivers/STM32N6xx_HAL_Driver/stm32n6xx_hal_rcc_ex.o
 .text.LL_RCC_PLL2_GetSource
                0x34183d50       0x1c ./Drivers/STM32N6xx_HAL_Driver/stm32n6xx_hal_rcc_ex.o
 .text.LL_RCC_PLL2_IsReady
                0x34183d6c       0x28 ./Drivers/STM32N6xx_HAL_Driver/stm32n6xx_hal_rcc_ex.o
 .text.LL_RCC_PLL2_IsEnabledBypass
                0x34183d94       0x28 ./Drivers/STM32N6xx_HAL_Driver/stm32n6xx_hal_rcc_ex.o
 .text.LL_RCC_PLL2_GetN
                0x34183dbc       0x20 ./Drivers/STM32N6xx_HAL_Driver/stm32n6xx_hal_rcc_ex.o
 .text.LL_RCC_PLL2_GetM
                0x34183ddc       0x20 ./Drivers/STM32N6xx_HAL_Driver/stm32n6xx_hal_rcc_ex.o
 .text.LL_RCC_PLL2_GetP1
                0x34183dfc       0x20 ./Drivers/STM32N6xx_HAL_Driver/stm32n6xx_hal_rcc_ex.o
 .text.LL_RCC_PLL2_GetP2
                0x34183e1c       0x20 ./Drivers/STM32N6xx_HAL_Driver/stm32n6xx_hal_rcc_ex.o
 .text.LL_RCC_PLL2P_IsEnabled
                0x34183e3c       0x28 ./Drivers/STM32N6xx_HAL_Driver/stm32n6xx_hal_rcc_ex.o
 .text.LL_RCC_PLL2_GetFRACN
                0x34183e64       0x1c ./Drivers/STM32N6xx_HAL_Driver/stm32n6xx_hal_rcc_ex.o
 .text.LL_RCC_PLL3_GetSource
                0x34183e80       0x1c ./Drivers/STM32N6xx_HAL_Driver/stm32n6xx_hal_rcc_ex.o
 .text.LL_RCC_PLL3_IsReady
                0x34183e9c       0x28 ./Drivers/STM32N6xx_HAL_Driver/stm32n6xx_hal_rcc_ex.o
 .text.LL_RCC_PLL3_IsEnabledBypass
                0x34183ec4       0x28 ./Drivers/STM32N6xx_HAL_Driver/stm32n6xx_hal_rcc_ex.o
 .text.LL_RCC_PLL3_GetN
                0x34183eec       0x20 ./Drivers/STM32N6xx_HAL_Driver/stm32n6xx_hal_rcc_ex.o
 .text.LL_RCC_PLL3_GetM
                0x34183f0c       0x20 ./Drivers/STM32N6xx_HAL_Driver/stm32n6xx_hal_rcc_ex.o
 .text.LL_RCC_PLL3_GetP1
                0x34183f2c       0x20 ./Drivers/STM32N6xx_HAL_Driver/stm32n6xx_hal_rcc_ex.o
 .text.LL_RCC_PLL3_GetP2
                0x34183f4c       0x20 ./Drivers/STM32N6xx_HAL_Driver/stm32n6xx_hal_rcc_ex.o
 .text.LL_RCC_PLL3P_IsEnabled
                0x34183f6c       0x28 ./Drivers/STM32N6xx_HAL_Driver/stm32n6xx_hal_rcc_ex.o
 .text.LL_RCC_PLL3_GetFRACN
                0x34183f94       0x1c ./Drivers/STM32N6xx_HAL_Driver/stm32n6xx_hal_rcc_ex.o
 .text.LL_RCC_PLL4_GetSource
                0x34183fb0       0x1c ./Drivers/STM32N6xx_HAL_Driver/stm32n6xx_hal_rcc_ex.o
 .text.LL_RCC_PLL4_IsReady
                0x34183fcc       0x28 ./Drivers/STM32N6xx_HAL_Driver/stm32n6xx_hal_rcc_ex.o
 .text.LL_RCC_PLL4_IsEnabledBypass
                0x34183ff4       0x28 ./Drivers/STM32N6xx_HAL_Driver/stm32n6xx_hal_rcc_ex.o
 .text.LL_RCC_PLL4_GetN
                0x3418401c       0x20 ./Drivers/STM32N6xx_HAL_Driver/stm32n6xx_hal_rcc_ex.o
 .text.LL_RCC_PLL4_GetM
                0x3418403c       0x20 ./Drivers/STM32N6xx_HAL_Driver/stm32n6xx_hal_rcc_ex.o
 .text.LL_RCC_PLL4_GetP1
                0x3418405c       0x20 ./Drivers/STM32N6xx_HAL_Driver/stm32n6xx_hal_rcc_ex.o
 .text.LL_RCC_PLL4_GetP2
                0x3418407c       0x20 ./Drivers/STM32N6xx_HAL_Driver/stm32n6xx_hal_rcc_ex.o
 .text.LL_RCC_PLL4P_IsEnabled
                0x3418409c       0x28 ./Drivers/STM32N6xx_HAL_Driver/stm32n6xx_hal_rcc_ex.o
 .text.LL_RCC_PLL4_GetFRACN
                0x341840c4       0x1c ./Drivers/STM32N6xx_HAL_Driver/stm32n6xx_hal_rcc_ex.o
 .text.LL_RCC_IC3_Enable
                0x341840e0       0x1c ./Drivers/STM32N6xx_HAL_Driver/stm32n6xx_hal_rcc_ex.o
 .text.LL_RCC_IC3_IsEnabled
                0x341840fc       0x28 ./Drivers/STM32N6xx_HAL_Driver/stm32n6xx_hal_rcc_ex.o
 .text.LL_RCC_IC3_GetSource
                0x34184124       0x1c ./Drivers/STM32N6xx_HAL_Driver/stm32n6xx_hal_rcc_ex.o
 .text.LL_RCC_IC3_GetDivider
                0x34184140       0x20 ./Drivers/STM32N6xx_HAL_Driver/stm32n6xx_hal_rcc_ex.o
 .text.LL_RCC_IC4_Enable
                0x34184160       0x1c ./Drivers/STM32N6xx_HAL_Driver/stm32n6xx_hal_rcc_ex.o
 .text.LL_RCC_IC4_IsEnabled
                0x3418417c       0x28 ./Drivers/STM32N6xx_HAL_Driver/stm32n6xx_hal_rcc_ex.o
 .text.LL_RCC_IC4_GetSource
                0x341841a4       0x1c ./Drivers/STM32N6xx_HAL_Driver/stm32n6xx_hal_rcc_ex.o
 .text.LL_RCC_IC4_GetDivider
                0x341841c0       0x20 ./Drivers/STM32N6xx_HAL_Driver/stm32n6xx_hal_rcc_ex.o
 .text.LL_RCC_IC5_Enable
                0x341841e0       0x1c ./Drivers/STM32N6xx_HAL_Driver/stm32n6xx_hal_rcc_ex.o
 .text.LL_RCC_IC5_IsEnabled
                0x341841fc       0x28 ./Drivers/STM32N6xx_HAL_Driver/stm32n6xx_hal_rcc_ex.o
 .text.LL_RCC_IC5_GetSource
                0x34184224       0x1c ./Drivers/STM32N6xx_HAL_Driver/stm32n6xx_hal_rcc_ex.o
 .text.LL_RCC_IC5_GetDivider
                0x34184240       0x20 ./Drivers/STM32N6xx_HAL_Driver/stm32n6xx_hal_rcc_ex.o
 .text.LL_RCC_IC7_Enable
                0x34184260       0x1c ./Drivers/STM32N6xx_HAL_Driver/stm32n6xx_hal_rcc_ex.o
 .text.LL_RCC_IC7_IsEnabled
                0x3418427c       0x28 ./Drivers/STM32N6xx_HAL_Driver/stm32n6xx_hal_rcc_ex.o
 .text.LL_RCC_IC7_GetSource
                0x341842a4       0x1c ./Drivers/STM32N6xx_HAL_Driver/stm32n6xx_hal_rcc_ex.o
 .text.LL_RCC_IC7_GetDivider
                0x341842c0       0x20 ./Drivers/STM32N6xx_HAL_Driver/stm32n6xx_hal_rcc_ex.o
 .text.LL_RCC_IC8_Enable
                0x341842e0       0x1c ./Drivers/STM32N6xx_HAL_Driver/stm32n6xx_hal_rcc_ex.o
 .text.LL_RCC_IC8_IsEnabled
                0x341842fc       0x28 ./Drivers/STM32N6xx_HAL_Driver/stm32n6xx_hal_rcc_ex.o
 .text.LL_RCC_IC8_GetSource
                0x34184324       0x1c ./Drivers/STM32N6xx_HAL_Driver/stm32n6xx_hal_rcc_ex.o
 .text.LL_RCC_IC8_GetDivider
                0x34184340       0x20 ./Drivers/STM32N6xx_HAL_Driver/stm32n6xx_hal_rcc_ex.o
 .text.LL_RCC_IC9_Enable
                0x34184360       0x1c ./Drivers/STM32N6xx_HAL_Driver/stm32n6xx_hal_rcc_ex.o
 .text.LL_RCC_IC9_IsEnabled
                0x3418437c       0x28 ./Drivers/STM32N6xx_HAL_Driver/stm32n6xx_hal_rcc_ex.o
 .text.LL_RCC_IC9_GetSource
                0x341843a4       0x1c ./Drivers/STM32N6xx_HAL_Driver/stm32n6xx_hal_rcc_ex.o
 .text.LL_RCC_IC9_GetDivider
                0x341843c0       0x20 ./Drivers/STM32N6xx_HAL_Driver/stm32n6xx_hal_rcc_ex.o
 .text.LL_RCC_IC10_Enable
                0x341843e0       0x1c ./Drivers/STM32N6xx_HAL_Driver/stm32n6xx_hal_rcc_ex.o
 .text.LL_RCC_IC10_IsEnabled
                0x341843fc       0x28 ./Drivers/STM32N6xx_HAL_Driver/stm32n6xx_hal_rcc_ex.o
 .text.LL_RCC_IC10_GetSource
                0x34184424       0x1c ./Drivers/STM32N6xx_HAL_Driver/stm32n6xx_hal_rcc_ex.o
 .text.LL_RCC_IC10_GetDivider
                0x34184440       0x20 ./Drivers/STM32N6xx_HAL_Driver/stm32n6xx_hal_rcc_ex.o
 .text.LL_RCC_IC12_Enable
                0x34184460       0x1c ./Drivers/STM32N6xx_HAL_Driver/stm32n6xx_hal_rcc_ex.o
 .text.LL_RCC_IC12_IsEnabled
                0x3418447c       0x28 ./Drivers/STM32N6xx_HAL_Driver/stm32n6xx_hal_rcc_ex.o
 .text.LL_RCC_IC12_GetSource
                0x341844a4       0x1c ./Drivers/STM32N6xx_HAL_Driver/stm32n6xx_hal_rcc_ex.o
 .text.LL_RCC_IC12_GetDivider
                0x341844c0       0x20 ./Drivers/STM32N6xx_HAL_Driver/stm32n6xx_hal_rcc_ex.o
 .text.LL_RCC_IC13_Enable
                0x341844e0       0x1c ./Drivers/STM32N6xx_HAL_Driver/stm32n6xx_hal_rcc_ex.o
 .text.LL_RCC_IC13_IsEnabled
                0x341844fc       0x28 ./Drivers/STM32N6xx_HAL_Driver/stm32n6xx_hal_rcc_ex.o
 .text.LL_RCC_IC13_GetSource
                0x34184524       0x1c ./Drivers/STM32N6xx_HAL_Driver/stm32n6xx_hal_rcc_ex.o
 .text.LL_RCC_IC13_GetDivider
                0x34184540       0x20 ./Drivers/STM32N6xx_HAL_Driver/stm32n6xx_hal_rcc_ex.o
 .text.LL_RCC_IC14_Enable
                0x34184560       0x1c ./Drivers/STM32N6xx_HAL_Driver/stm32n6xx_hal_rcc_ex.o
 .text.LL_RCC_IC14_IsEnabled
                0x3418457c       0x28 ./Drivers/STM32N6xx_HAL_Driver/stm32n6xx_hal_rcc_ex.o
 .text.LL_RCC_IC14_GetSource
                0x341845a4       0x1c ./Drivers/STM32N6xx_HAL_Driver/stm32n6xx_hal_rcc_ex.o
 .text.LL_RCC_IC14_GetDivider
                0x341845c0       0x20 ./Drivers/STM32N6xx_HAL_Driver/stm32n6xx_hal_rcc_ex.o
 .text.LL_RCC_IC15_Enable
                0x341845e0       0x1c ./Drivers/STM32N6xx_HAL_Driver/stm32n6xx_hal_rcc_ex.o
 .text.LL_RCC_IC15_IsEnabled
                0x341845fc       0x28 ./Drivers/STM32N6xx_HAL_Driver/stm32n6xx_hal_rcc_ex.o
 .text.LL_RCC_IC15_GetSource
                0x34184624       0x1c ./Drivers/STM32N6xx_HAL_Driver/stm32n6xx_hal_rcc_ex.o
 .text.LL_RCC_IC15_GetDivider
                0x34184640       0x20 ./Drivers/STM32N6xx_HAL_Driver/stm32n6xx_hal_rcc_ex.o
 .text.LL_RCC_IC16_Enable
                0x34184660       0x1c ./Drivers/STM32N6xx_HAL_Driver/stm32n6xx_hal_rcc_ex.o
 .text.LL_RCC_IC16_IsEnabled
                0x3418467c       0x28 ./Drivers/STM32N6xx_HAL_Driver/stm32n6xx_hal_rcc_ex.o
 .text.LL_RCC_IC16_GetSource
                0x341846a4       0x1c ./Drivers/STM32N6xx_HAL_Driver/stm32n6xx_hal_rcc_ex.o
 .text.LL_RCC_IC16_GetDivider
                0x341846c0       0x20 ./Drivers/STM32N6xx_HAL_Driver/stm32n6xx_hal_rcc_ex.o
 .text.LL_RCC_IC17_Enable
                0x341846e0       0x1c ./Drivers/STM32N6xx_HAL_Driver/stm32n6xx_hal_rcc_ex.o
 .text.LL_RCC_IC17_IsEnabled
                0x341846fc       0x28 ./Drivers/STM32N6xx_HAL_Driver/stm32n6xx_hal_rcc_ex.o
 .text.LL_RCC_IC17_GetSource
                0x34184724       0x1c ./Drivers/STM32N6xx_HAL_Driver/stm32n6xx_hal_rcc_ex.o
 .text.LL_RCC_IC17_GetDivider
                0x34184740       0x20 ./Drivers/STM32N6xx_HAL_Driver/stm32n6xx_hal_rcc_ex.o
 .text.LL_RCC_IC18_Enable
                0x34184760       0x1c ./Drivers/STM32N6xx_HAL_Driver/stm32n6xx_hal_rcc_ex.o
 .text.LL_RCC_IC18_IsEnabled
                0x3418477c       0x28 ./Drivers/STM32N6xx_HAL_Driver/stm32n6xx_hal_rcc_ex.o
 .text.LL_RCC_IC18_GetSource
                0x341847a4       0x1c ./Drivers/STM32N6xx_HAL_Driver/stm32n6xx_hal_rcc_ex.o
 .text.LL_RCC_IC18_GetDivider
                0x341847c0       0x20 ./Drivers/STM32N6xx_HAL_Driver/stm32n6xx_hal_rcc_ex.o
 .text.LL_RCC_IC19_Enable
                0x341847e0       0x1c ./Drivers/STM32N6xx_HAL_Driver/stm32n6xx_hal_rcc_ex.o
 .text.LL_RCC_IC19_IsEnabled
                0x341847fc       0x28 ./Drivers/STM32N6xx_HAL_Driver/stm32n6xx_hal_rcc_ex.o
 .text.LL_RCC_IC19_GetSource
                0x34184824       0x1c ./Drivers/STM32N6xx_HAL_Driver/stm32n6xx_hal_rcc_ex.o
 .text.LL_RCC_IC19_GetDivider
                0x34184840       0x20 ./Drivers/STM32N6xx_HAL_Driver/stm32n6xx_hal_rcc_ex.o
 .text.LL_RCC_IC20_Enable
                0x34184860       0x1c ./Drivers/STM32N6xx_HAL_Driver/stm32n6xx_hal_rcc_ex.o
 .text.LL_RCC_IC20_IsEnabled
                0x3418487c       0x28 ./Drivers/STM32N6xx_HAL_Driver/stm32n6xx_hal_rcc_ex.o
 .text.LL_RCC_IC20_GetSource
                0x341848a4       0x1c ./Drivers/STM32N6xx_HAL_Driver/stm32n6xx_hal_rcc_ex.o
 .text.LL_RCC_IC20_GetDivider
                0x341848c0       0x20 ./Drivers/STM32N6xx_HAL_Driver/stm32n6xx_hal_rcc_ex.o
 .text.LL_RCC_CLKP_Enable
                0x341848e0       0x1c ./Drivers/STM32N6xx_HAL_Driver/stm32n6xx_hal_rcc_ex.o
 .text.LL_RCC_CLKP_IsEnabled
                0x341848fc       0x28 ./Drivers/STM32N6xx_HAL_Driver/stm32n6xx_hal_rcc_ex.o
 .text.HAL_RCCEx_PeriphCLKConfig
                0x34184924     0x25c8 ./Drivers/STM32N6xx_HAL_Driver/stm32n6xx_hal_rcc_ex.o
                0x34184924                HAL_RCCEx_PeriphCLKConfig
 .text.HAL_RCCEx_GetPeriphCLKFreq
                0x34186eec      0x938 ./Drivers/STM32N6xx_HAL_Driver/stm32n6xx_hal_rcc_ex.o
                0x34186eec                HAL_RCCEx_GetPeriphCLKFreq
 .text.HAL_RCCEx_GetPLL1CLKFreq
                0x34187824       0x8c ./Drivers/STM32N6xx_HAL_Driver/stm32n6xx_hal_rcc_ex.o
                0x34187824                HAL_RCCEx_GetPLL1CLKFreq
 .text.HAL_RCCEx_GetPLL2CLKFreq
                0x341878b0       0x8c ./Drivers/STM32N6xx_HAL_Driver/stm32n6xx_hal_rcc_ex.o
                0x341878b0                HAL_RCCEx_GetPLL2CLKFreq
 .text.HAL_RCCEx_GetPLL3CLKFreq
                0x3418793c       0x8c ./Drivers/STM32N6xx_HAL_Driver/stm32n6xx_hal_rcc_ex.o
                0x3418793c                HAL_RCCEx_GetPLL3CLKFreq
 .text.HAL_RCCEx_GetPLL4CLKFreq
                0x341879c8       0x8c ./Drivers/STM32N6xx_HAL_Driver/stm32n6xx_hal_rcc_ex.o
                0x341879c8                HAL_RCCEx_GetPLL4CLKFreq
 .text.RCCEx_GetHCLKFreq
                0x34187a54       0x22 ./Drivers/STM32N6xx_HAL_Driver/stm32n6xx_hal_rcc_ex.o
 .text.RCCEx_GetPCLK1Freq
                0x34187a76       0x20 ./Drivers/STM32N6xx_HAL_Driver/stm32n6xx_hal_rcc_ex.o
 .text.RCCEx_GetPCLK2Freq
                0x34187a96       0x22 ./Drivers/STM32N6xx_HAL_Driver/stm32n6xx_hal_rcc_ex.o
 .text.RCCEx_GetPCLK4Freq
                0x34187ab8       0x22 ./Drivers/STM32N6xx_HAL_Driver/stm32n6xx_hal_rcc_ex.o
 .text.RCCEx_GetPCLK5Freq
                0x34187ada       0x22 ./Drivers/STM32N6xx_HAL_Driver/stm32n6xx_hal_rcc_ex.o
 .text.RCCEx_GetPLLSourceFreq
                0x34187afc       0xbc ./Drivers/STM32N6xx_HAL_Driver/stm32n6xx_hal_rcc_ex.o
 .text.RCCEx_CalcPLLFreq
                0x34187bb8       0x98 ./Drivers/STM32N6xx_HAL_Driver/stm32n6xx_hal_rcc_ex.o
 .text.RCCEx_GetADCCLKFreq
                0x34187c50      0x204 ./Drivers/STM32N6xx_HAL_Driver/stm32n6xx_hal_rcc_ex.o
 .text.RCCEx_GetADFCLKFreq
                0x34187e54      0x1d8 ./Drivers/STM32N6xx_HAL_Driver/stm32n6xx_hal_rcc_ex.o
 .text.RCCEx_GetCLKPCLKFreq
                0x3418802c      0x36c ./Drivers/STM32N6xx_HAL_Driver/stm32n6xx_hal_rcc_ex.o
 .text.RCCEx_GetCSICLKFreq
                0x34188398       0x98 ./Drivers/STM32N6xx_HAL_Driver/stm32n6xx_hal_rcc_ex.o
 .text.RCCEx_GetDCMIPPCLKFreq
                0x34188430      0x114 ./Drivers/STM32N6xx_HAL_Driver/stm32n6xx_hal_rcc_ex.o
 .text.RCCEx_GetETH1CLKFreq
                0x34188544      0x100 ./Drivers/STM32N6xx_HAL_Driver/stm32n6xx_hal_rcc_ex.o
 .text.RCCEx_GetETH1PTPCLKFreq
                0x34188644      0x108 ./Drivers/STM32N6xx_HAL_Driver/stm32n6xx_hal_rcc_ex.o
 .text.RCCEx_GetFDCANCLKFreq
                0x3418874c      0x100 ./Drivers/STM32N6xx_HAL_Driver/stm32n6xx_hal_rcc_ex.o
 .text.RCCEx_GetFMCCLKFreq
                0x3418884c      0x16e ./Drivers/STM32N6xx_HAL_Driver/stm32n6xx_hal_rcc_ex.o
 *fill*         0x341889ba        0x2 
 .text.RCCEx_GetI2CCLKFreq
                0x341889bc      0x350 ./Drivers/STM32N6xx_HAL_Driver/stm32n6xx_hal_rcc_ex.o
 .text.RCCEx_GetI3CCLKFreq
                0x34188d0c      0x268 ./Drivers/STM32N6xx_HAL_Driver/stm32n6xx_hal_rcc_ex.o
 .text.RCCEx_GetLPTIMCLKFreq
                0x34188f74      0x354 ./Drivers/STM32N6xx_HAL_Driver/stm32n6xx_hal_rcc_ex.o
 .text.RCCEx_GetLPUARTCLKFreq
                0x341892c8      0x204 ./Drivers/STM32N6xx_HAL_Driver/stm32n6xx_hal_rcc_ex.o
 .text.RCCEx_GetLTDCCLKFreq
                0x341894cc      0x114 ./Drivers/STM32N6xx_HAL_Driver/stm32n6xx_hal_rcc_ex.o
 .text.RCCEx_GetMDFCLKFreq
                0x341895e0      0x214 ./Drivers/STM32N6xx_HAL_Driver/stm32n6xx_hal_rcc_ex.o
 .text.RCCEx_GetPSSICLKFreq
                0x341897f4      0x104 ./Drivers/STM32N6xx_HAL_Driver/stm32n6xx_hal_rcc_ex.o
 .text.RCCEx_GetRTCCLKFreq
                0x341898f8       0xa4 ./Drivers/STM32N6xx_HAL_Driver/stm32n6xx_hal_rcc_ex.o
 .text.RCCEx_GetSAICLKFreq
                0x3418999c      0x2cc ./Drivers/STM32N6xx_HAL_Driver/stm32n6xx_hal_rcc_ex.o
 .text.RCCEx_GetSDMMCCLKFreq
                0x34189c68      0x1d4 ./Drivers/STM32N6xx_HAL_Driver/stm32n6xx_hal_rcc_ex.o
 .text.RCCEx_GetSPDIFRXCLKFreq
                0x34189e3c      0x1c8 ./Drivers/STM32N6xx_HAL_Driver/stm32n6xx_hal_rcc_ex.o
 .text.RCCEx_GetSPICLKFreq
                0x3418a004      0x5a4 ./Drivers/STM32N6xx_HAL_Driver/stm32n6xx_hal_rcc_ex.o
 .text.RCCEx_GetUARTCLKFreq
                0x3418a5a8      0x454 ./Drivers/STM32N6xx_HAL_Driver/stm32n6xx_hal_rcc_ex.o
 .text.RCCEx_GetUSARTCLKFreq
                0x3418a9fc      0x454 ./Drivers/STM32N6xx_HAL_Driver/stm32n6xx_hal_rcc_ex.o
 .text.RCCEx_GetOTGPHYCLKFreq
                0x3418ae50      0x16c ./Drivers/STM32N6xx_HAL_Driver/stm32n6xx_hal_rcc_ex.o
 .text.RCCEx_GetOTGPHYCKREFCLKFreq
                0x3418afbc       0xa0 ./Drivers/STM32N6xx_HAL_Driver/stm32n6xx_hal_rcc_ex.o
 .text.RCCEx_GetXSPICLKFreq
                0x3418b05c      0x220 ./Drivers/STM32N6xx_HAL_Driver/stm32n6xx_hal_rcc_ex.o
 .text.LL_AHB5_GRP1_IsEnabledClock
                0x3418b27c       0x30 ./Drivers/STM32N6xx_HAL_Driver/stm32n6xx_hal_xspi.o
 .text.HAL_XSPI_Init
                0x3418b2ac      0x224 ./Drivers/STM32N6xx_HAL_Driver/stm32n6xx_hal_xspi.o
                0x3418b2ac                HAL_XSPI_Init
 .text.HAL_XSPI_Command
                0x3418b4d0      0x120 ./Drivers/STM32N6xx_HAL_Driver/stm32n6xx_hal_xspi.o
                0x3418b4d0                HAL_XSPI_Command
 .text.HAL_XSPI_Transmit
                0x3418b5f0       0xe6 ./Drivers/STM32N6xx_HAL_Driver/stm32n6xx_hal_xspi.o
                0x3418b5f0                HAL_XSPI_Transmit
 .text.HAL_XSPI_Receive
                0x3418b6d6      0x146 ./Drivers/STM32N6xx_HAL_Driver/stm32n6xx_hal_xspi.o
                0x3418b6d6                HAL_XSPI_Receive
 .text.HAL_XSPI_AutoPolling
                0x3418b81c      0x114 ./Drivers/STM32N6xx_HAL_Driver/stm32n6xx_hal_xspi.o
                0x3418b81c                HAL_XSPI_AutoPolling
 .text.HAL_XSPI_MemoryMapped
                0x3418b930       0xd8 ./Drivers/STM32N6xx_HAL_Driver/stm32n6xx_hal_xspi.o
                0x3418b930                HAL_XSPI_MemoryMapped
 .text.HAL_XSPI_Abort
                0x3418ba08      0x10e ./Drivers/STM32N6xx_HAL_Driver/stm32n6xx_hal_xspi.o
                0x3418ba08                HAL_XSPI_Abort
 .text.HAL_XSPI_SetTimeout
                0x3418bb16       0x1e ./Drivers/STM32N6xx_HAL_Driver/stm32n6xx_hal_xspi.o
                0x3418bb16                HAL_XSPI_SetTimeout
 .text.HAL_XSPIM_Config
                0x3418bb34      0x258 ./Drivers/STM32N6xx_HAL_Driver/stm32n6xx_hal_xspi.o
                0x3418bb34                HAL_XSPIM_Config
 .text.XSPI_WaitFlagStateUntilTimeout
                0x3418bd8c       0x6c ./Drivers/STM32N6xx_HAL_Driver/stm32n6xx_hal_xspi.o
 .text.XSPI_ConfigCmd
                0x3418bdf8      0x334 ./Drivers/STM32N6xx_HAL_Driver/stm32n6xx_hal_xspi.o
 .text.XSPIM_GetConfig
                0x3418c12c       0xc8 ./Drivers/STM32N6xx_HAL_Driver/stm32n6xx_hal_xspi.o
 .text.BOOT_Application
                0x3418c1f4       0x34 ./Middlewares/ST/STM32_ExtMem_Manager/stm32_boot_lrun.o
                0x3418c1f4                BOOT_Application
 .text.MapMemory
                0x3418c228       0x64 ./Middlewares/ST/STM32_ExtMem_Manager/stm32_boot_lrun.o
                0x3418c228                MapMemory
 .text.CopyApplication
                0x3418c28c       0x94 ./Middlewares/ST/STM32_ExtMem_Manager/stm32_boot_lrun.o
                0x3418c28c                CopyApplication
 .text.JumpToApplication
                0x3418c320      0x128 ./Middlewares/ST/STM32_ExtMem_Manager/stm32_boot_lrun.o
                0x3418c320                JumpToApplication
 .text.BOOT_GetApplicationSize
                0x3418c448       0x18 ./Middlewares/ST/STM32_ExtMem_Manager/stm32_boot_lrun.o
                0x3418c448                BOOT_GetApplicationSize
 .text.BOOT_GetApplicationVectorTable
                0x3418c460       0x22 ./Middlewares/ST/STM32_ExtMem_Manager/stm32_boot_lrun.o
                0x3418c460                BOOT_GetApplicationVectorTable
 *fill*         0x3418c482        0x2 
 .text.EXTMEM_Init
                0x3418c484       0x84 ./Middlewares/ST/STM32_ExtMem_Manager/stm32_extmem.o
                0x3418c484                EXTMEM_Init
 .text.EXTMEM_Read
                0x3418c508       0x6c ./Middlewares/ST/STM32_ExtMem_Manager/stm32_extmem.o
                0x3418c508                EXTMEM_Read
 .text.EXTMEM_MemoryMappedMode
                0x3418c574       0x9c ./Middlewares/ST/STM32_ExtMem_Manager/stm32_extmem.o
                0x3418c574                EXTMEM_MemoryMappedMode
 .text.EXTMEM_GetMapAddress
                0x3418c610       0xc0 ./Middlewares/ST/STM32_ExtMem_Manager/stm32_extmem.o
                0x3418c610                EXTMEM_GetMapAddress
 .text.SAL_XSPI_SetClock
                0x3418c6d0       0x7e ./Middlewares/ST/STM32_ExtMem_Manager/stm32_sal_xspi.o
                0x3418c6d0                SAL_XSPI_SetClock
 .text.SAL_XSPI_Init
                0x3418c74e       0x66 ./Middlewares/ST/STM32_ExtMem_Manager/stm32_sal_xspi.o
                0x3418c74e                SAL_XSPI_Init
 .text.SAL_XSPI_MemoryConfig
                0x3418c7b4      0x2a4 ./Middlewares/ST/STM32_ExtMem_Manager/stm32_sal_xspi.o
                0x3418c7b4                SAL_XSPI_MemoryConfig
 .text.SAL_XSPI_GetSFDP
                0x3418ca58       0xb8 ./Middlewares/ST/STM32_ExtMem_Manager/stm32_sal_xspi.o
                0x3418ca58                SAL_XSPI_GetSFDP
 .text.SAL_XSPI_GetId
                0x3418cb10       0xa6 ./Middlewares/ST/STM32_ExtMem_Manager/stm32_sal_xspi.o
                0x3418cb10                SAL_XSPI_GetId
 .text.SAL_XSPI_Read
                0x3418cbb6       0xd0 ./Middlewares/ST/STM32_ExtMem_Manager/stm32_sal_xspi.o
                0x3418cbb6                SAL_XSPI_Read
 .text.SAL_XSPI_Write
                0x3418cc86       0x92 ./Middlewares/ST/STM32_ExtMem_Manager/stm32_sal_xspi.o
                0x3418cc86                SAL_XSPI_Write
 .text.SAL_XSPI_CommandSendData
                0x3418cd18       0xa8 ./Middlewares/ST/STM32_ExtMem_Manager/stm32_sal_xspi.o
                0x3418cd18                SAL_XSPI_CommandSendData
 .text.SAL_XSPI_SendReadCommand
                0x3418cdc0       0xa8 ./Middlewares/ST/STM32_ExtMem_Manager/stm32_sal_xspi.o
                0x3418cdc0                SAL_XSPI_SendReadCommand
 .text.SAL_XSPI_CommandSendReadAddress
                0x3418ce68       0x9a ./Middlewares/ST/STM32_ExtMem_Manager/stm32_sal_xspi.o
                0x3418ce68                SAL_XSPI_CommandSendReadAddress
 .text.SAL_XSPI_CheckStatusRegister
                0x3418cf02       0xd8 ./Middlewares/ST/STM32_ExtMem_Manager/stm32_sal_xspi.o
                0x3418cf02                SAL_XSPI_CheckStatusRegister
 .text.SAL_XSPI_EnableMapMode
                0x3418cfda       0xf2 ./Middlewares/ST/STM32_ExtMem_Manager/stm32_sal_xspi.o
                0x3418cfda                SAL_XSPI_EnableMapMode
 .text.SAL_XSPI_DisableMapMode
                0x3418d0cc       0x22 ./Middlewares/ST/STM32_ExtMem_Manager/stm32_sal_xspi.o
                0x3418d0cc                SAL_XSPI_DisableMapMode
 .text.SAL_XSPI_UpdateMemoryType
                0x3418d0ee       0x70 ./Middlewares/ST/STM32_ExtMem_Manager/stm32_sal_xspi.o
                0x3418d0ee                SAL_XSPI_UpdateMemoryType
 .text.SAL_XSPI_Abort
                0x3418d15e       0x1c ./Middlewares/ST/STM32_ExtMem_Manager/stm32_sal_xspi.o
                0x3418d15e                SAL_XSPI_Abort
 .text.XSPI_FormatCommand
                0x3418d17a       0x52 ./Middlewares/ST/STM32_ExtMem_Manager/stm32_sal_xspi.o
                0x3418d17a                XSPI_FormatCommand
 .text.XSPI_Transmit
                0x3418d1cc       0x26 ./Middlewares/ST/STM32_ExtMem_Manager/stm32_sal_xspi.o
                0x3418d1cc                XSPI_Transmit
 .text.XSPI_Receive
                0x3418d1f2       0x26 ./Middlewares/ST/STM32_ExtMem_Manager/stm32_sal_xspi.o
                0x3418d1f2                XSPI_Receive
 .text.SFDP_ReadHeader
                0x3418d218       0x7a ./Middlewares/ST/STM32_ExtMem_Manager/stm32_sfdp_data.o
                0x3418d218                SFDP_ReadHeader
 *fill*         0x3418d292        0x2 
 .text.SFDP_GetHeader
                0x3418d294       0xbc ./Middlewares/ST/STM32_ExtMem_Manager/stm32_sfdp_data.o
                0x3418d294                SFDP_GetHeader
 .text.SFDP_CollectData
                0x3418d350      0x1b8 ./Middlewares/ST/STM32_ExtMem_Manager/stm32_sfdp_data.o
                0x3418d350                SFDP_CollectData
 .text.SFDP_MemoryReset
                0x3418d508      0x1b8 ./Middlewares/ST/STM32_ExtMem_Manager/stm32_sfdp_data.o
                0x3418d508                SFDP_MemoryReset
 .text.SFDP_BuildGenericDriver
                0x3418d6c0      0xb6c ./Middlewares/ST/STM32_ExtMem_Manager/stm32_sfdp_data.o
                0x3418d6c0                SFDP_BuildGenericDriver
 .text.driver_check_FlagBUSY
                0x3418e22c       0x72 ./Middlewares/ST/STM32_ExtMem_Manager/stm32_sfdp_data.o
                0x3418e22c                driver_check_FlagBUSY
 *fill*         0x3418e29e        0x2 
 .text.sfdp_getfrequencevalue
                0x3418e2a0       0x4c ./Middlewares/ST/STM32_ExtMem_Manager/stm32_sfdp_data.o
                0x3418e2a0                sfdp_getfrequencevalue
 .text.sfdp_get_paraminfo
                0x3418e2ec      0x1e8 ./Middlewares/ST/STM32_ExtMem_Manager/stm32_sfdp_data.o
                0x3418e2ec                sfdp_get_paraminfo
 .text.sfpd_enter_octal_mode
                0x3418e4d4      0x1dc ./Middlewares/ST/STM32_ExtMem_Manager/stm32_sfdp_data.o
                0x3418e4d4                sfpd_enter_octal_mode
 .text.sfpd_set_dummycycle
                0x3418e6b0      0x1c8 ./Middlewares/ST/STM32_ExtMem_Manager/stm32_sfdp_data.o
                0x3418e6b0                sfpd_set_dummycycle
 .text.JEDEC_Basic_ManageQuadEnableRequierement
                0x3418e878      0x174 ./Middlewares/ST/STM32_ExtMem_Manager/stm32_sfdp_data.o
                0x3418e878                JEDEC_Basic_ManageQuadEnableRequierement
 .text.JEDEC_Basic_Manage4S4S4SEnableSequence
                0x3418e9ec       0x7c ./Middlewares/ST/STM32_ExtMem_Manager/stm32_sfdp_data.o
                0x3418e9ec                JEDEC_Basic_Manage4S4S4SEnableSequence
 .text.CheckSFDP_Signature
                0x3418ea68       0x54 ./Middlewares/ST/STM32_ExtMem_Manager/stm32_sfdp_data.o
                0x3418ea68                CheckSFDP_Signature
 .text.EXTMEM_DRIVER_NOR_SFDP_Init
                0x3418eabc      0x174 ./Middlewares/ST/STM32_ExtMem_Manager/stm32_sfdp_driver.o
                0x3418eabc                EXTMEM_DRIVER_NOR_SFDP_Init
 .text.EXTMEM_DRIVER_NOR_SFDP_Read
                0x3418ec30       0x5a ./Middlewares/ST/STM32_ExtMem_Manager/stm32_sfdp_driver.o
                0x3418ec30                EXTMEM_DRIVER_NOR_SFDP_Read
 .text.EXTMEM_DRIVER_NOR_SFDP_Enable_MemoryMappedMode
                0x3418ec8a       0x42 ./Middlewares/ST/STM32_ExtMem_Manager/stm32_sfdp_driver.o
                0x3418ec8a                EXTMEM_DRIVER_NOR_SFDP_Enable_MemoryMappedMode
 .text.EXTMEM_DRIVER_NOR_SFDP_Disable_MemoryMappedMode
                0x3418eccc       0x2c ./Middlewares/ST/STM32_ExtMem_Manager/stm32_sfdp_driver.o
                0x3418eccc                EXTMEM_DRIVER_NOR_SFDP_Disable_MemoryMappedMode
 .text.memset   0x3418ecf8       0x10 C:/ST/STM32CubeIDE_1.17.0/STM32CubeIDE/plugins/com.st.stm32cube.ide.mcu.externaltools.gnu-tools-for-stm32.12.3.rel1.win32_1.1.0.202410251130/tools/bin/../lib/gcc/arm-none-eabi/12.3.1/../../../../arm-none-eabi/lib/thumb/v8-m.main+dp/hard\libc_nano.a(libc_a-memset.o)
                0x3418ecf8                memset
 .text.__libc_init_array
                0x3418ed08       0x48 C:/ST/STM32CubeIDE_1.17.0/STM32CubeIDE/plugins/com.st.stm32cube.ide.mcu.externaltools.gnu-tools-for-stm32.12.3.rel1.win32_1.1.0.202410251130/tools/bin/../lib/gcc/arm-none-eabi/12.3.1/../../../../arm-none-eabi/lib/thumb/v8-m.main+dp/hard\libc_nano.a(libc_a-init.o)
                0x3418ed08                __libc_init_array
 .text.memcpy   0x3418ed50       0x1a C:/ST/STM32CubeIDE_1.17.0/STM32CubeIDE/plugins/com.st.stm32cube.ide.mcu.externaltools.gnu-tools-for-stm32.12.3.rel1.win32_1.1.0.202410251130/tools/bin/../lib/gcc/arm-none-eabi/12.3.1/../../../../arm-none-eabi/lib/thumb/v8-m.main+dp/hard\libc_nano.a(libc_a-memcpy-stub.o)
                0x3418ed50                memcpy
 *(.glue_7)
 .glue_7        0x3418ed6a        0x0 linker stubs
 *(.glue_7t)
 .glue_7t       0x3418ed6a        0x0 linker stubs
 *(.eh_frame)
 *fill*         0x3418ed6a        0x2 
 .eh_frame      0x3418ed6c        0x0 C:/ST/STM32CubeIDE_1.17.0/STM32CubeIDE/plugins/com.st.stm32cube.ide.mcu.externaltools.gnu-tools-for-stm32.12.3.rel1.win32_1.1.0.202410251130/tools/bin/../lib/gcc/arm-none-eabi/12.3.1/thumb/v8-m.main+dp/hard/crtbegin.o
 *(.RamFunc)
 *(.RamFunc*)
 *(.init)
 .init          0x3418ed6c        0x4 C:/ST/STM32CubeIDE_1.17.0/STM32CubeIDE/plugins/com.st.stm32cube.ide.mcu.externaltools.gnu-tools-for-stm32.12.3.rel1.win32_1.1.0.202410251130/tools/bin/../lib/gcc/arm-none-eabi/12.3.1/thumb/v8-m.main+dp/hard/crti.o
                0x3418ed6c                _init
 .init          0x3418ed70        0x8 C:/ST/STM32CubeIDE_1.17.0/STM32CubeIDE/plugins/com.st.stm32cube.ide.mcu.externaltools.gnu-tools-for-stm32.12.3.rel1.win32_1.1.0.202410251130/tools/bin/../lib/gcc/arm-none-eabi/12.3.1/thumb/v8-m.main+dp/hard/crtn.o
 *(.fini)
 .fini          0x3418ed78        0x4 C:/ST/STM32CubeIDE_1.17.0/STM32CubeIDE/plugins/com.st.stm32cube.ide.mcu.externaltools.gnu-tools-for-stm32.12.3.rel1.win32_1.1.0.202410251130/tools/bin/../lib/gcc/arm-none-eabi/12.3.1/thumb/v8-m.main+dp/hard/crti.o
                0x3418ed78                _fini
 .fini          0x3418ed7c        0x8 C:/ST/STM32CubeIDE_1.17.0/STM32CubeIDE/plugins/com.st.stm32cube.ide.mcu.externaltools.gnu-tools-for-stm32.12.3.rel1.win32_1.1.0.202410251130/tools/bin/../lib/gcc/arm-none-eabi/12.3.1/thumb/v8-m.main+dp/hard/crtn.o
                0x3418ed84                        . = ALIGN (0x4)
                0x3418ed84                        _etext = .

.vfp11_veneer   0x3418ed84        0x0
 .vfp11_veneer  0x3418ed84        0x0 linker stubs

.v4_bx          0x3418ed84        0x0
 .v4_bx         0x3418ed84        0x0 linker stubs

.iplt           0x3418ed84        0x0
 .iplt          0x3418ed84        0x0 C:/ST/STM32CubeIDE_1.17.0/STM32CubeIDE/plugins/com.st.stm32cube.ide.mcu.externaltools.gnu-tools-for-stm32.12.3.rel1.win32_1.1.0.202410251130/tools/bin/../lib/gcc/arm-none-eabi/12.3.1/thumb/v8-m.main+dp/hard/crtbegin.o

.rodata         0x3418ed84       0x44
                0x3418ed84                        . = ALIGN (0x4)
 *(.rodata)
 .rodata        0x3418ed84       0x2a ./Middlewares/ST/STM32_ExtMem_Manager/stm32_sfdp_data.o
 *(.rodata*)
 *fill*         0x3418edae        0x2 
 .rodata.block_erase_unit.1
                0x3418edb0        0x8 ./Middlewares/ST/STM32_ExtMem_Manager/stm32_sfdp_data.o
 .rodata.chip_erase_unit.0
                0x3418edb8       0x10 ./Middlewares/ST/STM32_ExtMem_Manager/stm32_sfdp_data.o
                0x3418edc8                        . = ALIGN (0x4)

.ARM.extab      0x3418edc8        0x0
                0x3418edc8                        . = ALIGN (0x4)
 *(.ARM.extab* .gnu.linkonce.armextab.*)
                0x3418edc8                        . = ALIGN (0x4)

.ARM            0x3418edc8        0x0
                0x3418edc8                        . = ALIGN (0x4)
                0x3418edc8                        __exidx_start = .
 *(.ARM.exidx*)
                0x3418edc8                        __exidx_end = .
                0x3418edc8                        . = ALIGN (0x4)

.preinit_array  0x3418edc8        0x0
                0x3418edc8                        . = ALIGN (0x4)
                0x3418edc8                        PROVIDE (__preinit_array_start = .)
 *(.preinit_array*)
                0x3418edc8                        PROVIDE (__preinit_array_end = .)
                0x3418edc8                        . = ALIGN (0x4)

.init_array     0x3418edc8        0x4
                0x3418edc8                        . = ALIGN (0x4)
                0x3418edc8                        PROVIDE (__init_array_start = .)
 *(SORT_BY_NAME(.init_array.*))
 *(.init_array*)
 .init_array    0x3418edc8        0x4 C:/ST/STM32CubeIDE_1.17.0/STM32CubeIDE/plugins/com.st.stm32cube.ide.mcu.externaltools.gnu-tools-for-stm32.12.3.rel1.win32_1.1.0.202410251130/tools/bin/../lib/gcc/arm-none-eabi/12.3.1/thumb/v8-m.main+dp/hard/crtbegin.o
                0x3418edcc                        PROVIDE (__init_array_end = .)
                0x3418edcc                        . = ALIGN (0x4)

.fini_array     0x3418edcc        0x4
                0x3418edcc                        . = ALIGN (0x4)
                [!provide]                        PROVIDE (__fini_array_start = .)
 *(SORT_BY_NAME(.fini_array.*))
 *(.fini_array*)
 .fini_array    0x3418edcc        0x4 C:/ST/STM32CubeIDE_1.17.0/STM32CubeIDE/plugins/com.st.stm32cube.ide.mcu.externaltools.gnu-tools-for-stm32.12.3.rel1.win32_1.1.0.202410251130/tools/bin/../lib/gcc/arm-none-eabi/12.3.1/thumb/v8-m.main+dp/hard/crtbegin.o
                [!provide]                        PROVIDE (__fini_array_end = .)
                0x3418edd0                        . = ALIGN (0x4)
                0x3418edd0                        _sidata = LOADADDR (.data)

.rel.dyn        0x3418edd0        0x0
 .rel.iplt      0x3418edd0        0x0 C:/ST/STM32CubeIDE_1.17.0/STM32CubeIDE/plugins/com.st.stm32cube.ide.mcu.externaltools.gnu-tools-for-stm32.12.3.rel1.win32_1.1.0.202410251130/tools/bin/../lib/gcc/arm-none-eabi/12.3.1/thumb/v8-m.main+dp/hard/crtbegin.o

.data           0x341c0000        0xc load address 0x3418edd0
                0x341c0000                        . = ALIGN (0x4)
                0x341c0000                        _sdata = .
 *(.data)
 *(.data*)
 .data.SystemCoreClock
                0x341c0000        0x4 ./Core/Src/system_stm32n6xx_fsbl.o
                0x341c0000                SystemCoreClock
 .data.uwTickPrio
                0x341c0004        0x4 ./Drivers/STM32N6xx_HAL_Driver/stm32n6xx_hal.o
                0x341c0004                uwTickPrio
 .data.uwTickFreq
                0x341c0008        0x1 ./Drivers/STM32N6xx_HAL_Driver/stm32n6xx_hal.o
                0x341c0008                uwTickFreq
                0x341c000c                        . = ALIGN (0x4)
 *fill*         0x341c0009        0x3 
                0x341c000c                        _edata = .

.igot.plt       0x341c000c        0x0 load address 0x3418eddc
 .igot.plt      0x341c000c        0x0 C:/ST/STM32CubeIDE_1.17.0/STM32CubeIDE/plugins/com.st.stm32cube.ide.mcu.externaltools.gnu-tools-for-stm32.12.3.rel1.win32_1.1.0.202410251130/tools/bin/../lib/gcc/arm-none-eabi/12.3.1/thumb/v8-m.main+dp/hard/crtbegin.o

.noncacheable   0x341c000c        0x4 load address 0x3418eddc
                0x341c0010                        . = ALIGN (0x8)
 *fill*         0x341c000c        0x4 
                0x341c0010                        __snoncacheable = .
 *(.noncacheable)
                0x341c0010                        . = ALIGN (0x8)
                0x341c0010                        __enoncacheable = .

.gnu.sgstubs    0x3418ede0       0x20
                0x3418ede0                        . = ALIGN (0x4)
 *(.gnu.sgstubs*)
                0x3418ede0                        . = ALIGN (0x4)
 .gnu.sgstubs.__stub
                0x3418ede0        0x8 linker stubs
                0x3418ede0                SECURE_SystemCoreClockUpdate
                0x3418ede8                        . = ALIGN (0x4)

.bss            0x341c0010      0x2bc
                0x341c0010                        _sbss = .
                0x341c0010                        __bss_start__ = _sbss
 *(.bss)
 .bss           0x341c0010       0x1c C:/ST/STM32CubeIDE_1.17.0/STM32CubeIDE/plugins/com.st.stm32cube.ide.mcu.externaltools.gnu-tools-for-stm32.12.3.rel1.win32_1.1.0.202410251130/tools/bin/../lib/gcc/arm-none-eabi/12.3.1/thumb/v8-m.main+dp/hard/crtbegin.o
 *(.bss*)
 .bss.hxspi2    0x341c002c       0x64 ./Core/Src/main.o
                0x341c002c                hxspi2
 .bss.uwTick    0x341c0090        0x4 ./Drivers/STM32N6xx_HAL_Driver/stm32n6xx_hal.o
                0x341c0090                uwTick
 .bss.JumpToApp.0
                0x341c0094        0x4 ./Middlewares/ST/STM32_ExtMem_Manager/stm32_boot_lrun.o
 .bss.extmem_list_config
                0x341c0098       0xac ./Middlewares/ST/STM32_ExtMem_Manager/stm32_extmem.o
                0x341c0098                extmem_list_config
 .bss.sfdp_param_info
                0x341c0144       0x78 ./Middlewares/ST/STM32_ExtMem_Manager/stm32_sfdp_data.o
 .bss.JEDEC_Basic
                0x341c01bc       0x60 ./Middlewares/ST/STM32_ExtMem_Manager/stm32_sfdp_data.o
 .bss.JEDEC_Address4Bit
                0x341c021c        0x8 ./Middlewares/ST/STM32_ExtMem_Manager/stm32_sfdp_data.o
 .bss.JEDEC_XSPI10
                0x341c0224       0x18 ./Middlewares/ST/STM32_ExtMem_Manager/stm32_sfdp_data.o
 .bss.JEDEC_SCCR_Map
                0x341c023c       0x70 ./Middlewares/ST/STM32_ExtMem_Manager/stm32_sfdp_data.o
 .bss.JEDEC_OctalDdr
                0x341c02ac       0x20 ./Middlewares/ST/STM32_ExtMem_Manager/stm32_sfdp_data.o
 *(COMMON)
                0x341c02cc                        . = ALIGN (0x4)
                0x341c02cc                        _ebss = .
                0x341c02cc                        __bss_end__ = _ebss

._user_heap_stack
                0x341c02cc      0xa04
                0x341c02d0                        . = ALIGN (0x8)
 *fill*         0x341c02cc        0x4 
                [!provide]                        PROVIDE (end = .)
                0x341c02d0                        PROVIDE (_end = .)
                0x341c04d0                        . = (. + _Min_Heap_Size)
 *fill*         0x341c02d0      0x200 
                0x341c0cd0                        . = (. + _Min_Stack_Size)
 *fill*         0x341c04d0      0x800 
                0x341c0cd0                        . = ALIGN (0x8)

/DISCARD/
 libc.a(*)
 libm.a(*)
 libgcc.a(*)

.ARM.attributes
                0x00000000       0x3a
 *(.ARM.attributes)
 .ARM.attributes
                0x00000000       0x24 C:/ST/STM32CubeIDE_1.17.0/STM32CubeIDE/plugins/com.st.stm32cube.ide.mcu.externaltools.gnu-tools-for-stm32.12.3.rel1.win32_1.1.0.202410251130/tools/bin/../lib/gcc/arm-none-eabi/12.3.1/thumb/v8-m.main+dp/hard/crti.o
 .ARM.attributes
                0x00000024       0x36 C:/ST/STM32CubeIDE_1.17.0/STM32CubeIDE/plugins/com.st.stm32cube.ide.mcu.externaltools.gnu-tools-for-stm32.12.3.rel1.win32_1.1.0.202410251130/tools/bin/../lib/gcc/arm-none-eabi/12.3.1/thumb/v8-m.main+dp/hard/crtbegin.o
 .ARM.attributes
                0x0000005a       0x3e ./Core/Src/extmem_manager.o
 .ARM.attributes
                0x00000098       0x3e ./Core/Src/main.o
 .ARM.attributes
                0x000000d6       0x3e ./Core/Src/stm32n6xx_hal_msp.o
 .ARM.attributes
                0x00000114       0x3e ./Core/Src/stm32n6xx_it.o
 .ARM.attributes
                0x00000152       0x3e ./Core/Src/system_stm32n6xx_fsbl.o
 .ARM.attributes
                0x00000190       0x22 ./Core/Startup/startup_stm32n657x0hxq_fsbl.o
 .ARM.attributes
                0x000001b2       0x3e ./Drivers/STM32N6xx_HAL_Driver/stm32n6xx_hal.o
 .ARM.attributes
                0x000001f0       0x3e ./Drivers/STM32N6xx_HAL_Driver/stm32n6xx_hal_cortex.o
 .ARM.attributes
                0x0000022e       0x3e ./Drivers/STM32N6xx_HAL_Driver/stm32n6xx_hal_dma.o
 .ARM.attributes
                0x0000026c       0x3e ./Drivers/STM32N6xx_HAL_Driver/stm32n6xx_hal_gpio.o
 .ARM.attributes
                0x000002aa       0x3e ./Drivers/STM32N6xx_HAL_Driver/stm32n6xx_hal_pwr_ex.o
 .ARM.attributes
                0x000002e8       0x3e ./Drivers/STM32N6xx_HAL_Driver/stm32n6xx_hal_rcc.o
 .ARM.attributes
                0x00000326       0x3e ./Drivers/STM32N6xx_HAL_Driver/stm32n6xx_hal_rcc_ex.o
 .ARM.attributes
                0x00000364       0x3e ./Drivers/STM32N6xx_HAL_Driver/stm32n6xx_hal_xspi.o
 .ARM.attributes
                0x000003a2       0x3e ./Middlewares/ST/STM32_ExtMem_Manager/stm32_boot_lrun.o
 .ARM.attributes
                0x000003e0       0x3e ./Middlewares/ST/STM32_ExtMem_Manager/stm32_extmem.o
 .ARM.attributes
                0x0000041e       0x3e ./Middlewares/ST/STM32_ExtMem_Manager/stm32_sal_xspi.o
 .ARM.attributes
                0x0000045c       0x3e ./Middlewares/ST/STM32_ExtMem_Manager/stm32_sfdp_data.o
 .ARM.attributes
                0x0000049a       0x3e ./Middlewares/ST/STM32_ExtMem_Manager/stm32_sfdp_driver.o
 .ARM.attributes
                0x000004d8       0x36 C:/ST/STM32CubeIDE_1.17.0/STM32CubeIDE/plugins/com.st.stm32cube.ide.mcu.externaltools.gnu-tools-for-stm32.12.3.rel1.win32_1.1.0.202410251130/tools/bin/../lib/gcc/arm-none-eabi/12.3.1/../../../../arm-none-eabi/lib/thumb/v8-m.main+dp/hard\libc_nano.a(libc_a-memset.o)
 .ARM.attributes
                0x0000050e       0x36 C:/ST/STM32CubeIDE_1.17.0/STM32CubeIDE/plugins/com.st.stm32cube.ide.mcu.externaltools.gnu-tools-for-stm32.12.3.rel1.win32_1.1.0.202410251130/tools/bin/../lib/gcc/arm-none-eabi/12.3.1/../../../../arm-none-eabi/lib/thumb/v8-m.main+dp/hard\libc_nano.a(libc_a-init.o)
 .ARM.attributes
                0x00000544       0x36 C:/ST/STM32CubeIDE_1.17.0/STM32CubeIDE/plugins/com.st.stm32cube.ide.mcu.externaltools.gnu-tools-for-stm32.12.3.rel1.win32_1.1.0.202410251130/tools/bin/../lib/gcc/arm-none-eabi/12.3.1/../../../../arm-none-eabi/lib/thumb/v8-m.main+dp/hard\libc_nano.a(libc_a-memcpy-stub.o)
 .ARM.attributes
                0x0000057a       0x24 C:/ST/STM32CubeIDE_1.17.0/STM32CubeIDE/plugins/com.st.stm32cube.ide.mcu.externaltools.gnu-tools-for-stm32.12.3.rel1.win32_1.1.0.202410251130/tools/bin/../lib/gcc/arm-none-eabi/12.3.1/thumb/v8-m.main+dp/hard/crtn.o
OUTPUT(LoadAndRun_FSBL.elf elf32-littlearm)
LOAD linker stubs
LOAD C:/ST/STM32CubeIDE_1.17.0/STM32CubeIDE/plugins/com.st.stm32cube.ide.mcu.externaltools.gnu-tools-for-stm32.12.3.rel1.win32_1.1.0.202410251130/tools/bin/../lib/gcc/arm-none-eabi/12.3.1/../../../../arm-none-eabi/lib/thumb/v8-m.main+dp/hard\libc.a
LOAD C:/ST/STM32CubeIDE_1.17.0/STM32CubeIDE/plugins/com.st.stm32cube.ide.mcu.externaltools.gnu-tools-for-stm32.12.3.rel1.win32_1.1.0.202410251130/tools/bin/../lib/gcc/arm-none-eabi/12.3.1/../../../../arm-none-eabi/lib/thumb/v8-m.main+dp/hard\libm.a
LOAD C:/ST/STM32CubeIDE_1.17.0/STM32CubeIDE/plugins/com.st.stm32cube.ide.mcu.externaltools.gnu-tools-for-stm32.12.3.rel1.win32_1.1.0.202410251130/tools/bin/../lib/gcc/arm-none-eabi/12.3.1/thumb/v8-m.main+dp/hard\libgcc.a

.debug_info     0x00000000    0x1d84c
 .debug_info    0x00000000      0xfc5 ./Core/Src/extmem_manager.o
 .debug_info    0x00000fc5     0x1df3 ./Core/Src/main.o
 .debug_info    0x00002db8     0x225a ./Core/Src/stm32n6xx_hal_msp.o
 .debug_info    0x00005012      0x138 ./Core/Src/stm32n6xx_it.o
 .debug_info    0x0000514a     0x1a83 ./Core/Src/system_stm32n6xx_fsbl.o
 .debug_info    0x00006bcd       0x30 ./Core/Startup/startup_stm32n657x0hxq_fsbl.o
 .debug_info    0x00006bfd     0x2784 ./Drivers/STM32N6xx_HAL_Driver/stm32n6xx_hal.o
 .debug_info    0x00009381     0x1485 ./Drivers/STM32N6xx_HAL_Driver/stm32n6xx_hal_cortex.o
 .debug_info    0x0000a806      0xbfa ./Drivers/STM32N6xx_HAL_Driver/stm32n6xx_hal_dma.o
 .debug_info    0x0000b400      0xafd ./Drivers/STM32N6xx_HAL_Driver/stm32n6xx_hal_gpio.o
 .debug_info    0x0000befd      0xd08 ./Drivers/STM32N6xx_HAL_Driver/stm32n6xx_hal_pwr_ex.o
 .debug_info    0x0000cc05     0x20fd ./Drivers/STM32N6xx_HAL_Driver/stm32n6xx_hal_rcc.o
 .debug_info    0x0000ed02     0x382a ./Drivers/STM32N6xx_HAL_Driver/stm32n6xx_hal_rcc_ex.o
 .debug_info    0x0001252c     0x2bf1 ./Drivers/STM32N6xx_HAL_Driver/stm32n6xx_hal_xspi.o
 .debug_info    0x0001511d      0x86f ./Middlewares/ST/STM32_ExtMem_Manager/stm32_boot_lrun.o
 .debug_info    0x0001598c     0x1500 ./Middlewares/ST/STM32_ExtMem_Manager/stm32_extmem.o
 .debug_info    0x00016e8c     0x1679 ./Middlewares/ST/STM32_ExtMem_Manager/stm32_sal_xspi.o
 .debug_info    0x00018505     0x3b93 ./Middlewares/ST/STM32_ExtMem_Manager/stm32_sfdp_data.o
 .debug_info    0x0001c098     0x17b4 ./Middlewares/ST/STM32_ExtMem_Manager/stm32_sfdp_driver.o

.debug_abbrev   0x00000000     0x2afa
 .debug_abbrev  0x00000000      0x1ca ./Core/Src/extmem_manager.o
 .debug_abbrev  0x000001ca      0x2cc ./Core/Src/main.o
 .debug_abbrev  0x00000496      0x268 ./Core/Src/stm32n6xx_hal_msp.o
 .debug_abbrev  0x000006fe       0x73 ./Core/Src/stm32n6xx_it.o
 .debug_abbrev  0x00000771      0x164 ./Core/Src/system_stm32n6xx_fsbl.o
 .debug_abbrev  0x000008d5       0x24 ./Core/Startup/startup_stm32n657x0hxq_fsbl.o
 .debug_abbrev  0x000008f9      0x2bc ./Drivers/STM32N6xx_HAL_Driver/stm32n6xx_hal.o
 .debug_abbrev  0x00000bb5      0x316 ./Drivers/STM32N6xx_HAL_Driver/stm32n6xx_hal_cortex.o
 .debug_abbrev  0x00000ecb      0x1dd ./Drivers/STM32N6xx_HAL_Driver/stm32n6xx_hal_dma.o
 .debug_abbrev  0x000010a8      0x24d ./Drivers/STM32N6xx_HAL_Driver/stm32n6xx_hal_gpio.o
 .debug_abbrev  0x000012f5      0x265 ./Drivers/STM32N6xx_HAL_Driver/stm32n6xx_hal_pwr_ex.o
 .debug_abbrev  0x0000155a      0x36a ./Drivers/STM32N6xx_HAL_Driver/stm32n6xx_hal_rcc.o
 .debug_abbrev  0x000018c4      0x2ea ./Drivers/STM32N6xx_HAL_Driver/stm32n6xx_hal_rcc_ex.o
 .debug_abbrev  0x00001bae      0x2b7 ./Drivers/STM32N6xx_HAL_Driver/stm32n6xx_hal_xspi.o
 .debug_abbrev  0x00001e65      0x260 ./Middlewares/ST/STM32_ExtMem_Manager/stm32_boot_lrun.o
 .debug_abbrev  0x000020c5      0x28a ./Middlewares/ST/STM32_ExtMem_Manager/stm32_extmem.o
 .debug_abbrev  0x0000234f      0x269 ./Middlewares/ST/STM32_ExtMem_Manager/stm32_sal_xspi.o
 .debug_abbrev  0x000025b8      0x2bd ./Middlewares/ST/STM32_ExtMem_Manager/stm32_sfdp_data.o
 .debug_abbrev  0x00002875      0x285 ./Middlewares/ST/STM32_ExtMem_Manager/stm32_sfdp_driver.o

.debug_aranges  0x00000000     0x1838
 .debug_aranges
                0x00000000       0x20 ./Core/Src/extmem_manager.o
 .debug_aranges
                0x00000020       0x48 ./Core/Src/main.o
 .debug_aranges
                0x00000068       0x48 ./Core/Src/stm32n6xx_hal_msp.o
 .debug_aranges
                0x000000b0       0x68 ./Core/Src/stm32n6xx_it.o
 .debug_aranges
                0x00000118       0x30 ./Core/Src/system_stm32n6xx_fsbl.o
 .debug_aranges
                0x00000148       0x28 ./Core/Startup/startup_stm32n657x0hxq_fsbl.o
 .debug_aranges
                0x00000170      0x3c0 ./Drivers/STM32N6xx_HAL_Driver/stm32n6xx_hal.o
 .debug_aranges
                0x00000530      0x178 ./Drivers/STM32N6xx_HAL_Driver/stm32n6xx_hal_cortex.o
 .debug_aranges
                0x000006a8       0xb8 ./Drivers/STM32N6xx_HAL_Driver/stm32n6xx_hal_dma.o
 .debug_aranges
                0x00000760       0xa8 ./Drivers/STM32N6xx_HAL_Driver/stm32n6xx_hal_gpio.o
 .debug_aranges
                0x00000808      0x260 ./Drivers/STM32N6xx_HAL_Driver/stm32n6xx_hal_pwr_ex.o
 .debug_aranges
                0x00000a68      0x280 ./Drivers/STM32N6xx_HAL_Driver/stm32n6xx_hal_rcc.o
 .debug_aranges
                0x00000ce8      0x750 ./Drivers/STM32N6xx_HAL_Driver/stm32n6xx_hal_rcc_ex.o
 .debug_aranges
                0x00001438      0x1a0 ./Drivers/STM32N6xx_HAL_Driver/stm32n6xx_hal_xspi.o
 .debug_aranges
                0x000015d8       0x48 ./Middlewares/ST/STM32_ExtMem_Manager/stm32_boot_lrun.o
 .debug_aranges
                0x00001620       0x68 ./Middlewares/ST/STM32_ExtMem_Manager/stm32_extmem.o
 .debug_aranges
                0x00001688       0xb8 ./Middlewares/ST/STM32_ExtMem_Manager/stm32_sal_xspi.o
 .debug_aranges
                0x00001740       0x80 ./Middlewares/ST/STM32_ExtMem_Manager/stm32_sfdp_data.o
 .debug_aranges
                0x000017c0       0x78 ./Middlewares/ST/STM32_ExtMem_Manager/stm32_sfdp_driver.o

.debug_rnglists
                0x00000000     0x1254
 .debug_rnglists
                0x00000000       0x13 ./Core/Src/extmem_manager.o
 .debug_rnglists
                0x00000013       0x33 ./Core/Src/main.o
 .debug_rnglists
                0x00000046       0x32 ./Core/Src/stm32n6xx_hal_msp.o
 .debug_rnglists
                0x00000078       0x49 ./Core/Src/stm32n6xx_it.o
 .debug_rnglists
                0x000000c1       0x21 ./Core/Src/system_stm32n6xx_fsbl.o
 .debug_rnglists
                0x000000e2       0x19 ./Core/Startup/startup_stm32n657x0hxq_fsbl.o
 .debug_rnglists
                0x000000fb      0x2ce ./Drivers/STM32N6xx_HAL_Driver/stm32n6xx_hal.o
 .debug_rnglists
                0x000003c9      0x115 ./Drivers/STM32N6xx_HAL_Driver/stm32n6xx_hal_cortex.o
 .debug_rnglists
                0x000004de       0x91 ./Drivers/STM32N6xx_HAL_Driver/stm32n6xx_hal_dma.o
 .debug_rnglists
                0x0000056f       0x80 ./Drivers/STM32N6xx_HAL_Driver/stm32n6xx_hal_gpio.o
 .debug_rnglists
                0x000005ef      0x1c9 ./Drivers/STM32N6xx_HAL_Driver/stm32n6xx_hal_pwr_ex.o
 .debug_rnglists
                0x000007b8      0x1e9 ./Drivers/STM32N6xx_HAL_Driver/stm32n6xx_hal_rcc.o
 .debug_rnglists
                0x000009a1      0x59b ./Drivers/STM32N6xx_HAL_Driver/stm32n6xx_hal_rcc_ex.o
 .debug_rnglists
                0x00000f3c      0x149 ./Drivers/STM32N6xx_HAL_Driver/stm32n6xx_hal_xspi.o
 .debug_rnglists
                0x00001085       0x33 ./Middlewares/ST/STM32_ExtMem_Manager/stm32_boot_lrun.o
 .debug_rnglists
                0x000010b8       0x4e ./Middlewares/ST/STM32_ExtMem_Manager/stm32_extmem.o
 .debug_rnglists
                0x00001106       0x90 ./Middlewares/ST/STM32_ExtMem_Manager/stm32_sal_xspi.o
 .debug_rnglists
                0x00001196       0x63 ./Middlewares/ST/STM32_ExtMem_Manager/stm32_sfdp_data.o
 .debug_rnglists
                0x000011f9       0x5b ./Middlewares/ST/STM32_ExtMem_Manager/stm32_sfdp_driver.o

.debug_macro    0x00000000    0x52318
 .debug_macro   0x00000000      0x2fb ./Core/Src/extmem_manager.o
 .debug_macro   0x000002fb      0xb38 ./Core/Src/extmem_manager.o
 .debug_macro   0x00000e33       0x2e ./Core/Src/extmem_manager.o
 .debug_macro   0x00000e61      0x1bd ./Core/Src/extmem_manager.o
 .debug_macro   0x0000101e      0x189 ./Core/Src/extmem_manager.o
 .debug_macro   0x000011a7       0x63 ./Core/Src/extmem_manager.o
 .debug_macro   0x0000120a       0x2e ./Core/Src/extmem_manager.o
 .debug_macro   0x00001238       0x6c ./Core/Src/extmem_manager.o
 .debug_macro   0x000012a4       0x22 ./Core/Src/extmem_manager.o
 .debug_macro   0x000012c6       0x8e ./Core/Src/extmem_manager.o
 .debug_macro   0x00001354       0x51 ./Core/Src/extmem_manager.o
 .debug_macro   0x000013a5      0x103 ./Core/Src/extmem_manager.o
 .debug_macro   0x000014a8       0x6a ./Core/Src/extmem_manager.o
 .debug_macro   0x00001512      0x1df ./Core/Src/extmem_manager.o
 .debug_macro   0x000016f1       0x1c ./Core/Src/extmem_manager.o
 .debug_macro   0x0000170d       0x28 ./Core/Src/extmem_manager.o
 .debug_macro   0x00001735      0x110 ./Core/Src/extmem_manager.o
 .debug_macro   0x00001845     0x2dc3 ./Core/Src/extmem_manager.o
 .debug_macro   0x00004608       0x64 ./Core/Src/extmem_manager.o
 .debug_macro   0x0000466c      0x346 ./Core/Src/extmem_manager.o
 .debug_macro   0x000049b2       0x97 ./Core/Src/extmem_manager.o
 .debug_macro   0x00004a49       0x22 ./Core/Src/extmem_manager.o
 .debug_macro   0x00004a6b    0x3e9b6 ./Core/Src/extmem_manager.o
 .debug_macro   0x00043421       0x6c ./Core/Src/extmem_manager.o
 .debug_macro   0x0004348d     0x346a ./Core/Src/extmem_manager.o
 .debug_macro   0x000468f7       0x61 ./Core/Src/extmem_manager.o
 .debug_macro   0x00046958       0x29 ./Core/Src/extmem_manager.o
 .debug_macro   0x00046981       0x43 ./Core/Src/extmem_manager.o
 .debug_macro   0x000469c4       0x34 ./Core/Src/extmem_manager.o
 .debug_macro   0x000469f8       0x16 ./Core/Src/extmem_manager.o
 .debug_macro   0x00046a0e       0x43 ./Core/Src/extmem_manager.o
 .debug_macro   0x00046a51       0x34 ./Core/Src/extmem_manager.o
 .debug_macro   0x00046a85       0x10 ./Core/Src/extmem_manager.o
 .debug_macro   0x00046a95       0x58 ./Core/Src/extmem_manager.o
 .debug_macro   0x00046aed       0x8e ./Core/Src/extmem_manager.o
 .debug_macro   0x00046b7b       0x1c ./Core/Src/extmem_manager.o
 .debug_macro   0x00046b97      0x177 ./Core/Src/extmem_manager.o
 .debug_macro   0x00046d0e      0x369 ./Core/Src/extmem_manager.o
 .debug_macro   0x00047077      0x19b ./Core/Src/extmem_manager.o
 .debug_macro   0x00047212       0x72 ./Core/Src/extmem_manager.o
 .debug_macro   0x00047284      0x47a ./Core/Src/extmem_manager.o
 .debug_macro   0x000476fe     0x10f7 ./Core/Src/extmem_manager.o
 .debug_macro   0x000487f5     0x27e2 ./Core/Src/extmem_manager.o
 .debug_macro   0x0004afd7      0xfcd ./Core/Src/extmem_manager.o
 .debug_macro   0x0004bfa4      0x1af ./Core/Src/extmem_manager.o
 .debug_macro   0x0004c153      0x2c9 ./Core/Src/extmem_manager.o
 .debug_macro   0x0004c41c      0x2bd ./Core/Src/extmem_manager.o
 .debug_macro   0x0004c6d9      0xa36 ./Core/Src/extmem_manager.o
 .debug_macro   0x0004d10f      0x7b2 ./Core/Src/extmem_manager.o
 .debug_macro   0x0004d8c1       0xeb ./Core/Src/extmem_manager.o
 .debug_macro   0x0004d9ac      0x1ff ./Core/Src/extmem_manager.o
 .debug_macro   0x0004dbab      0x36b ./Core/Src/extmem_manager.o
 .debug_macro   0x0004df16      0x303 ./Core/Src/extmem_manager.o
 .debug_macro   0x0004e219      0x46a ./Core/Src/extmem_manager.o
 .debug_macro   0x0004e683      0x71f ./Core/Src/extmem_manager.o
 .debug_macro   0x0004eda2      0x5e6 ./Core/Src/extmem_manager.o
 .debug_macro   0x0004f388       0x10 ./Core/Src/extmem_manager.o
 .debug_macro   0x0004f398       0x22 ./Core/Src/extmem_manager.o
 .debug_macro   0x0004f3ba       0x22 ./Core/Src/extmem_manager.o
 .debug_macro   0x0004f3dc       0x16 ./Core/Src/extmem_manager.o
 .debug_macro   0x0004f3f2       0x35 ./Core/Src/extmem_manager.o
 .debug_macro   0x0004f427       0x20 ./Core/Src/extmem_manager.o
 .debug_macro   0x0004f447      0x2d4 ./Core/Src/main.o
 .debug_macro   0x0004f71b       0x16 ./Core/Src/main.o
 .debug_macro   0x0004f731      0x282 ./Core/Src/stm32n6xx_hal_msp.o
 .debug_macro   0x0004f9b3      0x28c ./Core/Src/stm32n6xx_it.o
 .debug_macro   0x0004fc3f      0x28c ./Core/Src/system_stm32n6xx_fsbl.o
 .debug_macro   0x0004fecb      0x27f ./Drivers/STM32N6xx_HAL_Driver/stm32n6xx_hal.o
 .debug_macro   0x0005014a      0x27a ./Drivers/STM32N6xx_HAL_Driver/stm32n6xx_hal_cortex.o
 .debug_macro   0x000503c4      0x27a ./Drivers/STM32N6xx_HAL_Driver/stm32n6xx_hal_dma.o
 .debug_macro   0x0005063e      0x280 ./Drivers/STM32N6xx_HAL_Driver/stm32n6xx_hal_gpio.o
 .debug_macro   0x000508be      0x2c7 ./Drivers/STM32N6xx_HAL_Driver/stm32n6xx_hal_pwr_ex.o
 .debug_macro   0x00050b85      0x2f7 ./Drivers/STM32N6xx_HAL_Driver/stm32n6xx_hal_rcc.o