../../Drivers/STM32N6xx_HAL_Driver/Inc/stm32n6xx_ll_bus.h:1825:26:LL_AHB5_GRP1_IsEnabledClock	16	static
C:/Users/montanab/STM32CubeIDE/LoadAndRun/Drivers/STM32N6xx_HAL_Driver/Src/stm32n6xx_hal_xspi.c:339:19:HAL_XSPI_Init	32	static
C:/Users/montanab/STM32CubeIDE/LoadAndRun/Drivers/STM32N6xx_HAL_Driver/Src/stm32n6xx_hal_xspi.c:485:13:HAL_XSPI_MspInit	16	static
C:/Users/montanab/STM32CubeIDE/LoadAndRun/Drivers/STM32N6xx_HAL_Driver/Src/stm32n6xx_hal_xspi.c:500:19:HAL_XSPI_DeInit	24	static
C:/Users/montanab/STM32CubeIDE/LoadAndRun/Drivers/STM32N6xx_HAL_Driver/Src/stm32n6xx_hal_xspi.c:543:13:HAL_XSPI_MspDeInit	16	static
C:/Users/montanab/STM32CubeIDE/LoadAndRun/Drivers/STM32N6xx_HAL_Driver/Src/stm32n6xx_hal_xspi.c:583:6:HAL_XSPI_IRQHandler	32	static
C:/Users/montanab/STM32CubeIDE/LoadAndRun/Drivers/STM32N6xx_HAL_Driver/Src/stm32n6xx_hal_xspi.c:823:19:HAL_XSPI_Command	48	static
C:/Users/montanab/STM32CubeIDE/LoadAndRun/Drivers/STM32N6xx_HAL_Driver/Src/stm32n6xx_hal_xspi.c:958:19:HAL_XSPI_Command_IT	32	static
C:/Users/montanab/STM32CubeIDE/LoadAndRun/Drivers/STM32N6xx_HAL_Driver/Src/stm32n6xx_hal_xspi.c:1047:19:HAL_XSPI_HyperbusCfg	48	static
C:/Users/montanab/STM32CubeIDE/LoadAndRun/Drivers/STM32N6xx_HAL_Driver/Src/stm32n6xx_hal_xspi.c:1098:19:HAL_XSPI_HyperbusCmd	40	static
C:/Users/montanab/STM32CubeIDE/LoadAndRun/Drivers/STM32N6xx_HAL_Driver/Src/stm32n6xx_hal_xspi.c:1165:19:HAL_XSPI_Transmit	48	static
C:/Users/montanab/STM32CubeIDE/LoadAndRun/Drivers/STM32N6xx_HAL_Driver/Src/stm32n6xx_hal_xspi.c:1237:19:HAL_XSPI_Receive	56	static
C:/Users/montanab/STM32CubeIDE/LoadAndRun/Drivers/STM32N6xx_HAL_Driver/Src/stm32n6xx_hal_xspi.c:1327:19:HAL_XSPI_Transmit_IT	24	static
C:/Users/montanab/STM32CubeIDE/LoadAndRun/Drivers/STM32N6xx_HAL_Driver/Src/stm32n6xx_hal_xspi.c:1376:19:HAL_XSPI_Receive_IT	32	static
C:/Users/montanab/STM32CubeIDE/LoadAndRun/Drivers/STM32N6xx_HAL_Driver/Src/stm32n6xx_hal_xspi.c:1448:19:HAL_XSPI_Transmit_DMA	32	static
C:/Users/montanab/STM32CubeIDE/LoadAndRun/Drivers/STM32N6xx_HAL_Driver/Src/stm32n6xx_hal_xspi.c:1631:19:HAL_XSPI_Receive_DMA	40	static
C:/Users/montanab/STM32CubeIDE/LoadAndRun/Drivers/STM32N6xx_HAL_Driver/Src/stm32n6xx_hal_xspi.c:1831:19:HAL_XSPI_AutoPolling	48	static
C:/Users/montanab/STM32CubeIDE/LoadAndRun/Drivers/STM32N6xx_HAL_Driver/Src/stm32n6xx_hal_xspi.c:1912:19:HAL_XSPI_AutoPolling_IT	40	static
C:/Users/montanab/STM32CubeIDE/LoadAndRun/Drivers/STM32N6xx_HAL_Driver/Src/stm32n6xx_hal_xspi.c:1985:19:HAL_XSPI_MemoryMapped	32	static
C:/Users/montanab/STM32CubeIDE/LoadAndRun/Drivers/STM32N6xx_HAL_Driver/Src/stm32n6xx_hal_xspi.c:2051:13:HAL_XSPI_ErrorCallback	16	static
C:/Users/montanab/STM32CubeIDE/LoadAndRun/Drivers/STM32N6xx_HAL_Driver/Src/stm32n6xx_hal_xspi.c:2066:13:HAL_XSPI_AbortCpltCallback	16	static
C:/Users/montanab/STM32CubeIDE/LoadAndRun/Drivers/STM32N6xx_HAL_Driver/Src/stm32n6xx_hal_xspi.c:2081:13:HAL_XSPI_FifoThresholdCallback	16	static
C:/Users/montanab/STM32CubeIDE/LoadAndRun/Drivers/STM32N6xx_HAL_Driver/Src/stm32n6xx_hal_xspi.c:2096:13:HAL_XSPI_CmdCpltCallback	16	static
C:/Users/montanab/STM32CubeIDE/LoadAndRun/Drivers/STM32N6xx_HAL_Driver/Src/stm32n6xx_hal_xspi.c:2111:13:HAL_XSPI_RxCpltCallback	16	static
C:/Users/montanab/STM32CubeIDE/LoadAndRun/Drivers/STM32N6xx_HAL_Driver/Src/stm32n6xx_hal_xspi.c:2126:13:HAL_XSPI_TxCpltCallback	16	static
C:/Users/montanab/STM32CubeIDE/LoadAndRun/Drivers/STM32N6xx_HAL_Driver/Src/stm32n6xx_hal_xspi.c:2141:13:HAL_XSPI_RxHalfCpltCallback	16	static
C:/Users/montanab/STM32CubeIDE/LoadAndRun/Drivers/STM32N6xx_HAL_Driver/Src/stm32n6xx_hal_xspi.c:2156:13:HAL_XSPI_TxHalfCpltCallback	16	static
C:/Users/montanab/STM32CubeIDE/LoadAndRun/Drivers/STM32N6xx_HAL_Driver/Src/stm32n6xx_hal_xspi.c:2171:13:HAL_XSPI_StatusMatchCallback	16	static
C:/Users/montanab/STM32CubeIDE/LoadAndRun/Drivers/STM32N6xx_HAL_Driver/Src/stm32n6xx_hal_xspi.c:2186:13:HAL_XSPI_TimeOutCallback	16	static
C:/Users/montanab/STM32CubeIDE/LoadAndRun/Drivers/STM32N6xx_HAL_Driver/Src/stm32n6xx_hal_xspi.c:2437:19:HAL_XSPI_Abort	32	static
C:/Users/montanab/STM32CubeIDE/LoadAndRun/Drivers/STM32N6xx_HAL_Driver/Src/stm32n6xx_hal_xspi.c:2513:19:HAL_XSPI_Abort_IT	24	static
C:/Users/montanab/STM32CubeIDE/LoadAndRun/Drivers/STM32N6xx_HAL_Driver/Src/stm32n6xx_hal_xspi.c:2605:19:HAL_XSPI_SetFifoThreshold	24	static
C:/Users/montanab/STM32CubeIDE/LoadAndRun/Drivers/STM32N6xx_HAL_Driver/Src/stm32n6xx_hal_xspi.c:2634:10:HAL_XSPI_GetFifoThreshold	16	static
C:/Users/montanab/STM32CubeIDE/LoadAndRun/Drivers/STM32N6xx_HAL_Driver/Src/stm32n6xx_hal_xspi.c:2644:19:HAL_XSPI_SetMemoryType	24	static
C:/Users/montanab/STM32CubeIDE/LoadAndRun/Drivers/STM32N6xx_HAL_Driver/Src/stm32n6xx_hal_xspi.c:2673:19:HAL_XSPI_SetDeviceSize	24	static
C:/Users/montanab/STM32CubeIDE/LoadAndRun/Drivers/STM32N6xx_HAL_Driver/Src/stm32n6xx_hal_xspi.c:2703:19:HAL_XSPI_SetClockPrescaler	24	static
C:/Users/montanab/STM32CubeIDE/LoadAndRun/Drivers/STM32N6xx_HAL_Driver/Src/stm32n6xx_hal_xspi.c:2732:19:HAL_XSPI_SetTimeout	16	static
C:/Users/montanab/STM32CubeIDE/LoadAndRun/Drivers/STM32N6xx_HAL_Driver/Src/stm32n6xx_hal_xspi.c:2743:10:HAL_XSPI_GetError	16	static
C:/Users/montanab/STM32CubeIDE/LoadAndRun/Drivers/STM32N6xx_HAL_Driver/Src/stm32n6xx_hal_xspi.c:2753:10:HAL_XSPI_GetState	16	static
C:/Users/montanab/STM32CubeIDE/LoadAndRun/Drivers/STM32N6xx_HAL_Driver/Src/stm32n6xx_hal_xspi.c:2785:19:HAL_XSPIM_Config	64	static
C:/Users/montanab/STM32CubeIDE/LoadAndRun/Drivers/STM32N6xx_HAL_Driver/Src/stm32n6xx_hal_xspi.c:2951:19:HAL_XSPI_GetDelayValue	24	static
C:/Users/montanab/STM32CubeIDE/LoadAndRun/Drivers/STM32N6xx_HAL_Driver/Src/stm32n6xx_hal_xspi.c:3003:19:HAL_XSPI_SetDelayValue	24	static
C:/Users/montanab/STM32CubeIDE/LoadAndRun/Drivers/STM32N6xx_HAL_Driver/Src/stm32n6xx_hal_xspi.c:3064:13:XSPI_DMACplt	24	static
C:/Users/montanab/STM32CubeIDE/LoadAndRun/Drivers/STM32N6xx_HAL_Driver/Src/stm32n6xx_hal_xspi.c:3081:13:XSPI_DMAHalfCplt	24	static
C:/Users/montanab/STM32CubeIDE/LoadAndRun/Drivers/STM32N6xx_HAL_Driver/Src/stm32n6xx_hal_xspi.c:3109:13:XSPI_DMAError	24	static
C:/Users/montanab/STM32CubeIDE/LoadAndRun/Drivers/STM32N6xx_HAL_Driver/Src/stm32n6xx_hal_xspi.c:3140:13:XSPI_DMAAbortCplt	24	static
C:/Users/montanab/STM32CubeIDE/LoadAndRun/Drivers/STM32N6xx_HAL_Driver/Src/stm32n6xx_hal_xspi.c:3195:26:XSPI_WaitFlagStateUntilTimeout	24	static
C:/Users/montanab/STM32CubeIDE/LoadAndRun/Drivers/STM32N6xx_HAL_Driver/Src/stm32n6xx_hal_xspi.c:3222:26:XSPI_ConfigCmd	40	static
C:/Users/montanab/STM32CubeIDE/LoadAndRun/Drivers/STM32N6xx_HAL_Driver/Src/stm32n6xx_hal_xspi.c:3420:13:XSPIM_GetConfig	24	static
