Archive member included to satisfy reference by file (symbol)

C:/ST/STM32CubeIDE_1.17.0/STM32CubeIDE/plugins/com.st.stm32cube.ide.mcu.externaltools.gnu-tools-for-stm32.12.3.rel1.win32_1.1.0.202410251130/tools/bin/../lib/gcc/arm-none-eabi/12.3.1/../../../../arm-none-eabi/lib/thumb/v8-m.main+dp/hard\libc_nano.a(libc_a-exit.o)
                              C:/ST/STM32CubeIDE_1.17.0/STM32CubeIDE/plugins/com.st.stm32cube.ide.mcu.externaltools.gnu-tools-for-stm32.12.3.rel1.win32_1.1.0.202410251130/tools/bin/../lib/gcc/arm-none-eabi/12.3.1/../../../../arm-none-eabi/lib/thumb/v8-m.main+dp/hard/crt0.o (exit)
C:/ST/STM32CubeIDE_1.17.0/STM32CubeIDE/plugins/com.st.stm32cube.ide.mcu.externaltools.gnu-tools-for-stm32.12.3.rel1.win32_1.1.0.202410251130/tools/bin/../lib/gcc/arm-none-eabi/12.3.1/../../../../arm-none-eabi/lib/thumb/v8-m.main+dp/hard\libc_nano.a(libc_a-findfp.o)
                              C:/ST/STM32CubeIDE_1.17.0/STM32CubeIDE/plugins/com.st.stm32cube.ide.mcu.externaltools.gnu-tools-for-stm32.12.3.rel1.win32_1.1.0.202410251130/tools/bin/../lib/gcc/arm-none-eabi/12.3.1/../../../../arm-none-eabi/lib/thumb/v8-m.main+dp/hard\libc_nano.a(libc_a-exit.o) (__stdio_exit_handler)
C:/ST/STM32CubeIDE_1.17.0/STM32CubeIDE/plugins/com.st.stm32cube.ide.mcu.externaltools.gnu-tools-for-stm32.12.3.rel1.win32_1.1.0.202410251130/tools/bin/../lib/gcc/arm-none-eabi/12.3.1/../../../../arm-none-eabi/lib/thumb/v8-m.main+dp/hard\libc_nano.a(libc_a-fwalk.o)
                              C:/ST/STM32CubeIDE_1.17.0/STM32CubeIDE/plugins/com.st.stm32cube.ide.mcu.externaltools.gnu-tools-for-stm32.12.3.rel1.win32_1.1.0.202410251130/tools/bin/../lib/gcc/arm-none-eabi/12.3.1/../../../../arm-none-eabi/lib/thumb/v8-m.main+dp/hard\libc_nano.a(libc_a-findfp.o) (_fwalk_sglue)
C:/ST/STM32CubeIDE_1.17.0/STM32CubeIDE/plugins/com.st.stm32cube.ide.mcu.externaltools.gnu-tools-for-stm32.12.3.rel1.win32_1.1.0.202410251130/tools/bin/../lib/gcc/arm-none-eabi/12.3.1/../../../../arm-none-eabi/lib/thumb/v8-m.main+dp/hard\libc_nano.a(libc_a-stdio.o)
                              C:/ST/STM32CubeIDE_1.17.0/STM32CubeIDE/plugins/com.st.stm32cube.ide.mcu.externaltools.gnu-tools-for-stm32.12.3.rel1.win32_1.1.0.202410251130/tools/bin/../lib/gcc/arm-none-eabi/12.3.1/../../../../arm-none-eabi/lib/thumb/v8-m.main+dp/hard\libc_nano.a(libc_a-findfp.o) (__sread)
C:/ST/STM32CubeIDE_1.17.0/STM32CubeIDE/plugins/com.st.stm32cube.ide.mcu.externaltools.gnu-tools-for-stm32.12.3.rel1.win32_1.1.0.202410251130/tools/bin/../lib/gcc/arm-none-eabi/12.3.1/../../../../arm-none-eabi/lib/thumb/v8-m.main+dp/hard\libc_nano.a(libc_a-memset.o)
                              C:/ST/STM32CubeIDE_1.17.0/STM32CubeIDE/plugins/com.st.stm32cube.ide.mcu.externaltools.gnu-tools-for-stm32.12.3.rel1.win32_1.1.0.202410251130/tools/bin/../lib/gcc/arm-none-eabi/12.3.1/../../../../arm-none-eabi/lib/thumb/v8-m.main+dp/hard/crt0.o (memset)
C:/ST/STM32CubeIDE_1.17.0/STM32CubeIDE/plugins/com.st.stm32cube.ide.mcu.externaltools.gnu-tools-for-stm32.12.3.rel1.win32_1.1.0.202410251130/tools/bin/../lib/gcc/arm-none-eabi/12.3.1/../../../../arm-none-eabi/lib/thumb/v8-m.main+dp/hard\libc_nano.a(libc_a-closer.o)
                              C:/ST/STM32CubeIDE_1.17.0/STM32CubeIDE/plugins/com.st.stm32cube.ide.mcu.externaltools.gnu-tools-for-stm32.12.3.rel1.win32_1.1.0.202410251130/tools/bin/../lib/gcc/arm-none-eabi/12.3.1/../../../../arm-none-eabi/lib/thumb/v8-m.main+dp/hard\libc_nano.a(libc_a-stdio.o) (_close_r)
C:/ST/STM32CubeIDE_1.17.0/STM32CubeIDE/plugins/com.st.stm32cube.ide.mcu.externaltools.gnu-tools-for-stm32.12.3.rel1.win32_1.1.0.202410251130/tools/bin/../lib/gcc/arm-none-eabi/12.3.1/../../../../arm-none-eabi/lib/thumb/v8-m.main+dp/hard\libc_nano.a(libc_a-reent.o)
                              C:/ST/STM32CubeIDE_1.17.0/STM32CubeIDE/plugins/com.st.stm32cube.ide.mcu.externaltools.gnu-tools-for-stm32.12.3.rel1.win32_1.1.0.202410251130/tools/bin/../lib/gcc/arm-none-eabi/12.3.1/../../../../arm-none-eabi/lib/thumb/v8-m.main+dp/hard\libc_nano.a(libc_a-closer.o) (errno)
C:/ST/STM32CubeIDE_1.17.0/STM32CubeIDE/plugins/com.st.stm32cube.ide.mcu.externaltools.gnu-tools-for-stm32.12.3.rel1.win32_1.1.0.202410251130/tools/bin/../lib/gcc/arm-none-eabi/12.3.1/../../../../arm-none-eabi/lib/thumb/v8-m.main+dp/hard\libc_nano.a(libc_a-impure.o)
                              C:/ST/STM32CubeIDE_1.17.0/STM32CubeIDE/plugins/com.st.stm32cube.ide.mcu.externaltools.gnu-tools-for-stm32.12.3.rel1.win32_1.1.0.202410251130/tools/bin/../lib/gcc/arm-none-eabi/12.3.1/../../../../arm-none-eabi/lib/thumb/v8-m.main+dp/hard\libc_nano.a(libc_a-reent.o) (_impure_ptr)
C:/ST/STM32CubeIDE_1.17.0/STM32CubeIDE/plugins/com.st.stm32cube.ide.mcu.externaltools.gnu-tools-for-stm32.12.3.rel1.win32_1.1.0.202410251130/tools/bin/../lib/gcc/arm-none-eabi/12.3.1/../../../../arm-none-eabi/lib/thumb/v8-m.main+dp/hard\libc_nano.a(libc_a-lseekr.o)
[...]
Memory Configuration

Name             Origin             Length             Attributes
ROM              0x91000400         0x0007fc00         xrw
RAM              0x34000000         0x00200000         xrw
*default*        0x00000000         0xffffffff

Linker script and memory map

LOAD C:/ST/STM32CubeIDE_1.17.0/STM32CubeIDE/plugins/com.st.stm32cube.ide.mcu.externaltools.gnu-tools-for-stm32.12.3.rel1.win32_1.1.0.202410251130/tools/bin/../lib/gcc/arm-none-eabi/12.3.1/thumb/v8-m.main+dp/hard/crti.o
LOAD C:/ST/STM32CubeIDE_1.17.0/STM32CubeIDE/plugins/com.st.stm32cube.ide.mcu.externaltools.gnu-tools-for-stm32.12.3.rel1.win32_1.1.0.202410251130/tools/bin/../lib/gcc/arm-none-eabi/12.3.1/thumb/v8-m.main+dp/hard/crtbegin.o
LOAD C:/ST/STM32CubeIDE_1.17.0/STM32CubeIDE/plugins/com.st.stm32cube.ide.mcu.externaltools.gnu-tools-for-stm32.12.3.rel1.win32_1.1.0.202410251130/tools/bin/../lib/gcc/arm-none-eabi/12.3.1/../../../../arm-none-eabi/lib/thumb/v8-m.main+dp/hard/crt0.o
LOAD ./Application/User/Core/main.o
LOAD ./Application/User/Core/secure_nsc.o
LOAD ./Application/User/Core/stm32n6xx_hal_msp.o
LOAD ./Application/User/Core/stm32n6xx_it.o
LOAD ./Application/User/Core/syscalls.o
LOAD ./Application/User/Core/sysmem.o
LOAD ./Application/User/Startup/startup_stm32n657x0hxq.o
LOAD ./Drivers/CMSIS/system_stm32n6xx_s.o
LOAD ./Drivers/STM32N6xx_HAL_Driver/stm32n6xx_hal.o
LOAD ./Drivers/STM32N6xx_HAL_Driver/stm32n6xx_hal_cortex.o
LOAD ./Drivers/STM32N6xx_HAL_Driver/stm32n6xx_hal_dma.o
LOAD ./Drivers/STM32N6xx_HAL_Driver/stm32n6xx_hal_dma_ex.o
LOAD ./Drivers/STM32N6xx_HAL_Driver/stm32n6xx_hal_exti.o
LOAD ./Drivers/STM32N6xx_HAL_Driver/stm32n6xx_hal_gpio.o
LOAD ./Drivers/STM32N6xx_HAL_Driver/stm32n6xx_hal_pwr.o
LOAD ./Drivers/STM32N6xx_HAL_Driver/stm32n6xx_hal_pwr_ex.o
LOAD ./Drivers/STM32N6xx_HAL_Driver/stm32n6xx_hal_rcc.o
LOAD ./Drivers/STM32N6xx_HAL_Driver/stm32n6xx_hal_rcc_ex.o
LOAD ./Drivers/STM32N6xx_HAL_Driver/stm32n6xx_hal_rif.o
START GROUP
LOAD C:/ST/STM32CubeIDE_1.17.0/STM32CubeIDE/plugins/com.st.stm32cube.ide.mcu.externaltools.gnu-tools-for-stm32.12.3.rel1.win32_1.1.0.202410251130/tools/bin/../lib/gcc/arm-none-eabi/12.3.1/../../../../arm-none-eabi/lib/thumb/v8-m.main+dp/hard\libc_nano.a
LOAD C:/ST/STM32CubeIDE_1.17.0/STM32CubeIDE/plugins/com.st.stm32cube.ide.mcu.externaltools.gnu-tools-for-stm32.12.3.rel1.win32_1.1.0.202410251130/tools/bin/../lib/gcc/arm-none-eabi/12.3.1/../../../../arm-none-eabi/lib/thumb/v8-m.main+dp/hard\libm.a
END GROUP
START GROUP
LOAD C:/ST/STM32CubeIDE_1.17.0/STM32CubeIDE/plugins/com.st.stm32cube.ide.mcu.externaltools.gnu-tools-for-stm32.12.3.rel1.win32_1.1.0.202410251130/tools/bin/../lib/gcc/arm-none-eabi/12.3.1/thumb/v8-m.main+dp/hard\libgcc.a
LOAD C:/ST/STM32CubeIDE_1.17.0/STM32CubeIDE/plugins/com.st.stm32cube.ide.mcu.externaltools.gnu-tools-for-stm32.12.3.rel1.win32_1.1.0.202410251130/tools/bin/../lib/gcc/arm-none-eabi/12.3.1/../../../../arm-none-eabi/lib/thumb/v8-m.main+dp/hard\libc_nano.a
END GROUP
START GROUP
LOAD C:/ST/STM32CubeIDE_1.17.0/STM32CubeIDE/plugins/com.st.stm32cube.ide.mcu.externaltools.gnu-tools-for-stm32.12.3.rel1.win32_1.1.0.202410251130/tools/bin/../lib/gcc/arm-none-eabi/12.3.1/thumb/v8-m.main+dp/hard\libgcc.a
LOAD C:/ST/STM32CubeIDE_1.17.0/STM32CubeIDE/plugins/com.st.stm32cube.ide.mcu.externaltools.gnu-tools-for-stm32.12.3.rel1.win32_1.1.0.202410251130/tools/bin/../lib/gcc/arm-none-eabi/12.3.1/../../../../arm-none-eabi/lib/thumb/v8-m.main+dp/hard\libc_nano.a
LOAD C:/ST/STM32CubeIDE_1.17.0/STM32CubeIDE/plugins/com.st.stm32cube.ide.mcu.externaltools.gnu-tools-for-stm32.12.3.rel1.win32_1.1.0.202410251130/tools/bin/../lib/gcc/arm-none-eabi/12.3.1/../../../../arm-none-eabi/lib/thumb/v8-m.main+dp/hard\libnosys.a
END GROUP
START GROUP
LOAD C:/ST/STM32CubeIDE_1.17.0/STM32CubeIDE/plugins/com.st.stm32cube.ide.mcu.externaltools.gnu-tools-for-stm32.12.3.rel1.win32_1.1.0.202410251130/tools/bin/../lib/gcc/arm-none-eabi/12.3.1/thumb/v8-m.main+dp/hard\libgcc.a
LOAD C:/ST/STM32CubeIDE_1.17.0/STM32CubeIDE/plugins/com.st.stm32cube.ide.mcu.externaltools.gnu-tools-for-stm32.12.3.rel1.win32_1.1.0.202410251130/tools/bin/../lib/gcc/arm-none-eabi/12.3.1/../../../../arm-none-eabi/lib/thumb/v8-m.main+dp/hard\libc_nano.a
LOAD C:/ST/STM32CubeIDE_1.17.0/STM32CubeIDE/plugins/com.st.stm32cube.ide.mcu.externaltools.gnu-tools-for-stm32.12.3.rel1.win32_1.1.0.202410251130/tools/bin/../lib/gcc/arm-none-eabi/12.3.1/../../../../arm-none-eabi/lib/thumb/v8-m.main+dp/hard\libnosys.a
END GROUP
LOAD C:/ST/STM32CubeIDE_1.17.0/STM32CubeIDE/plugins/com.st.stm32cube.ide.mcu.externaltools.gnu-tools-for-stm32.12.3.rel1.win32_1.1.0.202410251130/tools/bin/../lib/gcc/arm-none-eabi/12.3.1/thumb/v8-m.main+dp/hard/crtend.o
LOAD C:/ST/STM32CubeIDE_1.17.0/STM32CubeIDE/plugins/com.st.stm32cube.ide.mcu.externaltools.gnu-tools-for-stm32.12.3.rel1.win32_1.1.0.202410251130/tools/bin/../lib/gcc/arm-none-eabi/12.3.1/thumb/v8-m.main+dp/hard/crtn.o
                0x00000200                        _Min_Heap_Size = 0x200
                0x00000800                        _Min_Stack_Size = 0x800
                0x34200000                        _estack = (ORIGIN (RAM) + LENGTH (RAM))
                0x341ff800                        _sstack = (_estack - _Min_Stack_Size)

.isr_vector     0x91000400      0x34c
                0x91000400                        . = ALIGN (0x4)
 *(.isr_vector)
 .isr_vector    0x91000400      0x34c ./Application/User/Startup/startup_stm32n657x0hxq.o
                0x91000400                g_pfnVectors
                0x9100074c                        . = ALIGN (0x4)

.text           0x9100074c     0x1034
                0x9100074c                        . = ALIGN (0x4)
 *(.text)
 .text          0x9100074c       0x40 C:/ST/STM32CubeIDE_1.17.0/STM32CubeIDE/plugins/com.st.stm32cube.ide.mcu.externaltools.gnu-tools-for-stm32.12.3.rel1.win32_1.1.0.202410251130/tools/bin/../lib/gcc/arm-none-eabi/12.3.1/thumb/v8-m.main+dp/hard/crtbegin.o
 *(.text*)
 .text.LL_AHB3_GRP1_EnableClock
                0x9100078c       0x2c ./Application/User/Core/main.o
 .text.LL_AHB4_GRP1_EnableClock
                0x910007b8       0x2c ./Application/User/Core/main.o
 .text.main     0x910007e4       0x30 ./Application/User/Core/main.o
                0x910007e4                main
 .text.SystemIsolation_Config
                0x91000814      0x1b4 ./Application/User/Core/main.o
 .text.MX_GPIO_Init
                0x910009c8       0x4c ./Application/User/Core/main.o
 .text.SECURE_RegisterCallback
                0x91000a14       0x54 ./Application/User/Core/secure_nsc.o
                0x91000a14                __acle_se_SECURE_RegisterCallback
 .text.HAL_MspInit
                0x91000a68       0x10 ./Application/User/Core/stm32n6xx_hal_msp.o
                0x91000a68                HAL_MspInit
 .text.NMI_Handler
                0x91000a78        0x8 ./Application/User/Core/stm32n6xx_it.o
                0x91000a78                NMI_Handler
 .text.HardFault_Handler
                0x91000a80        0x8 ./Application/User/Core/stm32n6xx_it.o
                0x91000a80                HardFault_Handler
 .text.MemManage_Handler
                0x91000a88        0x8 ./Application/User/Core/stm32n6xx_it.o
                0x91000a88                MemManage_Handler
 .text.BusFault_Handler
                0x91000a90        0x8 ./Application/User/Core/stm32n6xx_it.o
                0x91000a90                BusFault_Handler
 .text.UsageFault_Handler
                0x91000a98        0x8 ./Application/User/Core/stm32n6xx_it.o
                0x91000a98                UsageFault_Handler
 .text.SecureFault_Handler
                0x91000aa0        0x8 ./Application/User/Core/stm32n6xx_it.o
                0x91000aa0                SecureFault_Handler
 .text.SVC_Handler
                0x91000aa8        0xe ./Application/User/Core/stm32n6xx_it.o
                0x91000aa8                SVC_Handler
 .text.DebugMon_Handler
                0x91000ab6        0xe ./Application/User/Core/stm32n6xx_it.o
                0x91000ab6                DebugMon_Handler
 .text.PendSV_Handler
                0x91000ac4        0xe ./Application/User/Core/stm32n6xx_it.o
                0x91000ac4                PendSV_Handler
 .text.SysTick_Handler
                0x91000ad2        0xc ./Application/User/Core/stm32n6xx_it.o
                0x91000ad2                SysTick_Handler
 *fill*         0x91000ade        0x2 
 .text.Reset_Handler
                0x91000ae0       0x5c ./Application/User/Startup/startup_stm32n657x0hxq.o
                0x91000ae0                Reset_Handler
 .text.Default_Handler
                0x91000b3c        0x2 ./Application/User/Startup/startup_stm32n657x0hxq.o
                0x91000b3c                HPDMA1_Channel13_IRQHandler
                0x91000b3c                EXTI2_IRQHandler
                0x91000b3c                MCE2_IRQHandler
                0x91000b3c                TIM8_CC_IRQHandler
                0x91000b3c                USB2_OTG_HS_IRQHandler
                0x91000b3c                SAI1_A_IRQHandler
                0x91000b3c                EXTI5_IRQHandler
                0x91000b3c                I3C1_ER_IRQHandler
                0x91000b3c                UART8_IRQHandler
                0x91000b3c                CTI_INT0_IRQHandler
                0x91000b3c                SPI4_IRQHandler
                0x91000b3c                LTDC_LO_IRQHandler
                0x91000b3c                NPU2_IRQHandler
                0x91000b3c                FDCAN3_IT0_IRQHandler
                0x91000b3c                EXTI13_IRQHandler
                0x91000b3c                TIM1_CC_IRQHandler
                0x91000b3c                XSPI1_IRQHandler
                0x91000b3c                TIM10_IRQHandler
                0x91000b3c                JPEG_IRQHandler
                0x91000b3c                TAMP_IRQHandler
                0x91000b3c                CACHE_ECC_IRQHandler
                0x91000b3c                TIM6_IRQHandler
                0x91000b3c                CSI_IRQHandler
                0x91000b3c                EXTI12_IRQHandler
                0x91000b3c                GFXTIM_IRQHandler
                0x91000b3c                EXTI3_IRQHandler
                0x91000b3c                LPTIM4_IRQHandler
                0x91000b3c                GPDMA1_Channel5_IRQHandler
                0x91000b3c                EXTI8_IRQHandler
                0x91000b3c                LPTIM2_IRQHandler
                0x91000b3c                GFXMMU_IRQHandler
                0x91000b3c                LTDC_LO_ERR_IRQHandler
                0x91000b3c                I2C3_ER_IRQHandler
                0x91000b3c                RIFSC_TAMPER_IRQHandler
                0x91000b3c                USART10_IRQHandler
                0x91000b3c                MDF1_FLT2_IRQHandler
                0x91000b3c                LPTIM3_IRQHandler
                0x91000b3c                SAI2_A_IRQHandler
                0x91000b3c                EXTI0_IRQHandler
                0x91000b3c                HPDMA1_Channel9_IRQHandler
                0x91000b3c                I2C2_EV_IRQHandler
                0x91000b3c                GPU2D_IRQHandler
                0x91000b3c                FPU_IRQHandler
                0x91000b3c                GPDMA1_Channel3_IRQHandler
                0x91000b3c                GPDMA1_Channel7_IRQHandler
                0x91000b3c                MDF1_FLT4_IRQHandler
                0x91000b3c                FDCAN1_IT1_IRQHandler
                0x91000b3c                HPDMA1_Channel3_IRQHandler
                0x91000b3c                ADC1_2_IRQHandler
                0x91000b3c                GPDMA1_Channel9_IRQHandler
                0x91000b3c                SPI1_IRQHandler
                0x91000b3c                CACHEAXI_IRQHandler
                0x91000b3c                SAI1_B_IRQHandler
                0x91000b3c                GPDMA1_Channel2_IRQHandler
                0x91000b3c                PAHB_ERR_IRQHandler
                0x91000b3c                TIM8_UP_IRQHandler
                0x91000b3c                RCC_S_IRQHandler
                0x91000b3c                MDF1_FLT1_IRQHandler
                0x91000b3c                LTDC_UP_IRQHandler
                0x91000b3c                LOCKUP_IRQHandler
                0x91000b3c                PKA_IRQHandler
                0x91000b3c                USART6_IRQHandler
                0x91000b3c                HPDMA1_Channel2_IRQHandler
                0x91000b3c                MDF1_FLT5_IRQHandler
                0x91000b3c                MCE4_IRQHandler
                0x91000b3c                I3C2_ER_IRQHandler
                0x91000b3c                EXTI15_IRQHandler
                0x91000b3c                TIM17_IRQHandler
                0x91000b3c                USART3_IRQHandler
                0x91000b3c                HPDMA1_Channel6_IRQHandler
                0x91000b3c                CRYP_IRQHandler
                0x91000b3c                RTC_IRQHandler
                0x91000b3c                XSPI2_IRQHandler
                0x91000b3c                EXTI9_IRQHandler
                0x91000b3c                IAC_IRQHandler
                0x91000b3c                HPDMA1_Channel0_IRQHandler
                0x91000b3c                LPTIM5_IRQHandler
                0x91000b3c                HPDMA1_Channel1_IRQHandler
                0x91000b3c                UART5_IRQHandler
                0x91000b3c                TIM4_IRQHandler
                0x91000b3c                NPU3_IRQHandler
                0x91000b3c                I3C2_EV_IRQHandler
                0x91000b3c                I2C1_EV_IRQHandler
                0x91000b3c                FDCAN_CU_IRQHandler
                0x91000b3c                GPDMA1_Channel12_IRQHandler
                0x91000b3c                HPDMA1_Channel7_IRQHandler
                0x91000b3c                GPDMA1_Channel1_IRQHandler
                0x91000b3c                TIM16_IRQHandler
                0x91000b3c                GPDMA1_Channel15_IRQHandler
                0x91000b3c                UART4_IRQHandler
                0x91000b3c                TCM_ECC_IRQHandler
                0x91000b3c                TIM3_IRQHandler
                0x91000b3c                RCC_IRQHandler
                0x91000b3c                UART9_IRQHandler
                0x91000b3c                NPU1_IRQHandler
                0x91000b3c                SAI2_B_IRQHandler
                0x91000b3c                Default_Handler
                0x91000b3c                GPDMA1_Channel8_IRQHandler
                0x91000b3c                HPDMA1_Channel8_IRQHandler
                0x91000b3c                TIM18_IRQHandler
                0x91000b3c                TIM14_IRQHandler
                0x91000b3c                TIM13_IRQHandler
                0x91000b3c                CTI_INT1_IRQHandler
                0x91000b3c                GPDMA1_Channel11_IRQHandler
                0x91000b3c                GPU2D_ER_IRQHandler
                0x91000b3c                SPI5_IRQHandler
                0x91000b3c                TIM12_IRQHandler
                0x91000b3c                TIM7_IRQHandler
                0x91000b3c                FDCAN3_IT1_IRQHandler
                0x91000b3c                HPDMA1_Channel10_IRQHandler
                0x91000b3c                SDMMC1_IRQHandler
                0x91000b3c                SAES_IRQHandler
                0x91000b3c                TIM5_IRQHandler
                0x91000b3c                UCPD1_IRQHandler
                0x91000b3c                GPDMA1_Channel0_IRQHandler
                0x91000b3c                I3C1_EV_IRQHandler
                0x91000b3c                HPDMA1_Channel5_IRQHandler
                0x91000b3c                TIM15_IRQHandler
                0x91000b3c                I2C3_EV_IRQHandler
                0x91000b3c                HPDMA1_Channel4_IRQHandler
                0x91000b3c                HPDMA1_Channel15_IRQHandler
                0x91000b3c                TIM9_IRQHandler
                0x91000b3c                ETH1_IRQHandler
                0x91000b3c                USB1_OTG_HS_IRQHandler
                0x91000b3c                PVD_PVM_IRQHandler
                0x91000b3c                SPI2_IRQHandler
                0x91000b3c                TIM1_TRG_CCU_IRQHandler
                0x91000b3c                HPDMA1_Channel11_IRQHandler
                0x91000b3c                EXTI14_IRQHandler
                0x91000b3c                EXTI11_IRQHandler
                0x91000b3c                VENC_IRQHandler
                0x91000b3c                GPDMA1_Channel14_IRQHandler
                0x91000b3c                EXTI4_IRQHandler
                0x91000b3c                RTC_S_IRQHandler
                0x91000b3c                GPDMA1_Channel13_IRQHandler
                0x91000b3c                RNG_IRQHandler
                0x91000b3c                XSPI3_IRQHandler
                0x91000b3c                FDCAN2_IT1_IRQHandler
                0x91000b3c                TIM1_UP_IRQHandler
                0x91000b3c                NPU0_IRQHandler
                0x91000b3c                BCK_ECC_IRQHandler
                0x91000b3c                WWDG_IRQHandler
                0x91000b3c                SPI6_IRQHandler
                0x91000b3c                MDIOS_IRQHandler
                0x91000b3c                I2C4_EV_IRQHandler
                0x91000b3c                FDCAN2_IT0_IRQHandler
                0x91000b3c                HPDMA1_Channel14_IRQHandler
                0x91000b3c                LPUART1_IRQHandler
                0x91000b3c                FDCAN1_IT0_IRQHandler
                0x91000b3c                MDF1_FLT0_IRQHandler
                0x91000b3c                TIM2_IRQHandler
                0x91000b3c                MCE3_IRQHandler
                0x91000b3c                GPDMA1_Channel4_IRQHandler
                0x91000b3c                EXTI7_IRQHandler
                0x91000b3c                DMA2D_IRQHandler
                0x91000b3c                TIM1_BRK_IRQHandler
                0x91000b3c                EXTI1_IRQHandler
                0x91000b3c                SDMMC2_IRQHandler
                0x91000b3c                TIM11_IRQHandler
                0x91000b3c                LTDC_UP_ERR_IRQHandler
                0x91000b3c                UART7_IRQHandler
                0x91000b3c                DTS_IRQHandler
                0x91000b3c                MDF1_FLT3_IRQHandler
                0x91000b3c                USART2_IRQHandler
                0x91000b3c                GPDMA1_Channel6_IRQHandler
                0x91000b3c                ADF1_FLT0_IRQHandler
                0x91000b3c                I2C2_ER_IRQHandler
                0x91000b3c                MCE1_IRQHandler
                0x91000b3c                SPDIFRX_IRQHandler
                0x91000b3c                TIM8_BRK_IRQHandler
                0x91000b3c                HPDMA1_Channel12_IRQHandler
                0x91000b3c                USART1_IRQHandler
                0x91000b3c                EXTI10_IRQHandler
                0x91000b3c                SPI3_IRQHandler
                0x91000b3c                WAKEUP_PIN_IRQHandler
                0x91000b3c                DCMIPP_IRQHandler
                0x91000b3c                I2C1_ER_IRQHandler
                0x91000b3c                FMC_IRQHandler
                0x91000b3c                EXTI6_IRQHandler
                0x91000b3c                LPTIM1_IRQHandler
                0x91000b3c                DCMI_PSSI_IRQHandler
                0x91000b3c                TIM8_TRG_CCU_IRQHandler
                0x91000b3c                I2C4_ER_IRQHandler
                0x91000b3c                GPDMA1_Channel10_IRQHandler
                0x91000b3c                ICACHE_IRQHandler
                0x91000b3c                HASH_IRQHandler
 *fill*         0x91000b3e        0x2 
 .text.TZ_SAU_Setup
                0x91000b40       0x74 ./Drivers/CMSIS/system_stm32n6xx_s.o
 .text.SystemInit
                0x91000bb4       0x70 ./Drivers/CMSIS/system_stm32n6xx_s.o
                0x91000bb4                SystemInit
 .text.SystemCoreClockUpdate
                0x91000c24      0x350 ./Drivers/CMSIS/system_stm32n6xx_s.o
                0x91000c24                SystemCoreClockUpdate
 .text.SECURE_SystemCoreClockUpdate
                0x91000f74       0x2c ./Drivers/CMSIS/system_stm32n6xx_s.o
                0x91000f74                __acle_se_SECURE_SystemCoreClockUpdate
 .text.HAL_Init
                0x91000fa0       0x28 ./Drivers/STM32N6xx_HAL_Driver/stm32n6xx_hal.o
                0x91000fa0                HAL_Init
 .text.HAL_InitTick
                0x91000fc8       0x6c ./Drivers/STM32N6xx_HAL_Driver/stm32n6xx_hal.o
                0x91000fc8                HAL_InitTick
 .text.HAL_IncTick
                0x91001034       0x28 ./Drivers/STM32N6xx_HAL_Driver/stm32n6xx_hal.o
                0x91001034                HAL_IncTick
 .text.HAL_GetTick
                0x9100105c       0x18 ./Drivers/STM32N6xx_HAL_Driver/stm32n6xx_hal.o
                0x9100105c                HAL_GetTick
 .text.HAL_Delay
                0x91001074       0x48 ./Drivers/STM32N6xx_HAL_Driver/stm32n6xx_hal.o
                0x91001074                HAL_Delay
 .text.__NVIC_SetPriorityGrouping
                0x910010bc       0x48 ./Drivers/STM32N6xx_HAL_Driver/stm32n6xx_hal_cortex.o
 .text.__NVIC_GetPriorityGrouping
                0x91001104       0x1c ./Drivers/STM32N6xx_HAL_Driver/stm32n6xx_hal_cortex.o
 .text.__NVIC_SetPriority
                0x91001120       0x54 ./Drivers/STM32N6xx_HAL_Driver/stm32n6xx_hal_cortex.o
 .text.NVIC_EncodePriority
                0x91001174       0x66 ./Drivers/STM32N6xx_HAL_Driver/stm32n6xx_hal_cortex.o
 *fill*         0x910011da        0x2 
 .text.SysTick_Config
                0x910011dc       0x44 ./Drivers/STM32N6xx_HAL_Driver/stm32n6xx_hal_cortex.o
 .text.HAL_NVIC_SetPriorityGrouping
                0x91001220       0x16 ./Drivers/STM32N6xx_HAL_Driver/stm32n6xx_hal_cortex.o
                0x91001220                HAL_NVIC_SetPriorityGrouping
 .text.HAL_NVIC_SetPriority
                0x91001236       0x3a ./Drivers/STM32N6xx_HAL_Driver/stm32n6xx_hal_cortex.o
                0x91001236                HAL_NVIC_SetPriority
 .text.HAL_SYSTICK_Config
                0x91001270       0x18 ./Drivers/STM32N6xx_HAL_Driver/stm32n6xx_hal_cortex.o
                0x91001270                HAL_SYSTICK_Config
 .text.HAL_GPIO_Init
                0x91001288      0x364 ./Drivers/STM32N6xx_HAL_Driver/stm32n6xx_hal_gpio.o
                0x91001288                HAL_GPIO_Init
 .text.HAL_GPIO_WritePin
                0x910015ec       0x30 ./Drivers/STM32N6xx_HAL_Driver/stm32n6xx_hal_gpio.o
                0x910015ec                HAL_GPIO_WritePin
 .text.HAL_GPIO_TogglePin
                0x9100161c       0x34 ./Drivers/STM32N6xx_HAL_Driver/stm32n6xx_hal_gpio.o
                0x9100161c                HAL_GPIO_TogglePin
 .text.HAL_GPIO_ConfigPinAttributes
                0x91001650       0x8e ./Drivers/STM32N6xx_HAL_Driver/stm32n6xx_hal_gpio.o
                0x91001650                HAL_GPIO_ConfigPinAttributes
 *fill*         0x910016de        0x2 
 .text.HAL_PWREx_EnableVddIO2
                0x910016e0       0x20 ./Drivers/STM32N6xx_HAL_Driver/stm32n6xx_hal_pwr_ex.o
                0x910016e0                HAL_PWREx_EnableVddIO2
 .text.HAL_PWREx_EnableVddIO3
                0x91001700       0x20 ./Drivers/STM32N6xx_HAL_Driver/stm32n6xx_hal_pwr_ex.o
                0x91001700                HAL_PWREx_EnableVddIO3
 .text.__libc_init_array
                0x91001720       0x48 C:/ST/STM32CubeIDE_1.17.0/STM32CubeIDE/plugins/com.st.stm32cube.ide.mcu.externaltools.gnu-tools-for-stm32.12.3.rel1.win32_1.1.0.202410251130/tools/bin/../lib/gcc/arm-none-eabi/12.3.1/../../../../arm-none-eabi/lib/thumb/v8-m.main+dp/hard\libc_nano.a(libc_a-init.o)
                0x91001720                __libc_init_array
 *(.glue_7)
 .glue_7        0x91001768        0x0 linker stubs
 *(.glue_7t)
 .glue_7t       0x91001768        0x0 linker stubs
 *(.eh_frame)
 .eh_frame      0x91001768        0x0 C:/ST/STM32CubeIDE_1.17.0/STM32CubeIDE/plugins/com.st.stm32cube.ide.mcu.externaltools.gnu-tools-for-stm32.12.3.rel1.win32_1.1.0.202410251130/tools/bin/../lib/gcc/arm-none-eabi/12.3.1/thumb/v8-m.main+dp/hard/crtbegin.o
 *(.RamFunc)
 *(.RamFunc*)
 *(.init)
 .init          0x91001768        0x4 C:/ST/STM32CubeIDE_1.17.0/STM32CubeIDE/plugins/com.st.stm32cube.ide.mcu.externaltools.gnu-tools-for-stm32.12.3.rel1.win32_1.1.0.202410251130/tools/bin/../lib/gcc/arm-none-eabi/12.3.1/thumb/v8-m.main+dp/hard/crti.o
                0x91001768                _init
 .init          0x9100176c        0x8 C:/ST/STM32CubeIDE_1.17.0/STM32CubeIDE/plugins/com.st.stm32cube.ide.mcu.externaltools.gnu-tools-for-stm32.12.3.rel1.win32_1.1.0.202410251130/tools/bin/../lib/gcc/arm-none-eabi/12.3.1/thumb/v8-m.main+dp/hard/crtn.o
 *(.fini)
 .fini          0x91001774        0x4 C:/ST/STM32CubeIDE_1.17.0/STM32CubeIDE/plugins/com.st.stm32cube.ide.mcu.externaltools.gnu-tools-for-stm32.12.3.rel1.win32_1.1.0.202410251130/tools/bin/../lib/gcc/arm-none-eabi/12.3.1/thumb/v8-m.main+dp/hard/crti.o
                0x91001774                _fini
 .fini          0x91001778        0x8 C:/ST/STM32CubeIDE_1.17.0/STM32CubeIDE/plugins/com.st.stm32cube.ide.mcu.externaltools.gnu-tools-for-stm32.12.3.rel1.win32_1.1.0.202410251130/tools/bin/../lib/gcc/arm-none-eabi/12.3.1/thumb/v8-m.main+dp/hard/crtn.o
                0x91001780                        . = ALIGN (0x4)
                0x91001780                        _etext = .

.vfp11_veneer   0x91001780        0x0
 .vfp11_veneer  0x91001780        0x0 linker stubs

.v4_bx          0x91001780        0x0
 .v4_bx         0x91001780        0x0 linker stubs

.iplt           0x91001780        0x0
 .iplt          0x91001780        0x0 C:/ST/STM32CubeIDE_1.17.0/STM32CubeIDE/plugins/com.st.stm32cube.ide.mcu.externaltools.gnu-tools-for-stm32.12.3.rel1.win32_1.1.0.202410251130/tools/bin/../lib/gcc/arm-none-eabi/12.3.1/thumb/v8-m.main+dp/hard/crtbegin.o

.rodata         0x91001780        0x0
                0x91001780                        . = ALIGN (0x4)
 *(.rodata)
 *(.rodata*)
                0x91001780                        . = ALIGN (0x4)

.ARM.extab      0x91001780        0x0
                0x91001780                        . = ALIGN (0x4)
 *(.ARM.extab* .gnu.linkonce.armextab.*)
                0x91001780                        . = ALIGN (0x4)

.ARM            0x91001780        0x0
                0x91001780                        . = ALIGN (0x4)
                0x91001780                        __exidx_start = .
 *(.ARM.exidx*)
                0x91001780                        __exidx_end = .
                0x91001780                        . = ALIGN (0x4)

.preinit_array  0x91001780        0x0
                0x91001780                        . = ALIGN (0x4)
                0x91001780                        PROVIDE (__preinit_array_start = .)
 *(.preinit_array*)
                0x91001780                        PROVIDE (__preinit_array_end = .)
                0x91001780                        . = ALIGN (0x4)

.init_array     0x91001780        0x4
                0x91001780                        . = ALIGN (0x4)
                0x91001780                        PROVIDE (__init_array_start = .)
 *(SORT_BY_NAME(.init_array.*))
 *(.init_array*)
 .init_array    0x91001780        0x4 C:/ST/STM32CubeIDE_1.17.0/STM32CubeIDE/plugins/com.st.stm32cube.ide.mcu.externaltools.gnu-tools-for-stm32.12.3.rel1.win32_1.1.0.202410251130/tools/bin/../lib/gcc/arm-none-eabi/12.3.1/thumb/v8-m.main+dp/hard/crtbegin.o
                0x91001784                        PROVIDE (__init_array_end = .)
                0x91001784                        . = ALIGN (0x4)

.fini_array     0x91001784        0x4
                0x91001784                        . = ALIGN (0x4)
                [!provide]                        PROVIDE (__fini_array_start = .)
 *(SORT_BY_NAME(.fini_array.*))
 *(.fini_array*)
 .fini_array    0x91001784        0x4 C:/ST/STM32CubeIDE_1.17.0/STM32CubeIDE/plugins/com.st.stm32cube.ide.mcu.externaltools.gnu-tools-for-stm32.12.3.rel1.win32_1.1.0.202410251130/tools/bin/../lib/gcc/arm-none-eabi/12.3.1/thumb/v8-m.main+dp/hard/crtbegin.o
                [!provide]                        PROVIDE (__fini_array_end = .)
                0x91001788                        . = ALIGN (0x4)
                0x91001788                        _sidata = LOADADDR (.data)

.rel.dyn        0x91001788        0x0
 .rel.iplt      0x91001788        0x0 C:/ST/STM32CubeIDE_1.17.0/STM32CubeIDE/plugins/com.st.stm32cube.ide.mcu.externaltools.gnu-tools-for-stm32.12.3.rel1.win32_1.1.0.202410251130/tools/bin/../lib/gcc/arm-none-eabi/12.3.1/thumb/v8-m.main+dp/hard/crtbegin.o

.data           0x34000000        0xc load address 0x91001788
                0x34000000                        . = ALIGN (0x4)
                0x34000000                        _sdata = .
 *(.data)
 *(.data*)
 .data.SystemCoreClock
                0x34000000        0x4 ./Drivers/CMSIS/system_stm32n6xx_s.o
                0x34000000                SystemCoreClock
 .data.uwTickPrio
                0x34000004        0x4 ./Drivers/STM32N6xx_HAL_Driver/stm32n6xx_hal.o
                0x34000004                uwTickPrio
 .data.uwTickFreq
                0x34000008        0x1 ./Drivers/STM32N6xx_HAL_Driver/stm32n6xx_hal.o
                0x34000008                uwTickFreq
                0x3400000c                        . = ALIGN (0x4)
 *fill*         0x34000009        0x3 
                0x3400000c                        _edata = .

.igot.plt       0x3400000c        0x0 load address 0x91001794
 .igot.plt      0x3400000c        0x0 C:/ST/STM32CubeIDE_1.17.0/STM32CubeIDE/plugins/com.st.stm32cube.ide.mcu.externaltools.gnu-tools-for-stm32.12.3.rel1.win32_1.1.0.202410251130/tools/bin/../lib/gcc/arm-none-eabi/12.3.1/thumb/v8-m.main+dp/hard/crtbegin.o

.noncacheable   0x3400000c        0x4 load address 0x91001794
                0x34000010                        . = ALIGN (0x8)
 *fill*         0x3400000c        0x4 
                0x34000010                        __snoncacheable = .
 *(.noncacheable)
                0x34000010                        . = ALIGN (0x8)
                0x34000010                        __enoncacheable = .

.gnu.sgstubs    0x910017a0       0x20
                0x910017a0                        . = ALIGN (0x4)
 *(.gnu.sgstubs*)
                0x910017a0                        . = ALIGN (0x4)
 .gnu.sgstubs.__stub
                0x910017a0       0x10 linker stubs
                0x910017a0                SECURE_SystemCoreClockUpdate
                0x910017a8                SECURE_RegisterCallback
                0x910017b0                        . = ALIGN (0x4)

.bss            0x34000010       0x28
                0x34000010                        _sbss = .
                0x34000010                        __bss_start__ = _sbss
 *(.bss)
 .bss           0x34000010       0x1c C:/ST/STM32CubeIDE_1.17.0/STM32CubeIDE/plugins/com.st.stm32cube.ide.mcu.externaltools.gnu-tools-for-stm32.12.3.rel1.win32_1.1.0.202410251130/tools/bin/../lib/gcc/arm-none-eabi/12.3.1/thumb/v8-m.main+dp/hard/crtbegin.o
 *(.bss*)
 .bss.pSecureFaultCallback
                0x3400002c        0x4 ./Application/User/Core/secure_nsc.o
                0x3400002c                pSecureFaultCallback
 .bss.pSecureErrorCallback
                0x34000030        0x4 ./Application/User/Core/secure_nsc.o
                0x34000030                pSecureErrorCallback
 .bss.uwTick    0x34000034        0x4 ./Drivers/STM32N6xx_HAL_Driver/stm32n6xx_hal.o
                0x34000034                uwTick
 *(COMMON)
                0x34000038                        . = ALIGN (0x4)
                0x34000038                        _ebss = .
                0x34000038                        __bss_end__ = _ebss

._user_heap_stack
                0x34000038      0xa00
                0x34000038                        . = ALIGN (0x8)
                [!provide]                        PROVIDE (end = .)
                0x34000038                        PROVIDE (_end = .)
                0x34000238                        . = (. + _Min_Heap_Size)
 *fill*         0x34000038      0x200 
                0x34000a38                        . = (. + _Min_Stack_Size)
 *fill*         0x34000238      0x800 
                0x34000a38                        . = ALIGN (0x8)

/DISCARD/
 libc.a(*)
 libm.a(*)
 libgcc.a(*)

.ARM.attributes
                0x00000000       0x3a
 *(.ARM.attributes)
 .ARM.attributes
                0x00000000       0x24 C:/ST/STM32CubeIDE_1.17.0/STM32CubeIDE/plugins/com.st.stm32cube.ide.mcu.externaltools.gnu-tools-for-stm32.12.3.rel1.win32_1.1.0.202410251130/tools/bin/../lib/gcc/arm-none-eabi/12.3.1/thumb/v8-m.main+dp/hard/crti.o
 .ARM.attributes
                0x00000024       0x36 C:/ST/STM32CubeIDE_1.17.0/STM32CubeIDE/plugins/com.st.stm32cube.ide.mcu.externaltools.gnu-tools-for-stm32.12.3.rel1.win32_1.1.0.202410251130/tools/bin/../lib/gcc/arm-none-eabi/12.3.1/thumb/v8-m.main+dp/hard/crtbegin.o
 .ARM.attributes
                0x0000005a       0x3e ./Application/User/Core/main.o
 .ARM.attributes
                0x00000098       0x3e ./Application/User/Core/stm32n6xx_hal_msp.o
 .ARM.attributes
                0x000000d6       0x3e ./Application/User/Core/stm32n6xx_it.o
 .ARM.attributes
                0x00000114       0x22 ./Application/User/Startup/startup_stm32n657x0hxq.o
 .ARM.attributes
                0x00000136       0x3e ./Drivers/CMSIS/system_stm32n6xx_s.o
 .ARM.attributes
                0x00000174       0x3e ./Drivers/STM32N6xx_HAL_Driver/stm32n6xx_hal.o
 .ARM.attributes
                0x000001b2       0x3e ./Drivers/STM32N6xx_HAL_Driver/stm32n6xx_hal_cortex.o
 .ARM.attributes
                0x000001f0       0x3e ./Drivers/STM32N6xx_HAL_Driver/stm32n6xx_hal_gpio.o
 .ARM.attributes
                0x0000022e       0x3e ./Drivers/STM32N6xx_HAL_Driver/stm32n6xx_hal_pwr_ex.o
 .ARM.attributes
                0x0000026c       0x36 C:/ST/STM32CubeIDE_1.17.0/STM32CubeIDE/plugins/com.st.stm32cube.ide.mcu.externaltools.gnu-tools-for-stm32.12.3.rel1.win32_1.1.0.202410251130/tools/bin/../lib/gcc/arm-none-eabi/12.3.1/../../../../arm-none-eabi/lib/thumb/v8-m.main+dp/hard\libc_nano.a(libc_a-init.o)
 .ARM.attributes
                0x000002a2       0x24 C:/ST/STM32CubeIDE_1.17.0/STM32CubeIDE/plugins/com.st.stm32cube.ide.mcu.externaltools.gnu-tools-for-stm32.12.3.rel1.win32_1.1.0.202410251130/tools/bin/../lib/gcc/arm-none-eabi/12.3.1/thumb/v8-m.main+dp/hard/crtn.o
OUTPUT(PSRAM_Appli.elf elf32-littlearm)
LOAD linker stubs
LOAD C:/ST/STM32CubeIDE_1.17.0/STM32CubeIDE/plugins/com.st.stm32cube.ide.mcu.externaltools.gnu-tools-for-stm32.12.3.rel1.win32_1.1.0.202410251130/tools/bin/../lib/gcc/arm-none-eabi/12.3.1/../../../../arm-none-eabi/lib/thumb/v8-m.main+dp/hard\libc.a
LOAD C:/ST/STM32CubeIDE_1.17.0/STM32CubeIDE/plugins/com.st.stm32cube.ide.mcu.externaltools.gnu-tools-for-stm32.12.3.rel1.win32_1.1.0.202410251130/tools/bin/../lib/gcc/arm-none-eabi/12.3.1/../../../../arm-none-eabi/lib/thumb/v8-m.main+dp/hard\libm.a
LOAD C:/ST/STM32CubeIDE_1.17.0/STM32CubeIDE/plugins/com.st.stm32cube.ide.mcu.externaltools.gnu-tools-for-stm32.12.3.rel1.win32_1.1.0.202410251130/tools/bin/../lib/gcc/arm-none-eabi/12.3.1/thumb/v8-m.main+dp/hard\libgcc.a

.debug_info     0x00000000     0x84d0
 .debug_info    0x00000000     0x12f8 ./Application/User/Core/main.o
 .debug_info    0x000012f8      0x103 ./Application/User/Core/secure_nsc.o
 .debug_info    0x000013fb       0xad ./Application/User/Core/stm32n6xx_hal_msp.o
 .debug_info    0x000014a8      0x138 ./Application/User/Core/stm32n6xx_it.o
 .debug_info    0x000015e0       0x30 ./Application/User/Startup/startup_stm32n657x0hxq.o
 .debug_info    0x00001610     0x1ab2 ./Drivers/CMSIS/system_stm32n6xx_s.o
 .debug_info    0x000030c2     0x2784 ./Drivers/STM32N6xx_HAL_Driver/stm32n6xx_hal.o
 .debug_info    0x00005846     0x1485 ./Drivers/STM32N6xx_HAL_Driver/stm32n6xx_hal_cortex.o
 .debug_info    0x00006ccb      0xafd ./Drivers/STM32N6xx_HAL_Driver/stm32n6xx_hal_gpio.o
 .debug_info    0x000077c8      0xd08 ./Drivers/STM32N6xx_HAL_Driver/stm32n6xx_hal_pwr_ex.o

.debug_abbrev   0x00000000      0xfe4
 .debug_abbrev  0x00000000      0x259 ./Application/User/Core/main.o
 .debug_abbrev  0x00000259       0x9f ./Application/User/Core/secure_nsc.o
 .debug_abbrev  0x000002f8       0x5a ./Application/User/Core/stm32n6xx_hal_msp.o
 .debug_abbrev  0x00000352       0x73 ./Application/User/Core/stm32n6xx_it.o
 .debug_abbrev  0x000003c5       0x24 ./Application/User/Startup/startup_stm32n657x0hxq.o
 .debug_abbrev  0x000003e9      0x177 ./Drivers/CMSIS/system_stm32n6xx_s.o
 .debug_abbrev  0x00000560      0x2bc ./Drivers/STM32N6xx_HAL_Driver/stm32n6xx_hal.o
 .debug_abbrev  0x0000081c      0x316 ./Drivers/STM32N6xx_HAL_Driver/stm32n6xx_hal_cortex.o
 .debug_abbrev  0x00000b32      0x24d ./Drivers/STM32N6xx_HAL_Driver/stm32n6xx_hal_gpio.o
 .debug_abbrev  0x00000d7f      0x265 ./Drivers/STM32N6xx_HAL_Driver/stm32n6xx_hal_pwr_ex.o

.debug_aranges  0x00000000      0x990
 .debug_aranges
                0x00000000       0x48 ./Application/User/Core/main.o
 .debug_aranges
                0x00000048       0x20 ./Application/User/Core/secure_nsc.o
 .debug_aranges
                0x00000068       0x20 ./Application/User/Core/stm32n6xx_hal_msp.o
 .debug_aranges
                0x00000088       0x68 ./Application/User/Core/stm32n6xx_it.o
 .debug_aranges
                0x000000f0       0x28 ./Application/User/Startup/startup_stm32n657x0hxq.o
 .debug_aranges
                0x00000118       0x38 ./Drivers/CMSIS/system_stm32n6xx_s.o
 .debug_aranges
                0x00000150      0x3c0 ./Drivers/STM32N6xx_HAL_Driver/stm32n6xx_hal.o
 .debug_aranges
                0x00000510      0x178 ./Drivers/STM32N6xx_HAL_Driver/stm32n6xx_hal_cortex.o
 .debug_aranges
                0x00000688       0xa8 ./Drivers/STM32N6xx_HAL_Driver/stm32n6xx_hal_gpio.o
 .debug_aranges
                0x00000730      0x260 ./Drivers/STM32N6xx_HAL_Driver/stm32n6xx_hal_pwr_ex.o

.debug_rnglists
                0x00000000      0x70c
 .debug_rnglists
                0x00000000       0x32 ./Application/User/Core/main.o
 .debug_rnglists
                0x00000032       0x13 ./Application/User/Core/secure_nsc.o
 .debug_rnglists
                0x00000045       0x13 ./Application/User/Core/stm32n6xx_hal_msp.o
 .debug_rnglists
                0x00000058       0x49 ./Application/User/Core/stm32n6xx_it.o
 .debug_rnglists
                0x000000a1       0x19 ./Application/User/Startup/startup_stm32n657x0hxq.o
 .debug_rnglists
                0x000000ba       0x26 ./Drivers/CMSIS/system_stm32n6xx_s.o
 .debug_rnglists
                0x000000e0      0x2ce ./Drivers/STM32N6xx_HAL_Driver/stm32n6xx_hal.o
 .debug_rnglists
                0x000003ae      0x115 ./Drivers/STM32N6xx_HAL_Driver/stm32n6xx_hal_cortex.o
 .debug_rnglists
                0x000004c3       0x80 ./Drivers/STM32N6xx_HAL_Driver/stm32n6xx_hal_gpio.o
 .debug_rnglists
                0x00000543      0x1c9 ./Drivers/STM32N6xx_HAL_Driver/stm32n6xx_hal_pwr_ex.o

.debug_macro    0x00000000    0x50991
 .debug_macro   0x00000000      0x287 ./Application/User/Core/main.o
 .debug_macro   0x00000287      0xb38 ./Application/User/Core/main.o
 .debug_macro   0x00000dbf       0x16 ./Application/User/Core/main.o
 .debug_macro   0x00000dd5      0x1bd ./Application/User/Core/main.o
 .debug_macro   0x00000f92      0x189 ./Application/User/Core/main.o
 .debug_macro   0x0000111b       0x63 ./Application/User/Core/main.o
 .debug_macro   0x0000117e       0x2e ./Application/User/Core/main.o
 .debug_macro   0x000011ac       0x6c ./Application/User/Core/main.o
 .debug_macro   0x00001218       0x22 ./Application/User/Core/main.o
 .debug_macro   0x0000123a       0x8e ./Application/User/Core/main.o
 .debug_macro   0x000012c8       0x51 ./Application/User/Core/main.o
 .debug_macro   0x00001319      0x103 ./Application/User/Core/main.o
 .debug_macro   0x0000141c       0x6a ./Application/User/Core/main.o
 .debug_macro   0x00001486      0x1df ./Application/User/Core/main.o
 .debug_macro   0x00001665       0x1c ./Application/User/Core/main.o
 .debug_macro   0x00001681       0x28 ./Application/User/Core/main.o
 .debug_macro   0x000016a9      0x110 ./Application/User/Core/main.o
 .debug_macro   0x000017b9     0x2dc3 ./Application/User/Core/main.o
 .debug_macro   0x0000457c       0x64 ./Application/User/Core/main.o
 .debug_macro   0x000045e0      0x346 ./Application/User/Core/main.o
 .debug_macro   0x00004926       0x97 ./Application/User/Core/main.o
 .debug_macro   0x000049bd       0x22 ./Application/User/Core/main.o
 .debug_macro   0x000049df    0x3e9b6 ./Application/User/Core/main.o
 .debug_macro   0x00043395       0x6c ./Application/User/Core/main.o
 .debug_macro   0x00043401     0x346a ./Application/User/Core/main.o
 .debug_macro   0x0004686b       0x61 ./Application/User/Core/main.o
 .debug_macro   0x000468cc       0x29 ./Application/User/Core/main.o
 .debug_macro   0x000468f5       0x43 ./Application/User/Core/main.o
 .debug_macro   0x00046938       0x34 ./Application/User/Core/main.o
 .debug_macro   0x0004696c       0x16 ./Application/User/Core/main.o
 .debug_macro   0x00046982       0x43 ./Application/User/Core/main.o
 .debug_macro   0x000469c5       0x34 ./Application/User/Core/main.o
 .debug_macro   0x000469f9       0x10 ./Application/User/Core/main.o
 .debug_macro   0x00046a09       0x58 ./Application/User/Core/main.o
 .debug_macro   0x00046a61       0x8e ./Application/User/Core/main.o
 .debug_macro   0x00046aef       0x1c ./Application/User/Core/main.o
 .debug_macro   0x00046b0b      0x177 ./Application/User/Core/main.o
 .debug_macro   0x00046c82      0x369 ./Application/User/Core/main.o
 .debug_macro   0x00046feb      0x19b ./Application/User/Core/main.o
 .debug_macro   0x00047186       0x72 ./Application/User/Core/main.o
 .debug_macro   0x000471f8      0x47a ./Application/User/Core/main.o
 .debug_macro   0x00047672     0x10f7 ./Application/User/Core/main.o
 .debug_macro   0x00048769     0x27e2 ./Application/User/Core/main.o
 .debug_macro   0x0004af4b      0xfcd ./Application/User/Core/main.o
 .debug_macro   0x0004bf18      0x1af ./Application/User/Core/main.o
 .debug_macro   0x0004c0c7      0x2c9 ./Application/User/Core/main.o
 .debug_macro   0x0004c390      0x2bd ./Application/User/Core/main.o
 .debug_macro   0x0004c64d      0x773 ./Application/User/Core/main.o
 .debug_macro   0x0004cdc0      0xa36 ./Application/User/Core/main.o
 .debug_macro   0x0004d7f6      0x7b2 ./Application/User/Core/main.o
 .debug_macro   0x0004dfa8       0xeb ./Application/User/Core/main.o
 .debug_macro   0x0004e093      0x1ff ./Application/User/Core/main.o
 .debug_macro   0x0004e292      0x36b ./Application/User/Core/main.o
 .debug_macro   0x0004e5fd      0x303 ./Application/User/Core/main.o
 .debug_macro   0x0004e900      0x46a ./Application/User/Core/main.o
 .debug_macro   0x0004ed6a      0x5e6 ./Application/User/Core/main.o
 .debug_macro   0x0004f350       0x10 ./Application/User/Core/main.o
 .debug_macro   0x0004f360      0x291 ./Application/User/Core/secure_nsc.o
 .debug_macro   0x0004f5f1      0x287 ./Application/User/Core/stm32n6xx_hal_msp.o
 .debug_macro   0x0004f878      0x291 ./Application/User/Core/stm32n6xx_it.o
 .debug_macro   0x0004fb09      0x29f ./Drivers/CMSIS/system_stm32n6xx_s.o
 .debug_macro   0x0004fda8      0x1a9 ./Drivers/CMSIS/system_stm32n6xx_s.o
 .debug_macro   0x0004ff51      0x27f ./Drivers/STM32N6xx_HAL_Driver/stm32n6xx_hal.o
 .debug_macro   0x000501d0      0x27a ./Drivers/STM32N6xx_HAL_Driver/stm32n6xx_hal_cortex.o
 .debug_macro   0x0005044a      0x280 ./Drivers/STM32N6xx_HAL_Driver/stm32n6xx_hal_gpio.o
 .debug_macro   0x000506ca      0x2c7 ./Drivers/STM32N6xx_HAL_Driver/stm32n6xx_hal_pwr_ex.o

.debug_line     0x00000000     0x7a4b
 .debug_line    0x00000000      0x998 ./Application/User/Core/main.o
 .debug_line    0x00000998      0x8f0 ./Application/User/Core/secure_nsc.o
 .debug_line    0x00001288      0x8bd ./Application/User/Core/stm32n6xx_hal_msp.o
 .debug_line    0x00001b45      0x999 ./Application/User/Core/stm32n6xx_it.o
 .debug_line    0x000024de       0x7e ./Application/User/Startup/startup_stm32n657x0hxq.o
 .debug_line    0x0000255c      0xb3c ./Drivers/CMSIS/system_stm32n6xx_s.o
 .debug_line    0x00003098     0x1613 ./Drivers/STM32N6xx_HAL_Driver/stm32n6xx_hal.o
 .debug_line    0x000046ab     0x1000 ./Drivers/STM32N6xx_HAL_Driver/stm32n6xx_hal_cortex.o
 .debug_line    0x000056ab     0x1093 ./Drivers/STM32N6xx_HAL_Driver/stm32n6xx_hal_gpio.o
 .debug_line    0x0000673e     0x130d ./Drivers/STM32N6xx_HAL_Driver/stm32n6xx_hal_pwr_ex.o

.debug_str      0x00000000   0x202f81
 .debug_str     0x00000000   0x1ff5ea ./Application/User/Core/main.o
                             0x1ff911 (size before relaxing)
 .debug_str     0x001ff5ea       0xfb ./Application/User/Core/secure_nsc.o
                             0x1fecf6 (size before relaxing)
 .debug_str     0x001ff6e5       0x88 ./Application/User/Core/stm32n6xx_hal_msp.o
                             0x1fec9a (size before relaxing)
 .debug_str     0x001ff76d      0x122 ./Application/User/Core/stm32n6xx_it.o
                             0x1fed1d (size before relaxing)
 .debug_str     0x001ff88f       0x51 ./Application/User/Startup/startup_stm32n657x0hxq.o
                                 0xac (size before relaxing)
 .debug_str     0x001ff8e0      0xa59 ./Drivers/CMSIS/system_stm32n6xx_s.o
                             0x2000bc (size before relaxing)
 .debug_str     0x00200339     0x1983 ./Drivers/STM32N6xx_HAL_Driver/stm32n6xx_hal.o
                             0x20130e (size before relaxing)
 .debug_str     0x00201cbc      0x4bf ./Drivers/STM32N6xx_HAL_Driver/stm32n6xx_hal_cortex.o
                             0x1ffe2b (size before relaxing)
 .debug_str     0x0020217b      0x30f ./Drivers/STM32N6xx_HAL_Driver/stm32n6xx_hal_gpio.o
                             0x1ff097 (size before relaxing)
 .debug_str     0x0020248a      0xaf7 ./Drivers/STM32N6xx_HAL_Driver/stm32n6xx_hal_pwr_ex.o
                             0x1ff8d1 (size before relaxing)

.comment        0x00000000       0x43
 .comment       0x00000000       0x43 ./Application/User/Core/main.o
                                 0x44 (size before relaxing)
 .comment       0x00000043       0x44 ./Application/User/Core/stm32n6xx_hal_msp.o
 .comment       0x00000043       0x44 ./Application/User/Core/stm32n6xx_it.o
 .comment       0x00000043       0x44 ./Drivers/CMSIS/system_stm32n6xx_s.o
 .comment       0x00000043       0x44 ./Drivers/STM32N6xx_HAL_Driver/stm32n6xx_hal.o
 .comment       0x00000043       0x44 ./Drivers/STM32N6xx_HAL_Driver/stm32n6xx_hal_cortex.o
 .comment       0x00000043       0x44 ./Drivers/STM32N6xx_HAL_Driver/stm32n6xx_hal_gpio.o
 .comment       0x00000043       0x44 ./Drivers/STM32N6xx_HAL_Driver/stm32n6xx_hal_pwr_ex.o

.debug_frame    0x00000000     0x2610
 .debug_frame   0x00000000       0xd4 ./Application/User/Core/main.o
 .debug_frame   0x000000d4       0x3c ./Application/User/Core/secure_nsc.o
 .debug_frame   0x00000110       0x2c ./Application/User/Core/stm32n6xx_hal_msp.o
 .debug_frame   0x0000013c      0x11c ./Application/User/Core/stm32n6xx_it.o
 .debug_frame   0x00000258       0xa0 ./Drivers/CMSIS/system_stm32n6xx_s.o
 .debug_frame   0x000002f8     0x102c ./Drivers/STM32N6xx_HAL_Driver/stm32n6xx_hal.o
 .debug_frame   0x00001324      0x658 ./Drivers/STM32N6xx_HAL_Driver/stm32n6xx_hal_cortex.o
 .debug_frame   0x0000197c      0x2dc ./Drivers/STM32N6xx_HAL_Driver/stm32n6xx_hal_gpio.o
 .debug_frame   0x00001c58      0x98c ./Drivers/STM32N6xx_HAL_Driver/stm32n6xx_hal_pwr_ex.o
 .debug_frame   0x000025e4       0x2c C:/ST/STM32CubeIDE_1.17.0/STM32CubeIDE/plugins/com.st.stm32cube.ide.mcu.externaltools.gnu-tools-for-stm32.12.3.rel1.win32_1.1.0.202410251130/tools/bin/../lib/gcc/arm-none-eabi/12.3.1/../../../../arm-none-eabi/lib/thumb/v8-m.main+dp/hard\libc_nano.a(libc_a-init.o)

.debug_line_str
                0x00000000       0x90
 .debug_line_str
                0x00000000       0x90 ./Application/User/Startup/startup_stm32n657x0hxq.o
